Java HotSpot(TM) 64-Bit Server VM (25.121-b13) for bsd-amd64 JRE (1.8.0_121-b13), built on Dec 12 2016 20:39:32 by "java_re" with gcc 4.2.1 (Based on Apple Inc. build 5658) (LLVM build 2336.11.00)
Memory: 4k page, physical 8388608k(1127988k free)

/proc/meminfo:

CommandLine flags: -XX:InitialHeapSize=1073741824 -XX:MaxHeapSize=1073741824 -XX:+PrintGC -XX:+PrintGCDetails -XX:+PrintGCTimeStamps -XX:+UseCompressedClassPointers -XX:+UseCompressedOops -XX:+UseG1GC 
0.159: [GC pause (G1 Evacuation Pause) (young), 0.0085490 secs]
   [Parallel Time: 8.1 ms, GC Workers: 4]
      [GC Worker Start (ms): Min: 158.9, Avg: 158.9, Max: 159.0, Diff: 0.1]
      [Ext Root Scanning (ms): Min: 0.2, Avg: 0.4, Max: 0.7, Diff: 0.5, Sum: 1.5]
      [Update RS (ms): Min: 0.0, Avg: 0.0, Max: 0.0, Diff: 0.0, Sum: 0.0]
         [Processed Buffers: Min: 0, Avg: 0.0, Max: 0, Diff: 0, Sum: 0]
      [Scan RS (ms): Min: 0.0, Avg: 0.0, Max: 0.0, Diff: 0.0, Sum: 0.0]
      [Code Root Scanning (ms): Min: 0.0, Avg: 0.0, Max: 0.0, Diff: 0.0, Sum: 0.0]
      [Object Copy (ms): Min: 6.4, Avg: 7.1, Max: 7.5, Diff: 1.2, Sum: 28.2]
      [Termination (ms): Min: 0.0, Avg: 0.5, Max: 0.9, Diff: 0.9, Sum: 2.0]
         [Termination Attempts: Min: 1, Avg: 1.0, Max: 1, Diff: 0, Sum: 4]
      [GC Worker Other (ms): Min: 0.0, Avg: 0.0, Max: 0.0, Diff: 0.0, Sum: 0.1]
      [GC Worker Total (ms): Min: 7.9, Avg: 7.9, Max: 8.0, Diff: 0.0, Sum: 31.8]
      [GC Worker End (ms): Min: 166.8, Avg: 166.9, Max: 166.9, Diff: 0.1]
   [Code Root Fixup: 0.0 ms]
   [Code Root Purge: 0.0 ms]
   [Clear CT: 0.1 ms]
   [Other: 0.4 ms]
      [Choose CSet: 0.0 ms]
      [Ref Proc: 0.1 ms]
      [Ref Enq: 0.0 ms]
      [Redirty Cards: 0.1 ms]
      [Humongous Register: 0.0 ms]
      [Humongous Reclaim: 0.0 ms]
      [Free CSet: 0.0 ms]
   [Eden: 51.0M(51.0M)->0.0B(44.0M) Survivors: 0.0B->7168.0K Heap: 63.9M(1024.0M)->23.3M(1024.0M)]
 [Times: user=0.02 sys=0.01, real=0.01 secs] 
0.184: [GC pause (G1 Evacuation Pause) (young), 0.0079491 secs]
   [Parallel Time: 6.9 ms, GC Workers: 4]
      [GC Worker Start (ms): Min: 183.7, Avg: 183.8, Max: 183.8, Diff: 0.1]
      [Ext Root Scanning (ms): Min: 0.1, Avg: 0.2, Max: 0.3, Diff: 0.1, Sum: 0.8]
      [Update RS (ms): Min: 0.2, Avg: 0.2, Max: 0.3, Diff: 0.1, Sum: 0.8]
         [Processed Buffers: Min: 2, Avg: 3.8, Max: 7, Diff: 5, Sum: 15]
      [Scan RS (ms): Min: 0.0, Avg: 0.0, Max: 0.0, Diff: 0.0, Sum: 0.0]
      [Code Root Scanning (ms): Min: 0.0, Avg: 0.0, Max: 0.0, Diff: 0.0, Sum: 0.0]
      [Object Copy (ms): Min: 5.5, Avg: 6.0, Max: 6.4, Diff: 0.8, Sum: 23.9]
      [Termination (ms): Min: 0.0, Avg: 0.5, Max: 0.9, Diff: 0.9, Sum: 1.8]
         [Termination Attempts: Min: 1, Avg: 1.0, Max: 1, Diff: 0, Sum: 4]
      [GC Worker Other (ms): Min: 0.0, Avg: 0.0, Max: 0.0, Diff: 0.0, Sum: 0.0]
      [GC Worker Total (ms): Min: 6.8, Avg: 6.9, Max: 6.9, Diff: 0.0, Sum: 27.4]
      [GC Worker End (ms): Min: 190.6, Avg: 190.6, Max: 190.7, Diff: 0.0]
   [Code Root Fixup: 0.0 ms]
   [Code Root Purge: 0.0 ms]
   [Clear CT: 0.0 ms]
   [Other: 1.0 ms]
      [Choose CSet: 0.0 ms]
      [Ref Proc: 0.7 ms]
      [Ref Enq: 0.0 ms]
      [Redirty Cards: 0.1 ms]
      [Humongous Register: 0.0 ms]
      [Humongous Reclaim: 0.0 ms]
      [Free CSet: 0.0 ms]
   [Eden: 44.0M(44.0M)->0.0B(44.0M) Survivors: 7168.0K->7168.0K Heap: 78.2M(1024.0M)->44.4M(1024.0M)]
 [Times: user=0.02 sys=0.02, real=0.00 secs] 
0.207: [GC pause (G1 Evacuation Pause) (young), 0.0077558 secs]
   [Parallel Time: 7.3 ms, GC Workers: 4]
      [GC Worker Start (ms): Min: 207.3, Avg: 207.4, Max: 207.4, Diff: 0.0]
      [Ext Root Scanning (ms): Min: 0.1, Avg: 0.2, Max: 0.2, Diff: 0.0, Sum: 0.6]
      [Update RS (ms): Min: 0.7, Avg: 0.7, Max: 0.7, Diff: 0.0, Sum: 2.7]
         [Processed Buffers: Min: 5, Avg: 8.0, Max: 10, Diff: 5, Sum: 32]
      [Scan RS (ms): Min: 0.0, Avg: 0.0, Max: 0.0, Diff: 0.0, Sum: 0.0]
      [Code Root Scanning (ms): Min: 0.0, Avg: 0.0, Max: 0.0, Diff: 0.0, Sum: 0.0]
      [Object Copy (ms): Min: 6.3, Avg: 6.3, Max: 6.4, Diff: 0.1, Sum: 25.3]
      [Termination (ms): Min: 0.0, Avg: 0.1, Max: 0.1, Diff: 0.1, Sum: 0.2]
         [Termination Attempts: Min: 1, Avg: 1.0, Max: 1, Diff: 0, Sum: 4]
      [GC Worker Other (ms): Min: 0.0, Avg: 0.0, Max: 0.0, Diff: 0.0, Sum: 0.0]
      [GC Worker Total (ms): Min: 7.2, Avg: 7.3, Max: 7.3, Diff: 0.1, Sum: 29.0]
      [GC Worker End (ms): Min: 214.6, Avg: 214.6, Max: 214.6, Diff: 0.0]
   [Code Root Fixup: 0.0 ms]
   [Code Root Purge: 0.0 ms]
   [Clear CT: 0.1 ms]
   [Other: 0.4 ms]
      [Choose CSet: 0.0 ms]
      [Ref Proc: 0.1 ms]
      [Ref Enq: 0.0 ms]
      [Redirty Cards: 0.0 ms]
      [Humongous Register: 0.0 ms]
      [Humongous Reclaim: 0.0 ms]
      [Free CSet: 0.0 ms]
   [Eden: 44.0M(44.0M)->0.0B(44.0M) Survivors: 7168.0K->7168.0K Heap: 99.5M(1024.0M)->68.2M(1024.0M)]
 [Times: user=0.01 sys=0.01, real=0.01 secs] 
0.227: [GC pause (G1 Evacuation Pause) (young), 0.0065589 secs]
   [Parallel Time: 6.1 ms, GC Workers: 4]
      [GC Worker Start (ms): Min: 227.2, Avg: 227.2, Max: 227.2, Diff: 0.1]
      [Ext Root Scanning (ms): Min: 0.1, Avg: 0.1, Max: 0.2, Diff: 0.0, Sum: 0.6]
      [Update RS (ms): Min: 0.1, Avg: 0.2, Max: 0.2, Diff: 0.0, Sum: 0.6]
         [Processed Buffers: Min: 2, Avg: 2.2, Max: 3, Diff: 1, Sum: 9]
      [Scan RS (ms): Min: 0.0, Avg: 0.0, Max: 0.0, Diff: 0.0, Sum: 0.1]
      [Code Root Scanning (ms): Min: 0.0, Avg: 0.0, Max: 0.0, Diff: 0.0, Sum: 0.0]
      [Object Copy (ms): Min: 5.3, Avg: 5.5, Max: 5.6, Diff: 0.3, Sum: 21.8]
      [Termination (ms): Min: 0.0, Avg: 0.2, Max: 0.4, Diff: 0.4, Sum: 0.7]
         [Termination Attempts: Min: 1, Avg: 1.0, Max: 1, Diff: 0, Sum: 4]
      [GC Worker Other (ms): Min: 0.0, Avg: 0.0, Max: 0.0, Diff: 0.0, Sum: 0.1]
      [GC Worker Total (ms): Min: 5.9, Avg: 5.9, Max: 6.1, Diff: 0.2, Sum: 23.8]
      [GC Worker End (ms): Min: 233.1, Avg: 233.2, Max: 233.3, Diff: 0.2]
   [Code Root Fixup: 0.0 ms]
   [Code Root Purge: 0.0 ms]
   [Clear CT: 0.1 ms]
   [Other: 0.4 ms]
      [Choose CSet: 0.0 ms]
      [Ref Proc: 0.1 ms]
      [Ref Enq: 0.0 ms]
      [Redirty Cards: 0.0 ms]
      [Humongous Register: 0.0 ms]
      [Humongous Reclaim: 0.0 ms]
      [Free CSet: 0.0 ms]
   [Eden: 44.0M(44.0M)->0.0B(54.0M) Survivors: 7168.0K->7168.0K Heap: 121.4M(1024.0M)->85.6M(1024.0M)]
 [Times: user=0.01 sys=0.01, real=0.01 secs] 
0.252: [GC pause (G1 Evacuation Pause) (young), 0.0079013 secs]
   [Parallel Time: 7.4 ms, GC Workers: 4]
      [GC Worker Start (ms): Min: 252.0, Avg: 252.1, Max: 252.1, Diff: 0.1]
      [Ext Root Scanning (ms): Min: 0.1, Avg: 0.1, Max: 0.2, Diff: 0.1, Sum: 0.6]
      [Update RS (ms): Min: 0.2, Avg: 0.2, Max: 0.2, Diff: 0.0, Sum: 0.7]
         [Processed Buffers: Min: 1, Avg: 2.5, Max: 4, Diff: 3, Sum: 10]
      [Scan RS (ms): Min: 0.0, Avg: 0.0, Max: 0.0, Diff: 0.0, Sum: 0.1]
      [Code Root Scanning (ms): Min: 0.0, Avg: 0.0, Max: 0.0, Diff: 0.0, Sum: 0.0]
      [Object Copy (ms): Min: 6.9, Avg: 6.9, Max: 7.0, Diff: 0.1, Sum: 27.8]
      [Termination (ms): Min: 0.0, Avg: 0.0, Max: 0.1, Diff: 0.1, Sum: 0.1]
         [Termination Attempts: Min: 1, Avg: 1.0, Max: 1, Diff: 0, Sum: 4]
      [GC Worker Other (ms): Min: 0.0, Avg: 0.0, Max: 0.0, Diff: 0.0, Sum: 0.0]
      [GC Worker Total (ms): Min: 7.3, Avg: 7.3, Max: 7.4, Diff: 0.1, Sum: 29.3]
      [GC Worker End (ms): Min: 259.4, Avg: 259.4, Max: 259.4, Diff: 0.0]
   [Code Root Fixup: 0.0 ms]
   [Code Root Purge: 0.0 ms]
   [Clear CT: 0.1 ms]
   [Other: 0.4 ms]
      [Choose CSet: 0.0 ms]
      [Ref Proc: 0.1 ms]
      [Ref Enq: 0.0 ms]
      [Redirty Cards: 0.0 ms]
      [Humongous Register: 0.1 ms]
      [Humongous Reclaim: 0.1 ms]
      [Free CSet: 0.0 ms]
   [Eden: 54.0M(54.0M)->0.0B(81.0M) Survivors: 7168.0K->8192.0K Heap: 154.8M(1024.0M)->110.2M(1024.0M)]
 [Times: user=0.01 sys=0.02, real=0.01 secs] 
0.293: [GC pause (G1 Evacuation Pause) (young), 0.0116292 secs]
   [Parallel Time: 11.2 ms, GC Workers: 4]
      [GC Worker Start (ms): Min: 293.0, Avg: 293.0, Max: 293.0, Diff: 0.0]
      [Ext Root Scanning (ms): Min: 0.1, Avg: 0.1, Max: 0.2, Diff: 0.0, Sum: 0.6]
      [Update RS (ms): Min: 0.3, Avg: 0.3, Max: 0.3, Diff: 0.0, Sum: 1.2]
         [Processed Buffers: Min: 2, Avg: 3.8, Max: 5, Diff: 3, Sum: 15]
      [Scan RS (ms): Min: 0.0, Avg: 0.0, Max: 0.0, Diff: 0.0, Sum: 0.0]
      [Code Root Scanning (ms): Min: 0.0, Avg: 0.0, Max: 0.0, Diff: 0.0, Sum: 0.0]
      [Object Copy (ms): Min: 10.4, Avg: 10.5, Max: 10.6, Diff: 0.2, Sum: 42.1]
      [Termination (ms): Min: 0.0, Avg: 0.1, Max: 0.2, Diff: 0.2, Sum: 0.4]
         [Termination Attempts: Min: 1, Avg: 1.0, Max: 1, Diff: 0, Sum: 4]
      [GC Worker Other (ms): Min: 0.0, Avg: 0.0, Max: 0.0, Diff: 0.0, Sum: 0.0]
      [GC Worker Total (ms): Min: 11.1, Avg: 11.1, Max: 11.1, Diff: 0.1, Sum: 44.3]
      [GC Worker End (ms): Min: 304.1, Avg: 304.1, Max: 304.1, Diff: 0.0]
   [Code Root Fixup: 0.0 ms]
   [Code Root Purge: 0.0 ms]
   [Clear CT: 0.0 ms]
   [Other: 0.4 ms]
      [Choose CSet: 0.0 ms]
      [Ref Proc: 0.1 ms]
      [Ref Enq: 0.0 ms]
      [Redirty Cards: 0.0 ms]
      [Humongous Register: 0.0 ms]
      [Humongous Reclaim: 0.1 ms]
      [Free CSet: 0.0 ms]
   [Eden: 81.0M(81.0M)->0.0B(81.0M) Survivors: 8192.0K->12.0M Heap: 213.7M(1024.0M)->146.3M(1024.0M)]
 [Times: user=0.02 sys=0.02, real=0.02 secs] 
0.330: [GC pause (G1 Evacuation Pause) (young), 0.0124832 secs]
   [Parallel Time: 11.9 ms, GC Workers: 4]
      [GC Worker Start (ms): Min: 330.1, Avg: 330.1, Max: 330.1, Diff: 0.0]
      [Ext Root Scanning (ms): Min: 0.1, Avg: 0.1, Max: 0.2, Diff: 0.0, Sum: 0.5]
      [Update RS (ms): Min: 0.3, Avg: 0.3, Max: 0.3, Diff: 0.0, Sum: 1.2]
         [Processed Buffers: Min: 0, Avg: 2.8, Max: 5, Diff: 5, Sum: 11]
      [Scan RS (ms): Min: 0.0, Avg: 0.0, Max: 0.0, Diff: 0.0, Sum: 0.0]
      [Code Root Scanning (ms): Min: 0.0, Avg: 0.0, Max: 0.0, Diff: 0.0, Sum: 0.0]
      [Object Copy (ms): Min: 11.3, Avg: 11.3, Max: 11.4, Diff: 0.1, Sum: 45.3]
      [Termination (ms): Min: 0.0, Avg: 0.1, Max: 0.1, Diff: 0.1, Sum: 0.2]
         [Termination Attempts: Min: 1, Avg: 1.0, Max: 1, Diff: 0, Sum: 4]
      [GC Worker Other (ms): Min: 0.0, Avg: 0.0, Max: 0.0, Diff: 0.0, Sum: 0.1]
      [GC Worker Total (ms): Min: 11.8, Avg: 11.9, Max: 11.9, Diff: 0.0, Sum: 47.4]
      [GC Worker End (ms): Min: 341.9, Avg: 341.9, Max: 341.9, Diff: 0.0]
   [Code Root Fixup: 0.0 ms]
   [Code Root Purge: 0.0 ms]
   [Clear CT: 0.1 ms]
   [Other: 0.5 ms]
      [Choose CSet: 0.0 ms]
      [Ref Proc: 0.1 ms]
      [Ref Enq: 0.0 ms]
      [Redirty Cards: 0.1 ms]
      [Humongous Register: 0.1 ms]
      [Humongous Reclaim: 0.1 ms]
      [Free CSet: 0.0 ms]
   [Eden: 81.0M(81.0M)->0.0B(97.0M) Survivors: 12.0M->12.0M Heap: 255.9M(1024.0M)->182.7M(1024.0M)]
 [Times: user=0.02 sys=0.02, real=0.01 secs] 
0.369: [GC pause (G1 Evacuation Pause) (young), 0.0131592 secs]
   [Parallel Time: 12.7 ms, GC Workers: 4]
      [GC Worker Start (ms): Min: 368.7, Avg: 368.7, Max: 368.7, Diff: 0.0]
      [Ext Root Scanning (ms): Min: 0.1, Avg: 0.1, Max: 0.2, Diff: 0.0, Sum: 0.6]
      [Update RS (ms): Min: 0.3, Avg: 0.4, Max: 0.4, Diff: 0.1, Sum: 1.5]
         [Processed Buffers: Min: 3, Avg: 4.0, Max: 5, Diff: 2, Sum: 16]
      [Scan RS (ms): Min: 0.0, Avg: 0.0, Max: 0.0, Diff: 0.0, Sum: 0.1]
      [Code Root Scanning (ms): Min: 0.0, Avg: 0.0, Max: 0.0, Diff: 0.0, Sum: 0.0]
      [Object Copy (ms): Min: 11.7, Avg: 11.8, Max: 11.9, Diff: 0.2, Sum: 47.2]
      [Termination (ms): Min: 0.0, Avg: 0.2, Max: 0.4, Diff: 0.4, Sum: 0.8]
         [Termination Attempts: Min: 1, Avg: 1.0, Max: 1, Diff: 0, Sum: 4]
      [GC Worker Other (ms): Min: 0.0, Avg: 0.0, Max: 0.0, Diff: 0.0, Sum: 0.0]
      [GC Worker Total (ms): Min: 12.5, Avg: 12.5, Max: 12.7, Diff: 0.2, Sum: 50.1]
      [GC Worker End (ms): Min: 381.1, Avg: 381.2, Max: 381.4, Diff: 0.2]
   [Code Root Fixup: 0.0 ms]
   [Code Root Purge: 0.0 ms]
   [Clear CT: 0.0 ms]
   [Other: 0.4 ms]
      [Choose CSet: 0.0 ms]
      [Ref Proc: 0.1 ms]
      [Ref Enq: 0.0 ms]
      [Redirty Cards: 0.1 ms]
      [Humongous Register: 0.1 ms]
      [Humongous Reclaim: 0.1 ms]
      [Free CSet: 0.0 ms]
   [Eden: 97.0M(97.0M)->0.0B(171.0M) Survivors: 12.0M->14.0M Heap: 305.4M(1024.0M)->220.2M(1024.0M)]
 [Times: user=0.02 sys=0.03, real=0.01 secs] 
0.466: [GC pause (G1 Evacuation Pause) (young), 0.0206024 secs]
   [Parallel Time: 19.7 ms, GC Workers: 4]
      [GC Worker Start (ms): Min: 466.2, Avg: 466.4, Max: 466.7, Diff: 0.4]
      [Ext Root Scanning (ms): Min: 0.0, Avg: 0.2, Max: 0.4, Diff: 0.4, Sum: 0.8]
      [Update RS (ms): Min: 0.3, Avg: 0.3, Max: 0.4, Diff: 0.2, Sum: 1.4]
         [Processed Buffers: Min: 0, Avg: 3.2, Max: 5, Diff: 5, Sum: 13]
      [Scan RS (ms): Min: 0.0, Avg: 0.0, Max: 0.1, Diff: 0.0, Sum: 0.1]
      [Code Root Scanning (ms): Min: 0.0, Avg: 0.0, Max: 0.0, Diff: 0.0, Sum: 0.0]
      [Object Copy (ms): Min: 18.7, Avg: 18.8, Max: 18.9, Diff: 0.1, Sum: 75.2]
      [Termination (ms): Min: 0.0, Avg: 0.1, Max: 0.1, Diff: 0.1, Sum: 0.3]
         [Termination Attempts: Min: 1, Avg: 1.0, Max: 1, Diff: 0, Sum: 4]
      [GC Worker Other (ms): Min: 0.0, Avg: 0.0, Max: 0.0, Diff: 0.0, Sum: 0.1]
      [GC Worker Total (ms): Min: 19.3, Avg: 19.5, Max: 19.7, Diff: 0.4, Sum: 77.9]
      [GC Worker End (ms): Min: 485.9, Avg: 485.9, Max: 485.9, Diff: 0.0]
   [Code Root Fixup: 0.0 ms]
   [Code Root Purge: 0.0 ms]
   [Clear CT: 0.1 ms]
   [Other: 0.8 ms]
      [Choose CSet: 0.0 ms]
      [Ref Proc: 0.1 ms]
      [Ref Enq: 0.0 ms]
      [Redirty Cards: 0.0 ms]
      [Humongous Register: 0.3 ms]
      [Humongous Reclaim: 0.1 ms]
      [Free CSet: 0.0 ms]
   [Eden: 171.0M(171.0M)->0.0B(137.0M) Survivors: 14.0M->24.0M Heap: 440.1M(1024.0M)->272.8M(1024.0M)]
 [Times: user=0.03 sys=0.05, real=0.02 secs] 
0.519: [GC pause (G1 Evacuation Pause) (young), 0.0177774 secs]
   [Parallel Time: 16.4 ms, GC Workers: 4]
      [GC Worker Start (ms): Min: 519.6, Avg: 519.6, Max: 519.7, Diff: 0.1]
      [Ext Root Scanning (ms): Min: 0.1, Avg: 0.1, Max: 0.2, Diff: 0.1, Sum: 0.6]
      [Update RS (ms): Min: 0.3, Avg: 0.3, Max: 0.4, Diff: 0.0, Sum: 1.3]
         [Processed Buffers: Min: 1, Avg: 4.0, Max: 6, Diff: 5, Sum: 16]
      [Scan RS (ms): Min: 0.0, Avg: 0.0, Max: 0.0, Diff: 0.0, Sum: 0.1]
      [Code Root Scanning (ms): Min: 0.0, Avg: 0.0, Max: 0.0, Diff: 0.0, Sum: 0.0]
      [Object Copy (ms): Min: 14.9, Avg: 15.2, Max: 15.6, Diff: 0.7, Sum: 60.9]
      [Termination (ms): Min: 0.0, Avg: 0.5, Max: 0.9, Diff: 0.9, Sum: 2.0]
         [Termination Attempts: Min: 1, Avg: 1.2, Max: 2, Diff: 1, Sum: 5]
      [GC Worker Other (ms): Min: 0.0, Avg: 0.0, Max: 0.0, Diff: 0.0, Sum: 0.0]
      [GC Worker Total (ms): Min: 16.1, Avg: 16.2, Max: 16.4, Diff: 0.3, Sum: 65.0]
      [GC Worker End (ms): Min: 535.8, Avg: 535.9, Max: 536.0, Diff: 0.2]
   [Code Root Fixup: 0.0 ms]
   [Code Root Purge: 0.0 ms]
   [Clear CT: 0.1 ms]
   [Other: 1.3 ms]
      [Choose CSet: 0.0 ms]
      [Ref Proc: 0.8 ms]
      [Ref Enq: 0.0 ms]
      [Redirty Cards: 0.0 ms]
      [Humongous Register: 0.1 ms]
      [Humongous Reclaim: 0.2 ms]
      [Free CSet: 0.1 ms]
   [Eden: 137.0M(137.0M)->0.0B(187.0M) Survivors: 24.0M->21.0M Heap: 448.3M(1024.0M)->326.3M(1024.0M)]
 [Times: user=0.03 sys=0.03, real=0.02 secs] 
0.598: [GC pause (G1 Evacuation Pause) (young), 0.0229389 secs]
   [Parallel Time: 22.2 ms, GC Workers: 4]
      [GC Worker Start (ms): Min: 597.8, Avg: 597.8, Max: 597.8, Diff: 0.0]
      [Ext Root Scanning (ms): Min: 0.1, Avg: 0.1, Max: 0.2, Diff: 0.0, Sum: 0.6]
      [Update RS (ms): Min: 0.4, Avg: 0.4, Max: 0.4, Diff: 0.1, Sum: 1.7]
         [Processed Buffers: Min: 2, Avg: 5.0, Max: 6, Diff: 4, Sum: 20]
      [Scan RS (ms): Min: 0.0, Avg: 0.0, Max: 0.0, Diff: 0.0, Sum: 0.1]
      [Code Root Scanning (ms): Min: 0.0, Avg: 0.0, Max: 0.0, Diff: 0.0, Sum: 0.0]
      [Object Copy (ms): Min: 21.4, Avg: 21.4, Max: 21.5, Diff: 0.1, Sum: 85.6]
      [Termination (ms): Min: 0.0, Avg: 0.1, Max: 0.1, Diff: 0.1, Sum: 0.3]
         [Termination Attempts: Min: 1, Avg: 1.0, Max: 1, Diff: 0, Sum: 4]
      [GC Worker Other (ms): Min: 0.0, Avg: 0.0, Max: 0.0, Diff: 0.0, Sum: 0.0]
      [GC Worker Total (ms): Min: 22.1, Avg: 22.1, Max: 22.1, Diff: 0.0, Sum: 88.3]
      [GC Worker End (ms): Min: 619.8, Avg: 619.8, Max: 619.9, Diff: 0.0]
   [Code Root Fixup: 0.0 ms]
   [Code Root Purge: 0.0 ms]
   [Clear CT: 0.1 ms]
   [Other: 0.6 ms]
      [Choose CSet: 0.0 ms]
      [Ref Proc: 0.1 ms]
      [Ref Enq: 0.0 ms]
      [Redirty Cards: 0.0 ms]
      [Humongous Register: 0.1 ms]
      [Humongous Reclaim: 0.2 ms]
      [Free CSet: 0.1 ms]
   [Eden: 187.0M(187.0M)->0.0B(206.0M) Survivors: 21.0M->26.0M Heap: 567.4M(1024.0M)->382.0M(1024.0M)]
 [Times: user=0.03 sys=0.05, real=0.02 secs] 
0.648: [GC pause (G1 Humongous Allocation) (young) (initial-mark), 0.0107374 secs]
   [Parallel Time: 10.2 ms, GC Workers: 4]
      [GC Worker Start (ms): Min: 648.4, Avg: 648.5, Max: 648.5, Diff: 0.1]
      [Ext Root Scanning (ms): Min: 0.1, Avg: 0.2, Max: 0.2, Diff: 0.1, Sum: 0.6]
      [Update RS (ms): Min: 0.4, Avg: 0.4, Max: 0.4, Diff: 0.0, Sum: 1.6]
         [Processed Buffers: Min: 3, Avg: 4.8, Max: 6, Diff: 3, Sum: 19]
      [Scan RS (ms): Min: 0.0, Avg: 0.0, Max: 0.0, Diff: 0.0, Sum: 0.1]
      [Code Root Scanning (ms): Min: 0.0, Avg: 0.0, Max: 0.0, Diff: 0.0, Sum: 0.0]
      [Object Copy (ms): Min: 9.1, Avg: 9.2, Max: 9.3, Diff: 0.3, Sum: 36.7]
      [Termination (ms): Min: 0.0, Avg: 0.2, Max: 0.4, Diff: 0.4, Sum: 0.9]
         [Termination Attempts: Min: 1, Avg: 1.0, Max: 1, Diff: 0, Sum: 4]
      [GC Worker Other (ms): Min: 0.0, Avg: 0.0, Max: 0.0, Diff: 0.0, Sum: 0.0]
      [GC Worker Total (ms): Min: 10.0, Avg: 10.0, Max: 10.0, Diff: 0.1, Sum: 40.0]
      [GC Worker End (ms): Min: 658.4, Avg: 658.5, Max: 658.6, Diff: 0.2]
   [Code Root Fixup: 0.0 ms]
   [Code Root Purge: 0.0 ms]
   [Clear CT: 0.0 ms]
   [Other: 0.5 ms]
      [Choose CSet: 0.0 ms]
      [Ref Proc: 0.1 ms]
      [Ref Enq: 0.0 ms]
      [Redirty Cards: 0.1 ms]
      [Humongous Register: 0.1 ms]
      [Humongous Reclaim: 0.1 ms]
      [Free CSet: 0.0 ms]
   [Eden: 116.0M(206.0M)->0.0B(248.0M) Survivors: 26.0M->29.0M Heap: 535.9M(1024.0M)->422.8M(1024.0M)]
 [Times: user=0.02 sys=0.02, real=0.01 secs] 
0.659: [GC concurrent-root-region-scan-start]
0.659: [GC concurrent-root-region-scan-end, 0.0001824 secs]
0.659: [GC concurrent-mark-start]
0.665: [GC concurrent-mark-end, 0.0051995 secs]
0.665: [GC remark 0.665: [Finalize Marking, 0.0000914 secs] 0.665: [GC ref-proc, 0.0000314 secs] 0.665: [Unloading, 0.0004826 secs], 0.0017336 secs]
 [Times: user=0.01 sys=0.00, real=0.00 secs] 
0.667: [GC cleanup 450M->436M(1024M), 0.0009004 secs]
 [Times: user=0.00 sys=0.00, real=0.00 secs] 
0.668: [GC concurrent-cleanup-start]
0.668: [GC concurrent-cleanup-end, 0.0000163 secs]
0.760: [GC pause (G1 Evacuation Pause) (young), 0.0292709 secs]
   [Parallel Time: 28.7 ms, GC Workers: 4]
      [GC Worker Start (ms): Min: 760.0, Avg: 760.0, Max: 760.1, Diff: 0.0]
      [Ext Root Scanning (ms): Min: 0.1, Avg: 0.1, Max: 0.2, Diff: 0.0, Sum: 0.6]
      [Update RS (ms): Min: 0.5, Avg: 0.5, Max: 0.5, Diff: 0.0, Sum: 2.0]
         [Processed Buffers: Min: 2, Avg: 5.5, Max: 8, Diff: 6, Sum: 22]
      [Scan RS (ms): Min: 0.0, Avg: 0.0, Max: 0.1, Diff: 0.0, Sum: 0.2]
      [Code Root Scanning (ms): Min: 0.0, Avg: 0.0, Max: 0.0, Diff: 0.0, Sum: 0.0]
      [Object Copy (ms): Min: 27.2, Avg: 27.4, Max: 27.8, Diff: 0.7, Sum: 109.5]
      [Termination (ms): Min: 0.0, Avg: 0.5, Max: 0.7, Diff: 0.7, Sum: 2.1]
         [Termination Attempts: Min: 1, Avg: 1.2, Max: 2, Diff: 1, Sum: 5]
      [GC Worker Other (ms): Min: 0.0, Avg: 0.0, Max: 0.0, Diff: 0.0, Sum: 0.1]
      [GC Worker Total (ms): Min: 28.5, Avg: 28.6, Max: 28.6, Diff: 0.1, Sum: 114.3]
      [GC Worker End (ms): Min: 788.6, Avg: 788.6, Max: 788.7, Diff: 0.1]
   [Code Root Fixup: 0.0 ms]
   [Code Root Purge: 0.0 ms]
   [Clear CT: 0.1 ms]
   [Other: 0.5 ms]
      [Choose CSet: 0.0 ms]
      [Ref Proc: 0.1 ms]
      [Ref Enq: 0.0 ms]
      [Redirty Cards: 0.0 ms]
      [Humongous Register: 0.1 ms]
      [Humongous Reclaim: 0.1 ms]
      [Free CSet: 0.1 ms]
   [Eden: 248.0M(248.0M)->0.0B(16.0M) Survivors: 29.0M->35.0M Heap: 731.5M(1024.0M)->487.8M(1024.0M)]
 [Times: user=0.03 sys=0.06, real=0.03 secs] 
0.794: [GC pause (G1 Evacuation Pause) (mixed), 0.0089502 secs]
   [Parallel Time: 8.4 ms, GC Workers: 4]
      [GC Worker Start (ms): Min: 794.6, Avg: 794.6, Max: 794.6, Diff: 0.0]
      [Ext Root Scanning (ms): Min: 0.1, Avg: 0.1, Max: 0.2, Diff: 0.0, Sum: 0.5]
      [Update RS (ms): Min: 0.5, Avg: 0.5, Max: 0.5, Diff: 0.0, Sum: 1.9]
         [Processed Buffers: Min: 3, Avg: 5.8, Max: 8, Diff: 5, Sum: 23]
      [Scan RS (ms): Min: 0.1, Avg: 0.1, Max: 0.1, Diff: 0.0, Sum: 0.2]
      [Code Root Scanning (ms): Min: 0.0, Avg: 0.0, Max: 0.0, Diff: 0.0, Sum: 0.0]
      [Object Copy (ms): Min: 7.7, Avg: 7.7, Max: 7.7, Diff: 0.0, Sum: 30.7]
      [Termination (ms): Min: 0.0, Avg: 0.0, Max: 0.0, Diff: 0.0, Sum: 0.1]
         [Termination Attempts: Min: 1, Avg: 1.2, Max: 2, Diff: 1, Sum: 5]
      [GC Worker Other (ms): Min: 0.0, Avg: 0.0, Max: 0.0, Diff: 0.0, Sum: 0.0]
      [GC Worker Total (ms): Min: 8.3, Avg: 8.4, Max: 8.4, Diff: 0.0, Sum: 33.5]
      [GC Worker End (ms): Min: 803.0, Avg: 803.0, Max: 803.0, Diff: 0.0]
   [Code Root Fixup: 0.0 ms]
   [Code Root Purge: 0.0 ms]
   [Clear CT: 0.1 ms]
   [Other: 0.5 ms]
      [Choose CSet: 0.0 ms]
      [Ref Proc: 0.1 ms]
      [Ref Enq: 0.0 ms]
      [Redirty Cards: 0.0 ms]
      [Humongous Register: 0.1 ms]
      [Humongous Reclaim: 0.0 ms]
      [Free CSet: 0.1 ms]
   [Eden: 16.0M(16.0M)->0.0B(45.0M) Survivors: 35.0M->6144.0K Heap: 514.4M(1024.0M)->410.9M(1024.0M)]
 [Times: user=0.02 sys=0.01, real=0.01 secs] 
0.813: [GC pause (G1 Evacuation Pause) (mixed), 0.0034838 secs]
   [Parallel Time: 3.0 ms, GC Workers: 4]
      [GC Worker Start (ms): Min: 813.4, Avg: 813.4, Max: 813.4, Diff: 0.0]
      [Ext Root Scanning (ms): Min: 0.1, Avg: 0.1, Max: 0.2, Diff: 0.0, Sum: 0.6]
      [Update RS (ms): Min: 0.5, Avg: 0.5, Max: 0.5, Diff: 0.1, Sum: 2.1]
         [Processed Buffers: Min: 3, Avg: 6.2, Max: 8, Diff: 5, Sum: 25]
      [Scan RS (ms): Min: 0.0, Avg: 0.0, Max: 0.0, Diff: 0.0, Sum: 0.1]
      [Code Root Scanning (ms): Min: 0.0, Avg: 0.0, Max: 0.0, Diff: 0.0, Sum: 0.0]
      [Object Copy (ms): Min: 2.2, Avg: 2.2, Max: 2.2, Diff: 0.1, Sum: 8.8]
      [Termination (ms): Min: 0.0, Avg: 0.1, Max: 0.1, Diff: 0.1, Sum: 0.2]
         [Termination Attempts: Min: 1, Avg: 1.0, Max: 1, Diff: 0, Sum: 4]
      [GC Worker Other (ms): Min: 0.0, Avg: 0.0, Max: 0.0, Diff: 0.0, Sum: 0.0]
      [GC Worker Total (ms): Min: 2.9, Avg: 3.0, Max: 3.0, Diff: 0.1, Sum: 11.8]
      [GC Worker End (ms): Min: 816.4, Avg: 816.4, Max: 816.4, Diff: 0.0]
   [Code Root Fixup: 0.0 ms]
   [Code Root Purge: 0.0 ms]
   [Clear CT: 0.1 ms]
   [Other: 0.4 ms]
      [Choose CSet: 0.0 ms]
      [Ref Proc: 0.1 ms]
      [Ref Enq: 0.0 ms]
      [Redirty Cards: 0.1 ms]
      [Humongous Register: 0.1 ms]
      [Humongous Reclaim: 0.0 ms]
      [Free CSet: 0.0 ms]
   [Eden: 45.0M(45.0M)->0.0B(309.0M) Survivors: 6144.0K->7168.0K Heap: 467.9M(1024.0M)->424.9M(1024.0M)]
 [Times: user=0.01 sys=0.00, real=0.00 secs] 
0.818: [GC pause (G1 Humongous Allocation) (young) (initial-mark), 0.0016025 secs]
   [Parallel Time: 1.1 ms, GC Workers: 4]
      [GC Worker Start (ms): Min: 817.8, Avg: 817.8, Max: 817.8, Diff: 0.1]
      [Ext Root Scanning (ms): Min: 0.1, Avg: 0.1, Max: 0.2, Diff: 0.1, Sum: 0.6]
      [Update RS (ms): Min: 0.0, Avg: 0.1, Max: 0.2, Diff: 0.2, Sum: 0.4]
         [Processed Buffers: Min: 1, Avg: 1.2, Max: 2, Diff: 1, Sum: 5]
      [Scan RS (ms): Min: 0.0, Avg: 0.0, Max: 0.0, Diff: 0.0, Sum: 0.0]
      [Code Root Scanning (ms): Min: 0.0, Avg: 0.0, Max: 0.0, Diff: 0.0, Sum: 0.0]
      [Object Copy (ms): Min: 0.6, Avg: 0.7, Max: 0.7, Diff: 0.2, Sum: 2.7]
      [Termination (ms): Min: 0.0, Avg: 0.0, Max: 0.1, Diff: 0.1, Sum: 0.1]
         [Termination Attempts: Min: 1, Avg: 1.0, Max: 1, Diff: 0, Sum: 4]
      [GC Worker Other (ms): Min: 0.0, Avg: 0.0, Max: 0.0, Diff: 0.0, Sum: 0.0]
      [GC Worker Total (ms): Min: 0.9, Avg: 1.0, Max: 1.0, Diff: 0.1, Sum: 3.9]
      [GC Worker End (ms): Min: 818.8, Avg: 818.8, Max: 818.8, Diff: 0.0]
   [Code Root Fixup: 0.0 ms]
   [Code Root Purge: 0.0 ms]
   [Clear CT: 0.1 ms]
   [Other: 0.4 ms]
      [Choose CSet: 0.0 ms]
      [Ref Proc: 0.1 ms]
      [Ref Enq: 0.0 ms]
      [Redirty Cards: 0.0 ms]
      [Humongous Register: 0.1 ms]
      [Humongous Reclaim: 0.0 ms]
      [Free CSet: 0.0 ms]
   [Eden: 4096.0K(309.0M)->0.0B(319.0M) Survivors: 7168.0K->8192.0K Heap: 428.6M(1024.0M)->425.2M(1024.0M)]
 [Times: user=0.00 sys=0.00, real=0.00 secs] 
0.819: [GC concurrent-root-region-scan-start]
0.819: [GC concurrent-root-region-scan-end, 0.0001336 secs]
0.820: [GC concurrent-mark-start]
0.822: [GC concurrent-mark-end, 0.0021196 secs]
0.822: [GC remark 0.822: [Finalize Marking, 0.0001154 secs] 0.822: [GC ref-proc, 0.0000256 secs] 0.822: [Unloading, 0.0004524 secs], 0.0019166 secs]
 [Times: user=0.01 sys=0.00, real=0.01 secs] 
0.824: [GC cleanup 439M->434M(1024M), 0.0007612 secs]
 [Times: user=0.00 sys=0.00, real=0.00 secs] 
0.825: [GC concurrent-cleanup-start]
0.825: [GC concurrent-cleanup-end, 0.0000097 secs]
0.917: [GC pause (G1 Evacuation Pause) (young) (to-space exhausted), 0.0197195 secs]
   [Parallel Time: 18.6 ms, GC Workers: 4]
      [GC Worker Start (ms): Min: 917.4, Avg: 917.5, Max: 917.5, Diff: 0.1]
      [Ext Root Scanning (ms): Min: 0.1, Avg: 0.1, Max: 0.2, Diff: 0.1, Sum: 0.5]
      [Update RS (ms): Min: 0.5, Avg: 0.6, Max: 0.6, Diff: 0.1, Sum: 2.2]
         [Processed Buffers: Min: 2, Avg: 6.2, Max: 9, Diff: 7, Sum: 25]
      [Scan RS (ms): Min: 0.0, Avg: 0.0, Max: 0.1, Diff: 0.0, Sum: 0.2]
      [Code Root Scanning (ms): Min: 0.0, Avg: 0.0, Max: 0.0, Diff: 0.0, Sum: 0.0]
      [Object Copy (ms): Min: 17.7, Avg: 17.7, Max: 17.8, Diff: 0.1, Sum: 70.9]
      [Termination (ms): Min: 0.0, Avg: 0.0, Max: 0.0, Diff: 0.0, Sum: 0.0]
         [Termination Attempts: Min: 1, Avg: 1.2, Max: 2, Diff: 1, Sum: 5]
      [GC Worker Other (ms): Min: 0.0, Avg: 0.0, Max: 0.0, Diff: 0.0, Sum: 0.1]
      [GC Worker Total (ms): Min: 18.4, Avg: 18.5, Max: 18.5, Diff: 0.1, Sum: 74.0]
      [GC Worker End (ms): Min: 935.9, Avg: 936.0, Max: 936.0, Diff: 0.0]
   [Code Root Fixup: 0.0 ms]
   [Code Root Purge: 0.0 ms]
   [Clear CT: 0.1 ms]
   [Other: 1.1 ms]
      [Evacuation Failure: 0.4 ms]
      [Choose CSet: 0.0 ms]
      [Ref Proc: 0.1 ms]
      [Ref Enq: 0.0 ms]
      [Redirty Cards: 0.1 ms]
      [Humongous Register: 0.1 ms]
      [Humongous Reclaim: 0.2 ms]
      [Free CSet: 0.1 ms]
   [Eden: 319.0M(319.0M)->0.0B(10.0M) Survivors: 8192.0K->41.0M Heap: 848.2M(1024.0M)->636.1M(1024.0M)]
 [Times: user=0.02 sys=0.04, real=0.02 secs] 
0.940: [GC pause (G1 Evacuation Pause) (mixed), 0.0090286 secs]
   [Parallel Time: 8.5 ms, GC Workers: 4]
      [GC Worker Start (ms): Min: 940.3, Avg: 940.4, Max: 940.4, Diff: 0.1]
      [Ext Root Scanning (ms): Min: 0.1, Avg: 0.2, Max: 0.2, Diff: 0.1, Sum: 0.7]
      [Update RS (ms): Min: 0.5, Avg: 0.5, Max: 0.5, Diff: 0.0, Sum: 2.1]
         [Processed Buffers: Min: 2, Avg: 6.0, Max: 8, Diff: 6, Sum: 24]
      [Scan RS (ms): Min: 0.1, Avg: 0.1, Max: 0.2, Diff: 0.2, Sum: 0.5]
      [Code Root Scanning (ms): Min: 0.0, Avg: 0.0, Max: 0.0, Diff: 0.0, Sum: 0.0]
      [Object Copy (ms): Min: 7.2, Avg: 7.3, Max: 7.3, Diff: 0.1, Sum: 29.2]
      [Termination (ms): Min: 0.0, Avg: 0.2, Max: 0.2, Diff: 0.2, Sum: 0.7]
         [Termination Attempts: Min: 1, Avg: 1.0, Max: 1, Diff: 0, Sum: 4]
      [GC Worker Other (ms): Min: 0.0, Avg: 0.0, Max: 0.0, Diff: 0.0, Sum: 0.1]
      [GC Worker Total (ms): Min: 8.2, Avg: 8.3, Max: 8.4, Diff: 0.2, Sum: 33.3]
      [GC Worker End (ms): Min: 948.6, Avg: 948.7, Max: 948.7, Diff: 0.1]
   [Code Root Fixup: 0.0 ms]
   [Code Root Purge: 0.0 ms]
   [Clear CT: 0.1 ms]
   [Other: 0.5 ms]
      [Choose CSet: 0.1 ms]
      [Ref Proc: 0.1 ms]
      [Ref Enq: 0.0 ms]
      [Redirty Cards: 0.1 ms]
      [Humongous Register: 0.1 ms]
      [Humongous Reclaim: 0.0 ms]
      [Free CSet: 0.1 ms]
   [Eden: 10.0M(10.0M)->0.0B(216.0M) Survivors: 41.0M->4096.0K Heap: 652.0M(1024.0M)->580.9M(1024.0M)]
 [Times: user=0.02 sys=0.01, real=0.01 secs] 
0.949: [GC pause (G1 Humongous Allocation) (young) (initial-mark), 0.0010588 secs]
   [Parallel Time: 0.7 ms, GC Workers: 4]
      [GC Worker Start (ms): Min: 949.5, Avg: 949.5, Max: 949.5, Diff: 0.0]
      [Ext Root Scanning (ms): Min: 0.1, Avg: 0.1, Max: 0.2, Diff: 0.0, Sum: 0.6]
      [Update RS (ms): Min: 0.1, Avg: 0.2, Max: 0.4, Diff: 0.3, Sum: 1.0]
         [Processed Buffers: Min: 1, Avg: 1.2, Max: 2, Diff: 1, Sum: 5]
      [Scan RS (ms): Min: 0.0, Avg: 0.0, Max: 0.0, Diff: 0.0, Sum: 0.0]
      [Code Root Scanning (ms): Min: 0.0, Avg: 0.0, Max: 0.0, Diff: 0.0, Sum: 0.0]
      [Object Copy (ms): Min: 0.0, Avg: 0.2, Max: 0.3, Diff: 0.3, Sum: 0.8]
      [Termination (ms): Min: 0.0, Avg: 0.0, Max: 0.0, Diff: 0.0, Sum: 0.1]
         [Termination Attempts: Min: 1, Avg: 1.0, Max: 1, Diff: 0, Sum: 4]
      [GC Worker Other (ms): Min: 0.0, Avg: 0.0, Max: 0.0, Diff: 0.0, Sum: 0.0]
      [GC Worker Total (ms): Min: 0.6, Avg: 0.6, Max: 0.6, Diff: 0.0, Sum: 2.4]
      [GC Worker End (ms): Min: 950.1, Avg: 950.1, Max: 950.1, Diff: 0.0]
   [Code Root Fixup: 0.0 ms]
   [Code Root Purge: 0.0 ms]
   [Clear CT: 0.0 ms]
   [Other: 0.4 ms]
      [Choose CSet: 0.0 ms]
      [Ref Proc: 0.1 ms]
      [Ref Enq: 0.0 ms]
      [Redirty Cards: 0.0 ms]
      [Humongous Register: 0.1 ms]
      [Humongous Reclaim: 0.0 ms]
      [Free CSet: 0.0 ms]
   [Eden: 1024.0K(216.0M)->0.0B(221.0M) Survivors: 4096.0K->4096.0K Heap: 581.6M(1024.0M)->581.0M(1024.0M)]
 [Times: user=0.00 sys=0.00, real=0.00 secs] 
0.951: [GC concurrent-root-region-scan-start]
0.951: [GC concurrent-root-region-scan-end, 0.0001036 secs]
0.951: [GC concurrent-mark-start]
0.953: [GC concurrent-mark-end, 0.0025495 secs]
0.953: [GC remark 0.953: [Finalize Marking, 0.0001369 secs] 0.953: [GC ref-proc, 0.0000267 secs] 0.954: [Unloading, 0.0004691 secs], 0.0020665 secs]
 [Times: user=0.01 sys=0.00, real=0.00 secs] 
0.956: [GC cleanup 596M->594M(1024M), 0.0007759 secs]
 [Times: user=0.00 sys=0.00, real=0.00 secs] 
0.956: [GC concurrent-cleanup-start]
0.956: [GC concurrent-cleanup-end, 0.0000083 secs]
1.009: [GC pause (G1 Evacuation Pause) (young) (to-space exhausted), 0.0088756 secs]
   [Parallel Time: 8.0 ms, GC Workers: 4]
      [GC Worker Start (ms): Min: 1009.3, Avg: 1009.3, Max: 1009.3, Diff: 0.0]
      [Ext Root Scanning (ms): Min: 0.1, Avg: 0.1, Max: 0.2, Diff: 0.0, Sum: 0.5]
      [Update RS (ms): Min: 0.6, Avg: 0.8, Max: 1.4, Diff: 0.7, Sum: 3.3]
         [Processed Buffers: Min: 0, Avg: 6.5, Max: 10, Diff: 10, Sum: 26]
      [Scan RS (ms): Min: 0.0, Avg: 0.0, Max: 0.0, Diff: 0.0, Sum: 0.1]
      [Code Root Scanning (ms): Min: 0.0, Avg: 0.0, Max: 0.0, Diff: 0.0, Sum: 0.0]
      [Object Copy (ms): Min: 6.2, Avg: 6.8, Max: 7.1, Diff: 0.8, Sum: 27.1]
      [Termination (ms): Min: 0.0, Avg: 0.2, Max: 0.2, Diff: 0.2, Sum: 0.7]
         [Termination Attempts: Min: 1, Avg: 1.0, Max: 1, Diff: 0, Sum: 4]
      [GC Worker Other (ms): Min: 0.0, Avg: 0.0, Max: 0.0, Diff: 0.0, Sum: 0.0]
      [GC Worker Total (ms): Min: 7.9, Avg: 7.9, Max: 8.0, Diff: 0.1, Sum: 31.8]
      [GC Worker End (ms): Min: 1017.2, Avg: 1017.2, Max: 1017.3, Diff: 0.1]
   [Code Root Fixup: 0.0 ms]
   [Code Root Purge: 0.0 ms]
   [Clear CT: 0.1 ms]
   [Other: 0.7 ms]
      [Evacuation Failure: 0.2 ms]
      [Choose CSet: 0.0 ms]
      [Ref Proc: 0.2 ms]
      [Ref Enq: 0.0 ms]
      [Redirty Cards: 0.0 ms]
      [Humongous Register: 0.1 ms]
      [Humongous Reclaim: 0.1 ms]
      [Free CSet: 0.1 ms]
   [Eden: 221.0M(221.0M)->0.0B(22.0M) Survivors: 4096.0K->29.0M Heap: 868.1M(1024.0M)->673.0M(1024.0M)]
 [Times: user=0.02 sys=0.01, real=0.01 secs] 
1.023: [GC pause (G1 Evacuation Pause) (mixed), 0.0084358 secs]
   [Parallel Time: 6.6 ms, GC Workers: 4]
      [GC Worker Start (ms): Min: 1023.1, Avg: 1023.3, Max: 1023.4, Diff: 0.3]
      [Ext Root Scanning (ms): Min: 0.0, Avg: 0.1, Max: 0.2, Diff: 0.2, Sum: 0.2]
      [Update RS (ms): Min: 1.0, Avg: 1.0, Max: 1.1, Diff: 0.1, Sum: 4.1]
         [Processed Buffers: Min: 12, Avg: 13.2, Max: 15, Diff: 3, Sum: 53]
      [Scan RS (ms): Min: 0.0, Avg: 0.0, Max: 0.1, Diff: 0.0, Sum: 0.2]
      [Code Root Scanning (ms): Min: 0.0, Avg: 0.0, Max: 0.0, Diff: 0.0, Sum: 0.0]
      [Object Copy (ms): Min: 5.0, Avg: 5.0, Max: 5.1, Diff: 0.1, Sum: 20.1]
      [Termination (ms): Min: 0.0, Avg: 0.1, Max: 0.2, Diff: 0.2, Sum: 0.4]
         [Termination Attempts: Min: 1, Avg: 1.0, Max: 1, Diff: 0, Sum: 4]
      [GC Worker Other (ms): Min: 0.0, Avg: 0.0, Max: 0.0, Diff: 0.0, Sum: 0.0]
      [GC Worker Total (ms): Min: 6.1, Avg: 6.3, Max: 6.5, Diff: 0.3, Sum: 25.0]
      [GC Worker End (ms): Min: 1029.5, Avg: 1029.5, Max: 1029.6, Diff: 0.1]
   [Code Root Fixup: 0.0 ms]
   [Code Root Purge: 0.0 ms]
   [Clear CT: 0.1 ms]
   [Other: 1.8 ms]
      [Choose CSet: 0.0 ms]
      [Ref Proc: 1.4 ms]
      [Ref Enq: 0.0 ms]
      [Redirty Cards: 0.0 ms]
      [Humongous Register: 0.1 ms]
      [Humongous Reclaim: 0.0 ms]
      [Free CSet: 0.1 ms]
   [Eden: 22.0M(22.0M)->0.0B(44.0M) Survivors: 29.0M->7168.0K Heap: 700.8M(1024.0M)->584.8M(1024.0M)]
 [Times: user=0.02 sys=0.01, real=0.01 secs] 
1.043: [GC pause (G1 Evacuation Pause) (mixed), 0.0074177 secs]
   [Parallel Time: 6.7 ms, GC Workers: 4]
      [GC Worker Start (ms): Min: 1043.0, Avg: 1043.5, Max: 1044.3, Diff: 1.3]
      [Ext Root Scanning (ms): Min: 0.0, Avg: 0.1, Max: 0.2, Diff: 0.2, Sum: 0.2]
      [Update RS (ms): Min: 0.0, Avg: 0.6, Max: 0.9, Diff: 0.9, Sum: 2.5]
         [Processed Buffers: Min: 0, Avg: 7.5, Max: 11, Diff: 11, Sum: 30]
      [Scan RS (ms): Min: 0.0, Avg: 0.1, Max: 0.1, Diff: 0.1, Sum: 0.2]
      [Code Root Scanning (ms): Min: 0.0, Avg: 0.0, Max: 0.0, Diff: 0.0, Sum: 0.0]
      [Object Copy (ms): Min: 4.9, Avg: 5.1, Max: 5.3, Diff: 0.4, Sum: 20.2]
      [Termination (ms): Min: 0.0, Avg: 0.3, Max: 0.5, Diff: 0.5, Sum: 1.3]
         [Termination Attempts: Min: 1, Avg: 1.0, Max: 1, Diff: 0, Sum: 4]
      [GC Worker Other (ms): Min: 0.0, Avg: 0.0, Max: 0.0, Diff: 0.0, Sum: 0.0]
      [GC Worker Total (ms): Min: 5.3, Avg: 6.1, Max: 6.7, Diff: 1.4, Sum: 24.5]
      [GC Worker End (ms): Min: 1049.6, Avg: 1049.7, Max: 1049.7, Diff: 0.2]
   [Code Root Fixup: 0.0 ms]
   [Code Root Purge: 0.0 ms]
   [Clear CT: 0.1 ms]
   [Other: 0.6 ms]
      [Choose CSet: 0.0 ms]
      [Ref Proc: 0.2 ms]
      [Ref Enq: 0.0 ms]
      [Redirty Cards: 0.0 ms]
      [Humongous Register: 0.1 ms]
      [Humongous Reclaim: 0.0 ms]
      [Free CSet: 0.1 ms]
   [Eden: 44.0M(44.0M)->0.0B(44.0M) Survivors: 7168.0K->7168.0K Heap: 642.7M(1024.0M)->519.4M(1024.0M)]
 [Times: user=0.02 sys=0.00, real=0.01 secs] 
1.060: [GC pause (G1 Evacuation Pause) (mixed), 0.0052813 secs]
   [Parallel Time: 4.7 ms, GC Workers: 4]
      [GC Worker Start (ms): Min: 1059.8, Avg: 1059.8, Max: 1059.8, Diff: 0.1]
      [Ext Root Scanning (ms): Min: 0.1, Avg: 0.1, Max: 0.2, Diff: 0.1, Sum: 0.6]
      [Update RS (ms): Min: 0.6, Avg: 0.6, Max: 0.6, Diff: 0.0, Sum: 2.5]
         [Processed Buffers: Min: 4, Avg: 7.5, Max: 10, Diff: 6, Sum: 30]
      [Scan RS (ms): Min: 0.0, Avg: 0.0, Max: 0.0, Diff: 0.0, Sum: 0.2]
      [Code Root Scanning (ms): Min: 0.0, Avg: 0.0, Max: 0.0, Diff: 0.0, Sum: 0.0]
      [Object Copy (ms): Min: 3.7, Avg: 3.7, Max: 3.8, Diff: 0.1, Sum: 15.0]
      [Termination (ms): Min: 0.0, Avg: 0.0, Max: 0.1, Diff: 0.1, Sum: 0.2]
         [Termination Attempts: Min: 1, Avg: 1.0, Max: 1, Diff: 0, Sum: 4]
      [GC Worker Other (ms): Min: 0.0, Avg: 0.0, Max: 0.0, Diff: 0.0, Sum: 0.1]
      [GC Worker Total (ms): Min: 4.6, Avg: 4.6, Max: 4.7, Diff: 0.1, Sum: 18.5]
      [GC Worker End (ms): Min: 1064.4, Avg: 1064.4, Max: 1064.5, Diff: 0.0]
   [Code Root Fixup: 0.0 ms]
   [Code Root Purge: 0.0 ms]
   [Clear CT: 0.1 ms]
   [Other: 0.5 ms]
      [Choose CSet: 0.0 ms]
      [Ref Proc: 0.1 ms]
      [Ref Enq: 0.0 ms]
      [Redirty Cards: 0.0 ms]
      [Humongous Register: 0.1 ms]
      [Humongous Reclaim: 0.1 ms]
      [Free CSet: 0.1 ms]
   [Eden: 44.0M(44.0M)->0.0B(280.0M) Survivors: 7168.0K->7168.0K Heap: 575.2M(1024.0M)->501.2M(1024.0M)]
 [Times: user=0.02 sys=0.00, real=0.01 secs] 
1.065: [GC pause (G1 Humongous Allocation) (young) (initial-mark), 0.0018590 secs]
   [Parallel Time: 1.0 ms, GC Workers: 4]
      [GC Worker Start (ms): Min: 1065.5, Avg: 1065.6, Max: 1065.6, Diff: 0.1]
      [Ext Root Scanning (ms): Min: 0.1, Avg: 0.1, Max: 0.2, Diff: 0.1, Sum: 0.6]
      [Update RS (ms): Min: 0.1, Avg: 0.1, Max: 0.1, Diff: 0.1, Sum: 0.4]
         [Processed Buffers: Min: 1, Avg: 1.2, Max: 2, Diff: 1, Sum: 5]
      [Scan RS (ms): Min: 0.0, Avg: 0.0, Max: 0.0, Diff: 0.0, Sum: 0.0]
      [Code Root Scanning (ms): Min: 0.0, Avg: 0.0, Max: 0.0, Diff: 0.0, Sum: 0.0]
      [Object Copy (ms): Min: 0.6, Avg: 0.6, Max: 0.7, Diff: 0.1, Sum: 2.6]
      [Termination (ms): Min: 0.0, Avg: 0.0, Max: 0.1, Diff: 0.1, Sum: 0.1]
         [Termination Attempts: Min: 1, Avg: 1.0, Max: 1, Diff: 0, Sum: 4]
      [GC Worker Other (ms): Min: 0.0, Avg: 0.0, Max: 0.0, Diff: 0.0, Sum: 0.0]
      [GC Worker Total (ms): Min: 0.9, Avg: 0.9, Max: 1.0, Diff: 0.0, Sum: 3.8]
      [GC Worker End (ms): Min: 1066.5, Avg: 1066.5, Max: 1066.5, Diff: 0.0]
   [Code Root Fixup: 0.0 ms]
   [Code Root Purge: 0.0 ms]
   [Clear CT: 0.1 ms]
   [Other: 0.8 ms]
      [Choose CSet: 0.0 ms]
      [Ref Proc: 0.5 ms]
      [Ref Enq: 0.0 ms]
      [Redirty Cards: 0.0 ms]
      [Humongous Register: 0.1 ms]
      [Humongous Reclaim: 0.0 ms]
      [Free CSet: 0.0 ms]
   [Eden: 2048.0K(280.0M)->0.0B(271.0M) Survivors: 7168.0K->7168.0K Heap: 503.0M(1024.0M)->501.2M(1024.0M)]
 [Times: user=0.00 sys=0.00, real=0.00 secs] 
1.067: [GC concurrent-root-region-scan-start]
1.067: [GC concurrent-root-region-scan-end, 0.0001321 secs]
1.068: [GC concurrent-mark-start]
1.070: [GC concurrent-mark-end, 0.0027890 secs]
1.070: [GC remark 1.070: [Finalize Marking, 0.0007128 secs] 1.071: [GC ref-proc, 0.0000286 secs] 1.071: [Unloading, 0.0007305 secs], 0.0030242 secs]
 [Times: user=0.00 sys=0.00, real=0.01 secs] 
1.074: [GC cleanup 511M->504M(1024M), 0.0009607 secs]
 [Times: user=0.01 sys=0.00, real=0.00 secs] 
1.075: [GC concurrent-cleanup-start]
1.075: [GC concurrent-cleanup-end, 0.0000121 secs]
Heap
 garbage-first heap   total 1048576K, used 605645K [0x0000000780000000, 0x0000000780102000, 0x00000007c0000000)
  region size 1024K, 88 young (90112K), 7 survivors (7168K)
 Metaspace       used 2695K, capacity 4486K, committed 4864K, reserved 1056768K
  class space    used 295K, capacity 386K, committed 512K, reserved 1048576K
