Java HotSpot(TM) 64-Bit Server VM (25.121-b13) for bsd-amd64 JRE (1.8.0_121-b13), built on Dec 12 2016 20:39:32 by "java_re" with gcc 4.2.1 (Based on Apple Inc. build 5658) (LLVM build 2336.11.00)
Memory: 4k page, physical 8388608k(1144684k free)

/proc/meminfo:

CommandLine flags: -XX:InitialHeapSize=536870912 -XX:MaxHeapSize=536870912 -XX:MaxNewSize=178958336 -XX:MaxTenuringThreshold=6 -XX:NewSize=178958336 -XX:OldPLABSize=16 -XX:OldSize=357912576 -XX:+PrintGC -XX:+PrintGCDetails -XX:+PrintGCTimeStamps -XX:+UseCompressedClassPointers -XX:+UseCompressedOops -XX:+UseConcMarkSweepGC -XX:+UseParNewGC 
0.187: [GC (Allocation Failure) 0.187: [ParNew: 139776K->17472K(157248K), 0.0168897 secs] 139776K->40578K(506816K), 0.0170465 secs] [Times: user=0.02 sys=0.04, real=0.02 secs] 
0.226: [GC (Allocation Failure) 0.226: [ParNew: 157248K->17472K(157248K), 0.0231632 secs] 180354K->85621K(506816K), 0.0232547 secs] [Times: user=0.04 sys=0.05, real=0.03 secs] 
0.269: [GC (Allocation Failure) 0.269: [ParNew: 157021K->17472K(157248K), 0.0285727 secs] 225170K->128636K(506816K), 0.0286675 secs] [Times: user=0.10 sys=0.01, real=0.03 secs] 
0.316: [GC (Allocation Failure) 0.316: [ParNew: 157178K->17472K(157248K), 0.0272804 secs] 268343K->168343K(506816K), 0.0273743 secs] [Times: user=0.08 sys=0.02, real=0.03 secs] 
0.363: [GC (Allocation Failure) 0.363: [ParNew: 156659K->17472K(157248K), 0.0333647 secs] 307531K->217941K(506816K), 0.0334580 secs] [Times: user=0.11 sys=0.01, real=0.03 secs] 
0.396: [GC (CMS Initial Mark) [1 CMS-initial-mark: 200469K(349568K)] 218651K(506816K), 0.0003006 secs] [Times: user=0.00 sys=0.00, real=0.00 secs] 
0.397: [CMS-concurrent-mark-start]
0.402: [CMS-concurrent-mark: 0.006/0.006 secs] [Times: user=0.01 sys=0.01, real=0.01 secs] 
0.402: [CMS-concurrent-preclean-start]
0.403: [CMS-concurrent-preclean: 0.001/0.001 secs] [Times: user=0.00 sys=0.00, real=0.00 secs] 
0.403: [CMS-concurrent-abortable-preclean-start]
0.416: [GC (Allocation Failure) 0.416: [ParNew: 157248K->17468K(157248K), 0.0381429 secs] 357717K->264427K(506816K), 0.0382572 secs] [Times: user=0.09 sys=0.02, real=0.04 secs] 
0.475: [GC (Allocation Failure) 0.475: [ParNew: 157244K->17469K(157248K), 0.0353571 secs] 404203K->314321K(506816K), 0.0354566 secs] [Times: user=0.12 sys=0.02, real=0.04 secs] 
0.532: [GC (Allocation Failure) 0.532: [ParNew: 157245K->157245K(157248K), 0.0000395 secs]0.532: [CMS0.532: [CMS-concurrent-abortable-preclean: 0.004/0.129 secs] [Times: user=0.26 sys=0.04, real=0.13 secs] 
 (concurrent mode failure): 296852K->257335K(349568K), 0.0511116 secs] 454097K->257335K(506816K), [Metaspace: 2689K->2689K(1056768K)], 0.0512951 secs] [Times: user=0.05 sys=0.00, real=0.05 secs] 
0.606: [GC (Allocation Failure) 0.606: [ParNew: 139776K->17470K(157248K), 0.0076413 secs] 397111K->303949K(506816K), 0.0077391 secs] [Times: user=0.03 sys=0.00, real=0.01 secs] 
0.614: [GC (CMS Initial Mark) [1 CMS-initial-mark: 286478K(349568K)] 303985K(506816K), 0.0001307 secs] [Times: user=0.00 sys=0.00, real=0.00 secs] 
0.614: [CMS-concurrent-mark-start]
0.617: [CMS-concurrent-mark: 0.003/0.003 secs] [Times: user=0.00 sys=0.00, real=0.01 secs] 
0.617: [CMS-concurrent-preclean-start]
0.618: [CMS-concurrent-preclean: 0.001/0.001 secs] [Times: user=0.00 sys=0.00, real=0.00 secs] 
0.618: [CMS-concurrent-abortable-preclean-start]
0.633: [GC (Allocation Failure) 0.634: [ParNew: 157214K->17470K(157248K), 0.0268889 secs] 443693K->351337K(506816K), 0.0269958 secs] [Times: user=0.09 sys=0.01, real=0.03 secs] 
0.661: [CMS-concurrent-abortable-preclean: 0.001/0.043 secs] [Times: user=0.11 sys=0.01, real=0.04 secs] 
0.661: [GC (CMS Final Remark) [YG occupancy: 17540 K (157248 K)]0.661: [Rescan (parallel) , 0.0006761 secs]0.661: [weak refs processing, 0.0000110 secs]0.661: [class unloading, 0.0002101 secs]0.662: [scrub symbol table, 0.0002838 secs]0.662: [scrub string table, 0.0001252 secs][1 CMS-remark: 333867K(349568K)] 351407K(506816K), 0.0013728 secs] [Times: user=0.00 sys=0.00, real=0.00 secs] 
0.662: [CMS-concurrent-sweep-start]
0.663: [CMS-concurrent-sweep: 0.001/0.001 secs] [Times: user=0.00 sys=0.00, real=0.00 secs] 
0.663: [CMS-concurrent-reset-start]
0.663: [CMS-concurrent-reset: 0.000/0.000 secs] [Times: user=0.00 sys=0.00, real=0.00 secs] 
0.682: [GC (Allocation Failure) 0.682: [ParNew: 157246K->157246K(157248K), 0.0000196 secs]0.682: [CMS: 299907K->299781K(349568K), 0.0440007 secs] 457153K->299781K(506816K), [Metaspace: 2689K->2689K(1056768K)], 0.0441257 secs] [Times: user=0.04 sys=0.00, real=0.04 secs] 
0.726: [GC (CMS Initial Mark) [1 CMS-initial-mark: 299781K(349568K)] 300322K(506816K), 0.0001307 secs] [Times: user=0.00 sys=0.00, real=0.00 secs] 
0.727: [CMS-concurrent-mark-start]
0.730: [CMS-concurrent-mark: 0.003/0.003 secs] [Times: user=0.01 sys=0.00, real=0.01 secs] 
0.730: [CMS-concurrent-preclean-start]
0.731: [CMS-concurrent-preclean: 0.001/0.001 secs] [Times: user=0.00 sys=0.00, real=0.00 secs] 
0.731: [CMS-concurrent-abortable-preclean-start]
0.748: [GC (Allocation Failure) 0.748: [ParNew: 139605K->17471K(157248K), 0.0082926 secs] 439387K->350228K(506816K), 0.0084299 secs] [Times: user=0.03 sys=0.00, real=0.00 secs] 
0.756: [CMS-concurrent-abortable-preclean: 0.001/0.026 secs] [Times: user=0.05 sys=0.00, real=0.02 secs] 
0.756: [GC (CMS Final Remark) [YG occupancy: 18149 K (157248 K)]0.756: [Rescan (parallel) , 0.0012611 secs]0.758: [weak refs processing, 0.0000118 secs]0.758: [class unloading, 0.0002065 secs]0.758: [scrub symbol table, 0.0003123 secs]0.758: [scrub string table, 0.0001440 secs][1 CMS-remark: 332756K(349568K)] 350906K(506816K), 0.0019969 secs] [Times: user=0.00 sys=0.00, real=0.01 secs] 
0.758: [CMS-concurrent-sweep-start]
0.759: [CMS-concurrent-sweep: 0.001/0.001 secs] [Times: user=0.00 sys=0.00, real=0.00 secs] 
0.759: [CMS-concurrent-reset-start]
0.760: [CMS-concurrent-reset: 0.000/0.000 secs] [Times: user=0.00 sys=0.00, real=0.00 secs] 
0.779: [GC (Allocation Failure) 0.779: [ParNew: 157247K->157247K(157248K), 0.0000183 secs]0.779: [CMS: 332706K->322391K(349568K), 0.0466216 secs] 489953K->322391K(506816K), [Metaspace: 2689K->2689K(1056768K)], 0.0467454 secs] [Times: user=0.05 sys=0.00, real=0.04 secs] 
0.826: [GC (CMS Initial Mark) [1 CMS-initial-mark: 322391K(349568K)] 322770K(506816K), 0.0001346 secs] [Times: user=0.00 sys=0.00, real=0.00 secs] 
0.826: [CMS-concurrent-mark-start]
0.829: [CMS-concurrent-mark: 0.003/0.003 secs] [Times: user=0.00 sys=0.00, real=0.01 secs] 
0.829: [CMS-concurrent-preclean-start]
0.830: [CMS-concurrent-preclean: 0.001/0.001 secs] [Times: user=0.00 sys=0.00, real=0.00 secs] 
0.830: [CMS-concurrent-abortable-preclean-start]
0.848: [GC (Allocation Failure) 0.848: [ParNew: 139776K->139776K(157248K), 0.0000204 secs]0.848: [CMS0.848: [CMS-concurrent-abortable-preclean: 0.001/0.018 secs] [Times: user=0.03 sys=0.00, real=0.02 secs] 
 (concurrent mode failure): 322391K->333164K(349568K), 0.0480393 secs] 462167K->333164K(506816K), [Metaspace: 2689K->2689K(1056768K)], 0.0481664 secs] [Times: user=0.04 sys=0.00, real=0.04 secs] 
0.918: [GC (Allocation Failure) 0.918: [ParNew: 139300K->139300K(157248K), 0.0000202 secs]0.918: [CMS: 333164K->331138K(349568K), 0.0481910 secs] 472465K->331138K(506816K), [Metaspace: 2689K->2689K(1056768K)], 0.0483172 secs] [Times: user=0.05 sys=0.00, real=0.04 secs] 
0.966: [GC (CMS Initial Mark) [1 CMS-initial-mark: 331138K(349568K)] 331654K(506816K), 0.0001582 secs] [Times: user=0.00 sys=0.00, real=0.00 secs] 
0.966: [CMS-concurrent-mark-start]
0.970: [CMS-concurrent-mark: 0.003/0.003 secs] [Times: user=0.01 sys=0.00, real=0.01 secs] 
0.970: [CMS-concurrent-preclean-start]
0.970: [CMS-concurrent-preclean: 0.001/0.001 secs] [Times: user=0.00 sys=0.00, real=0.00 secs] 
0.970: [CMS-concurrent-abortable-preclean-start]
0.970: [CMS-concurrent-abortable-preclean: 0.000/0.000 secs] [Times: user=0.00 sys=0.00, real=0.00 secs] 
0.971: [GC (CMS Final Remark) [YG occupancy: 28460 K (157248 K)]0.971: [Rescan (parallel) , 0.0004122 secs]0.971: [weak refs processing, 0.0000118 secs]0.971: [class unloading, 0.0002146 secs]0.971: [scrub symbol table, 0.0003211 secs]0.972: [scrub string table, 0.0001522 secs][1 CMS-remark: 331138K(349568K)] 359598K(506816K), 0.0011895 secs] [Times: user=0.00 sys=0.01, real=0.00 secs] 
0.972: [CMS-concurrent-sweep-start]
0.973: [CMS-concurrent-sweep: 0.001/0.001 secs] [Times: user=0.00 sys=0.00, real=0.00 secs] 
0.973: [CMS-concurrent-reset-start]
0.973: [CMS-concurrent-reset: 0.000/0.000 secs] [Times: user=0.00 sys=0.00, real=0.00 secs] 
0.990: [GC (Allocation Failure) 0.990: [ParNew: 139776K->139776K(157248K), 0.0000259 secs]0.990: [CMS: 331029K->339887K(349568K), 0.0530215 secs] 470805K->339887K(506816K), [Metaspace: 2689K->2689K(1056768K)], 0.0532165 secs] [Times: user=0.05 sys=0.00, real=0.05 secs] 
1.043: [GC (CMS Initial Mark) [1 CMS-initial-mark: 339887K(349568K)] 342715K(506816K), 0.0001423 secs] [Times: user=0.00 sys=0.00, real=0.00 secs] 
1.043: [CMS-concurrent-mark-start]
1.048: [CMS-concurrent-mark: 0.005/0.005 secs] [Times: user=0.01 sys=0.00, real=0.01 secs] 
1.049: [CMS-concurrent-preclean-start]
1.049: [CMS-concurrent-preclean: 0.001/0.001 secs] [Times: user=0.00 sys=0.00, real=0.00 secs] 
1.049: [CMS-concurrent-abortable-preclean-start]
1.049: [CMS-concurrent-abortable-preclean: 0.000/0.000 secs] [Times: user=0.00 sys=0.00, real=0.00 secs] 
1.049: [GC (CMS Final Remark) [YG occupancy: 32395 K (157248 K)]1.049: [Rescan (parallel) , 0.0004013 secs]1.050: [weak refs processing, 0.0000118 secs]1.050: [class unloading, 0.0002081 secs]1.050: [scrub symbol table, 0.0003390 secs]1.050: [scrub string table, 0.0001454 secs][1 CMS-remark: 339887K(349568K)] 372282K(506816K), 0.0011816 secs] [Times: user=0.01 sys=0.00, real=0.00 secs] 
1.051: [CMS-concurrent-sweep-start]
1.051: [CMS-concurrent-sweep: 0.001/0.001 secs] [Times: user=0.00 sys=0.00, real=0.00 secs] 
1.051: [CMS-concurrent-reset-start]
1.052: [CMS-concurrent-reset: 0.000/0.000 secs] [Times: user=0.00 sys=0.00, real=0.00 secs] 
1.069: [GC (Allocation Failure) 1.069: [ParNew: 139776K->139776K(157248K), 0.0000190 secs]1.069: [CMS: 339878K->336470K(349568K), 0.0478021 secs] 479654K->336470K(506816K), [Metaspace: 2689K->2689K(1056768K)], 0.0479230 secs] [Times: user=0.05 sys=0.00, real=0.04 secs] 
1.117: [GC (CMS Initial Mark) [1 CMS-initial-mark: 336470K(349568K)] 339274K(506816K), 0.0002033 secs] [Times: user=0.00 sys=0.00, real=0.01 secs] 
1.117: [CMS-concurrent-mark-start]
Heap
 par new generation   total 157248K, used 5599K [0x00000007a0000000, 0x00000007aaaa0000, 0x00000007aaaa0000)
  eden space 139776K,   4% used [0x00000007a0000000, 0x00000007a0577cf8, 0x00000007a8880000)
  from space 17472K,   0% used [0x00000007a8880000, 0x00000007a8880000, 0x00000007a9990000)
  to   space 17472K,   0% used [0x00000007a9990000, 0x00000007a9990000, 0x00000007aaaa0000)
 concurrent mark-sweep generation total 349568K, used 336470K [0x00000007aaaa0000, 0x00000007c0000000, 0x00000007c0000000)
 Metaspace       used 2695K, capacity 4486K, committed 4864K, reserved 1056768K
  class space    used 295K, capacity 386K, committed 512K, reserved 1048576K
