Java HotSpot(TM) 64-Bit Server VM (25.121-b13) for bsd-amd64 JRE (1.8.0_121-b13), built on Dec 12 2016 20:39:32 by "java_re" with gcc 4.2.1 (Based on Apple Inc. build 5658) (LLVM build 2336.11.00)
Memory: 4k page, physical 8388608k(1088796k free)

/proc/meminfo:

CommandLine flags: -XX:InitialHeapSize=536870912 -XX:MaxHeapSize=536870912 -XX:+PrintGC -XX:+PrintGCDetails -XX:+PrintGCTimeStamps -XX:+UseCompressedClassPointers -XX:+UseCompressedOops -XX:+UseG1GC 
0.128: [GC pause (G1 Evacuation Pause) (young), 0.0056160 secs]
   [Parallel Time: 4.9 ms, GC Workers: 4]
      [GC Worker Start (ms): Min: 127.9, Avg: 128.1, Max: 128.5, Diff: 0.6]
      [Ext Root Scanning (ms): Min: 0.0, Avg: 0.2, Max: 0.3, Diff: 0.3, Sum: 0.8]
      [Update RS (ms): Min: 0.0, Avg: 0.0, Max: 0.0, Diff: 0.0, Sum: 0.0]
         [Processed Buffers: Min: 0, Avg: 0.0, Max: 0, Diff: 0, Sum: 0]
      [Scan RS (ms): Min: 0.0, Avg: 0.0, Max: 0.0, Diff: 0.0, Sum: 0.0]
      [Code Root Scanning (ms): Min: 0.0, Avg: 0.0, Max: 0.0, Diff: 0.0, Sum: 0.0]
      [Object Copy (ms): Min: 3.6, Avg: 3.9, Max: 4.3, Diff: 0.7, Sum: 15.8]
      [Termination (ms): Min: 0.0, Avg: 0.4, Max: 0.6, Diff: 0.6, Sum: 1.5]
         [Termination Attempts: Min: 1, Avg: 1.0, Max: 1, Diff: 0, Sum: 4]
      [GC Worker Other (ms): Min: 0.0, Avg: 0.0, Max: 0.0, Diff: 0.0, Sum: 0.0]
      [GC Worker Total (ms): Min: 4.0, Avg: 4.6, Max: 4.8, Diff: 0.8, Sum: 18.2]
      [GC Worker End (ms): Min: 132.5, Avg: 132.6, Max: 132.7, Diff: 0.2]
   [Code Root Fixup: 0.0 ms]
   [Code Root Purge: 0.0 ms]
   [Clear CT: 0.1 ms]
   [Other: 0.7 ms]
      [Choose CSet: 0.0 ms]
      [Ref Proc: 0.5 ms]
      [Ref Enq: 0.0 ms]
      [Redirty Cards: 0.0 ms]
      [Humongous Register: 0.0 ms]
      [Humongous Reclaim: 0.0 ms]
      [Free CSet: 0.0 ms]
   [Eden: 25.0M(25.0M)->0.0B(21.0M) Survivors: 0.0B->4096.0K Heap: 28.9M(512.0M)->10.0M(512.0M)]
 [Times: user=0.01 sys=0.00, real=0.00 secs] 
0.142: [GC pause (G1 Evacuation Pause) (young), 0.0035770 secs]
   [Parallel Time: 3.1 ms, GC Workers: 4]
      [GC Worker Start (ms): Min: 142.2, Avg: 142.3, Max: 142.3, Diff: 0.1]
      [Ext Root Scanning (ms): Min: 0.1, Avg: 0.2, Max: 0.3, Diff: 0.1, Sum: 0.8]
      [Update RS (ms): Min: 0.0, Avg: 0.0, Max: 0.0, Diff: 0.0, Sum: 0.0]
         [Processed Buffers: Min: 0, Avg: 0.8, Max: 2, Diff: 2, Sum: 3]
      [Scan RS (ms): Min: 0.0, Avg: 0.0, Max: 0.0, Diff: 0.0, Sum: 0.0]
      [Code Root Scanning (ms): Min: 0.0, Avg: 0.0, Max: 0.0, Diff: 0.0, Sum: 0.0]
      [Object Copy (ms): Min: 2.4, Avg: 2.5, Max: 2.6, Diff: 0.2, Sum: 10.0]
      [Termination (ms): Min: 0.0, Avg: 0.2, Max: 0.5, Diff: 0.5, Sum: 0.8]
         [Termination Attempts: Min: 1, Avg: 1.0, Max: 1, Diff: 0, Sum: 4]
      [GC Worker Other (ms): Min: 0.0, Avg: 0.0, Max: 0.0, Diff: 0.0, Sum: 0.0]
      [GC Worker Total (ms): Min: 2.8, Avg: 2.9, Max: 3.1, Diff: 0.2, Sum: 11.7]
      [GC Worker End (ms): Min: 145.1, Avg: 145.2, Max: 145.3, Diff: 0.2]
   [Code Root Fixup: 0.0 ms]
   [Code Root Purge: 0.0 ms]
   [Clear CT: 0.0 ms]
   [Other: 0.4 ms]
      [Choose CSet: 0.0 ms]
      [Ref Proc: 0.1 ms]
      [Ref Enq: 0.0 ms]
      [Redirty Cards: 0.1 ms]
      [Humongous Register: 0.0 ms]
      [Humongous Reclaim: 0.0 ms]
      [Free CSet: 0.0 ms]
   [Eden: 21.0M(21.0M)->0.0B(24.0M) Survivors: 4096.0K->4096.0K Heap: 37.1M(512.0M)->18.0M(512.0M)]
 [Times: user=0.01 sys=0.01, real=0.00 secs] 
0.158: [GC pause (G1 Evacuation Pause) (young), 0.0033474 secs]
   [Parallel Time: 2.9 ms, GC Workers: 4]
      [GC Worker Start (ms): Min: 158.0, Avg: 158.1, Max: 158.2, Diff: 0.1]
      [Ext Root Scanning (ms): Min: 0.0, Avg: 0.1, Max: 0.2, Diff: 0.1, Sum: 0.5]
      [Update RS (ms): Min: 0.0, Avg: 0.1, Max: 0.3, Diff: 0.2, Sum: 0.4]
         [Processed Buffers: Min: 1, Avg: 1.8, Max: 4, Diff: 3, Sum: 7]
      [Scan RS (ms): Min: 0.0, Avg: 0.0, Max: 0.0, Diff: 0.0, Sum: 0.0]
      [Code Root Scanning (ms): Min: 0.0, Avg: 0.0, Max: 0.0, Diff: 0.0, Sum: 0.0]
      [Object Copy (ms): Min: 2.4, Avg: 2.5, Max: 2.5, Diff: 0.2, Sum: 9.8]
      [Termination (ms): Min: 0.0, Avg: 0.1, Max: 0.2, Diff: 0.2, Sum: 0.4]
         [Termination Attempts: Min: 1, Avg: 1.0, Max: 1, Diff: 0, Sum: 4]
      [GC Worker Other (ms): Min: 0.0, Avg: 0.0, Max: 0.0, Diff: 0.0, Sum: 0.0]
      [GC Worker Total (ms): Min: 2.7, Avg: 2.8, Max: 2.9, Diff: 0.2, Sum: 11.2]
      [GC Worker End (ms): Min: 160.8, Avg: 160.9, Max: 160.9, Diff: 0.1]
   [Code Root Fixup: 0.0 ms]
   [Code Root Purge: 0.0 ms]
   [Clear CT: 0.1 ms]
   [Other: 0.4 ms]
      [Choose CSet: 0.0 ms]
      [Ref Proc: 0.1 ms]
      [Ref Enq: 0.0 ms]
      [Redirty Cards: 0.1 ms]
      [Humongous Register: 0.0 ms]
      [Humongous Reclaim: 0.0 ms]
      [Free CSet: 0.0 ms]
   [Eden: 24.0M(24.0M)->0.0B(47.0M) Survivors: 4096.0K->4096.0K Heap: 51.2M(512.0M)->27.3M(512.0M)]
 [Times: user=0.01 sys=0.01, real=0.00 secs] 
0.187: [GC pause (G1 Evacuation Pause) (young), 0.0076318 secs]
   [Parallel Time: 7.2 ms, GC Workers: 4]
      [GC Worker Start (ms): Min: 186.8, Avg: 186.8, Max: 186.8, Diff: 0.1]
      [Ext Root Scanning (ms): Min: 0.1, Avg: 0.2, Max: 0.2, Diff: 0.1, Sum: 0.6]
      [Update RS (ms): Min: 0.4, Avg: 0.5, Max: 0.6, Diff: 0.2, Sum: 2.1]
         [Processed Buffers: Min: 6, Avg: 7.8, Max: 9, Diff: 3, Sum: 31]
      [Scan RS (ms): Min: 0.0, Avg: 0.0, Max: 0.0, Diff: 0.0, Sum: 0.0]
      [Code Root Scanning (ms): Min: 0.0, Avg: 0.0, Max: 0.0, Diff: 0.0, Sum: 0.0]
      [Object Copy (ms): Min: 6.2, Avg: 6.3, Max: 6.3, Diff: 0.2, Sum: 25.1]
      [Termination (ms): Min: 0.0, Avg: 0.1, Max: 0.2, Diff: 0.2, Sum: 0.5]
         [Termination Attempts: Min: 1, Avg: 1.0, Max: 1, Diff: 0, Sum: 4]
      [GC Worker Other (ms): Min: 0.0, Avg: 0.0, Max: 0.0, Diff: 0.0, Sum: 0.1]
      [GC Worker Total (ms): Min: 7.0, Avg: 7.1, Max: 7.2, Diff: 0.1, Sum: 28.4]
      [GC Worker End (ms): Min: 193.9, Avg: 193.9, Max: 193.9, Diff: 0.1]
   [Code Root Fixup: 0.0 ms]
   [Code Root Purge: 0.0 ms]
   [Clear CT: 0.1 ms]
   [Other: 0.4 ms]
      [Choose CSet: 0.0 ms]
      [Ref Proc: 0.1 ms]
      [Ref Enq: 0.0 ms]
      [Redirty Cards: 0.1 ms]
      [Humongous Register: 0.0 ms]
      [Humongous Reclaim: 0.0 ms]
      [Free CSet: 0.0 ms]
   [Eden: 47.0M(47.0M)->0.0B(46.0M) Survivors: 4096.0K->7168.0K Heap: 87.9M(512.0M)->48.2M(512.0M)]
 [Times: user=0.01 sys=0.01, real=0.01 secs] 
0.212: [GC pause (G1 Evacuation Pause) (young), 0.0071924 secs]
   [Parallel Time: 6.9 ms, GC Workers: 4]
      [GC Worker Start (ms): Min: 212.4, Avg: 212.5, Max: 212.5, Diff: 0.0]
      [Ext Root Scanning (ms): Min: 0.2, Avg: 0.4, Max: 0.9, Diff: 0.7, Sum: 1.4]
      [Update RS (ms): Min: 0.4, Avg: 0.9, Max: 1.1, Diff: 0.7, Sum: 3.7]
         [Processed Buffers: Min: 6, Avg: 9.5, Max: 13, Diff: 7, Sum: 38]
      [Scan RS (ms): Min: 0.0, Avg: 0.0, Max: 0.0, Diff: 0.0, Sum: 0.0]
      [Code Root Scanning (ms): Min: 0.0, Avg: 0.0, Max: 0.0, Diff: 0.0, Sum: 0.0]
      [Object Copy (ms): Min: 5.4, Avg: 5.4, Max: 5.5, Diff: 0.1, Sum: 21.8]
      [Termination (ms): Min: 0.0, Avg: 0.1, Max: 0.1, Diff: 0.1, Sum: 0.2]
         [Termination Attempts: Min: 1, Avg: 1.0, Max: 1, Diff: 0, Sum: 4]
      [GC Worker Other (ms): Min: 0.0, Avg: 0.0, Max: 0.0, Diff: 0.0, Sum: 0.0]
      [GC Worker Total (ms): Min: 6.8, Avg: 6.8, Max: 6.8, Diff: 0.0, Sum: 27.2]
      [GC Worker End (ms): Min: 219.2, Avg: 219.3, Max: 219.3, Diff: 0.0]
   [Code Root Fixup: 0.0 ms]
   [Code Root Purge: 0.0 ms]
   [Clear CT: 0.1 ms]
   [Other: 0.3 ms]
      [Choose CSet: 0.0 ms]
      [Ref Proc: 0.1 ms]
      [Ref Enq: 0.0 ms]
      [Redirty Cards: 0.0 ms]
      [Humongous Register: 0.0 ms]
      [Humongous Reclaim: 0.0 ms]
      [Free CSet: 0.0 ms]
   [Eden: 46.0M(46.0M)->0.0B(57.0M) Survivors: 7168.0K->7168.0K Heap: 107.2M(512.0M)->67.6M(512.0M)]
 [Times: user=0.01 sys=0.01, real=0.01 secs] 
0.242: [GC pause (G1 Evacuation Pause) (young), 0.0115892 secs]
   [Parallel Time: 10.2 ms, GC Workers: 4]
      [GC Worker Start (ms): Min: 241.7, Avg: 241.8, Max: 241.8, Diff: 0.1]
      [Ext Root Scanning (ms): Min: 0.1, Avg: 0.1, Max: 0.2, Diff: 0.1, Sum: 0.5]
      [Update RS (ms): Min: 0.2, Avg: 0.3, Max: 0.3, Diff: 0.2, Sum: 1.1]
         [Processed Buffers: Min: 2, Avg: 3.8, Max: 5, Diff: 3, Sum: 15]
      [Scan RS (ms): Min: 0.0, Avg: 0.0, Max: 0.0, Diff: 0.0, Sum: 0.1]
      [Code Root Scanning (ms): Min: 0.0, Avg: 0.0, Max: 0.0, Diff: 0.0, Sum: 0.0]
      [Object Copy (ms): Min: 9.0, Avg: 9.2, Max: 9.5, Diff: 0.5, Sum: 36.9]
      [Termination (ms): Min: 0.0, Avg: 0.4, Max: 0.6, Diff: 0.6, Sum: 1.6]
         [Termination Attempts: Min: 1, Avg: 1.0, Max: 1, Diff: 0, Sum: 4]
      [GC Worker Other (ms): Min: 0.0, Avg: 0.0, Max: 0.0, Diff: 0.0, Sum: 0.0]
      [GC Worker Total (ms): Min: 10.0, Avg: 10.1, Max: 10.1, Diff: 0.2, Sum: 40.2]
      [GC Worker End (ms): Min: 251.7, Avg: 251.8, Max: 251.9, Diff: 0.1]
   [Code Root Fixup: 0.0 ms]
   [Code Root Purge: 0.0 ms]
   [Clear CT: 0.0 ms]
   [Other: 1.3 ms]
      [Choose CSet: 0.0 ms]
      [Ref Proc: 1.0 ms]
      [Ref Enq: 0.0 ms]
      [Redirty Cards: 0.0 ms]
      [Humongous Register: 0.0 ms]
      [Humongous Reclaim: 0.1 ms]
      [Free CSet: 0.0 ms]
   [Eden: 57.0M(57.0M)->0.0B(70.0M) Survivors: 7168.0K->8192.0K Heap: 140.8M(512.0M)->94.8M(512.0M)]
 [Times: user=0.02 sys=0.02, real=0.01 secs] 
0.281: [GC pause (G1 Evacuation Pause) (young), 0.0095827 secs]
   [Parallel Time: 9.1 ms, GC Workers: 4]
      [GC Worker Start (ms): Min: 280.8, Avg: 280.8, Max: 280.9, Diff: 0.1]
      [Ext Root Scanning (ms): Min: 0.1, Avg: 0.1, Max: 0.2, Diff: 0.1, Sum: 0.6]
      [Update RS (ms): Min: 0.2, Avg: 0.2, Max: 0.2, Diff: 0.1, Sum: 0.8]
         [Processed Buffers: Min: 1, Avg: 2.8, Max: 4, Diff: 3, Sum: 11]
      [Scan RS (ms): Min: 0.0, Avg: 0.0, Max: 0.0, Diff: 0.0, Sum: 0.0]
      [Code Root Scanning (ms): Min: 0.0, Avg: 0.0, Max: 0.0, Diff: 0.0, Sum: 0.0]
      [Object Copy (ms): Min: 8.5, Avg: 8.5, Max: 8.6, Diff: 0.1, Sum: 34.1]
      [Termination (ms): Min: 0.0, Avg: 0.1, Max: 0.2, Diff: 0.2, Sum: 0.3]
         [Termination Attempts: Min: 1, Avg: 1.0, Max: 1, Diff: 0, Sum: 4]
      [GC Worker Other (ms): Min: 0.0, Avg: 0.0, Max: 0.0, Diff: 0.0, Sum: 0.0]
      [GC Worker Total (ms): Min: 8.9, Avg: 9.0, Max: 9.0, Diff: 0.1, Sum: 35.9]
      [GC Worker End (ms): Min: 289.8, Avg: 289.8, Max: 289.9, Diff: 0.1]
   [Code Root Fixup: 0.0 ms]
   [Code Root Purge: 0.0 ms]
   [Clear CT: 0.1 ms]
   [Other: 0.4 ms]
      [Choose CSet: 0.0 ms]
      [Ref Proc: 0.2 ms]
      [Ref Enq: 0.0 ms]
      [Redirty Cards: 0.0 ms]
      [Humongous Register: 0.0 ms]
      [Humongous Reclaim: 0.0 ms]
      [Free CSet: 0.0 ms]
   [Eden: 70.0M(70.0M)->0.0B(125.0M) Survivors: 8192.0K->10.0M Heap: 184.1M(512.0M)->123.9M(512.0M)]
 [Times: user=0.01 sys=0.02, real=0.01 secs] 
0.351: [GC pause (G1 Evacuation Pause) (young), 0.0174784 secs]
   [Parallel Time: 17.0 ms, GC Workers: 4]
      [GC Worker Start (ms): Min: 350.7, Avg: 350.7, Max: 350.8, Diff: 0.0]
      [Ext Root Scanning (ms): Min: 0.1, Avg: 0.1, Max: 0.2, Diff: 0.1, Sum: 0.6]
      [Update RS (ms): Min: 0.2, Avg: 0.2, Max: 0.3, Diff: 0.1, Sum: 0.9]
         [Processed Buffers: Min: 1, Avg: 2.8, Max: 5, Diff: 4, Sum: 11]
      [Scan RS (ms): Min: 0.0, Avg: 0.0, Max: 0.0, Diff: 0.0, Sum: 0.1]
      [Code Root Scanning (ms): Min: 0.0, Avg: 0.0, Max: 0.0, Diff: 0.0, Sum: 0.0]
      [Object Copy (ms): Min: 16.3, Avg: 16.3, Max: 16.4, Diff: 0.1, Sum: 65.3]
      [Termination (ms): Min: 0.0, Avg: 0.1, Max: 0.2, Diff: 0.2, Sum: 0.4]
         [Termination Attempts: Min: 1, Avg: 1.0, Max: 1, Diff: 0, Sum: 4]
      [GC Worker Other (ms): Min: 0.0, Avg: 0.0, Max: 0.0, Diff: 0.0, Sum: 0.1]
      [GC Worker Total (ms): Min: 16.8, Avg: 16.8, Max: 16.9, Diff: 0.1, Sum: 67.3]
      [GC Worker End (ms): Min: 367.5, Avg: 367.6, Max: 367.6, Diff: 0.1]
   [Code Root Fixup: 0.0 ms]
   [Code Root Purge: 0.0 ms]
   [Clear CT: 0.1 ms]
   [Other: 0.4 ms]
      [Choose CSet: 0.0 ms]
      [Ref Proc: 0.1 ms]
      [Ref Enq: 0.0 ms]
      [Redirty Cards: 0.0 ms]
      [Humongous Register: 0.0 ms]
      [Humongous Reclaim: 0.1 ms]
      [Free CSet: 0.0 ms]
   [Eden: 125.0M(125.0M)->0.0B(119.0M) Survivors: 10.0M->17.0M Heap: 283.8M(512.0M)->173.9M(512.0M)]
 [Times: user=0.02 sys=0.04, real=0.02 secs] 
0.395: [GC pause (G1 Humongous Allocation) (young) (initial-mark), 0.0117812 secs]
   [Parallel Time: 11.2 ms, GC Workers: 4]
      [GC Worker Start (ms): Min: 394.8, Avg: 394.9, Max: 394.9, Diff: 0.1]
      [Ext Root Scanning (ms): Min: 0.1, Avg: 0.2, Max: 0.2, Diff: 0.1, Sum: 0.6]
      [Update RS (ms): Min: 0.2, Avg: 0.2, Max: 0.3, Diff: 0.0, Sum: 1.0]
         [Processed Buffers: Min: 1, Avg: 3.0, Max: 4, Diff: 3, Sum: 12]
      [Scan RS (ms): Min: 0.0, Avg: 0.0, Max: 0.0, Diff: 0.0, Sum: 0.1]
      [Code Root Scanning (ms): Min: 0.0, Avg: 0.0, Max: 0.0, Diff: 0.0, Sum: 0.0]
      [Object Copy (ms): Min: 10.3, Avg: 10.4, Max: 10.6, Diff: 0.3, Sum: 41.7]
      [Termination (ms): Min: 0.0, Avg: 0.2, Max: 0.4, Diff: 0.4, Sum: 1.0]
         [Termination Attempts: Min: 1, Avg: 1.0, Max: 1, Diff: 0, Sum: 4]
      [GC Worker Other (ms): Min: 0.0, Avg: 0.0, Max: 0.0, Diff: 0.0, Sum: 0.0]
      [GC Worker Total (ms): Min: 11.0, Avg: 11.1, Max: 11.2, Diff: 0.2, Sum: 44.3]
      [GC Worker End (ms): Min: 405.9, Avg: 406.0, Max: 406.0, Diff: 0.2]
   [Code Root Fixup: 0.0 ms]
   [Code Root Purge: 0.0 ms]
   [Clear CT: 0.1 ms]
   [Other: 0.5 ms]
      [Choose CSet: 0.0 ms]
      [Ref Proc: 0.1 ms]
      [Ref Enq: 0.0 ms]
      [Redirty Cards: 0.1 ms]
      [Humongous Register: 0.0 ms]
      [Humongous Reclaim: 0.1 ms]
      [Free CSet: 0.0 ms]
   [Eden: 97.0M(119.0M)->0.0B(145.0M) Survivors: 17.0M->17.0M Heap: 299.3M(512.0M)->210.4M(512.0M)]
 [Times: user=0.02 sys=0.03, real=0.01 secs] 
0.407: [GC concurrent-root-region-scan-start]
0.407: [GC concurrent-root-region-scan-end, 0.0001518 secs]
0.407: [GC concurrent-mark-start]
0.410: [GC concurrent-mark-end, 0.0029120 secs]
0.410: [GC remark 0.410: [Finalize Marking, 0.0001263 secs] 0.410: [GC ref-proc, 0.0000276 secs] 0.410: [Unloading, 0.0005347 secs], 0.0015100 secs]
 [Times: user=0.01 sys=0.00, real=0.00 secs] 
0.412: [GC cleanup 228M->228M(512M), 0.0005869 secs]
 [Times: user=0.00 sys=0.00, real=0.00 secs] 
0.463: [GC pause (G1 Evacuation Pause) (young), 0.0206709 secs]
   [Parallel Time: 20.2 ms, GC Workers: 4]
      [GC Worker Start (ms): Min: 463.4, Avg: 463.6, Max: 464.1, Diff: 0.7]
      [Ext Root Scanning (ms): Min: 0.0, Avg: 0.1, Max: 0.3, Diff: 0.3, Sum: 0.6]
      [Update RS (ms): Min: 0.0, Avg: 0.3, Max: 0.5, Diff: 0.5, Sum: 1.3]
         [Processed Buffers: Min: 0, Avg: 4.2, Max: 7, Diff: 7, Sum: 17]
      [Scan RS (ms): Min: 0.0, Avg: 0.0, Max: 0.0, Diff: 0.0, Sum: 0.1]
      [Code Root Scanning (ms): Min: 0.0, Avg: 0.0, Max: 0.0, Diff: 0.0, Sum: 0.0]
      [Object Copy (ms): Min: 19.2, Avg: 19.3, Max: 19.5, Diff: 0.2, Sum: 77.4]
      [Termination (ms): Min: 0.0, Avg: 0.1, Max: 0.2, Diff: 0.2, Sum: 0.5]
         [Termination Attempts: Min: 1, Avg: 1.0, Max: 1, Diff: 0, Sum: 4]
      [GC Worker Other (ms): Min: 0.0, Avg: 0.0, Max: 0.0, Diff: 0.0, Sum: 0.0]
      [GC Worker Total (ms): Min: 19.5, Avg: 20.0, Max: 20.2, Diff: 0.7, Sum: 79.8]
      [GC Worker End (ms): Min: 483.5, Avg: 483.5, Max: 483.6, Diff: 0.1]
   [Code Root Fixup: 0.0 ms]
   [Code Root Purge: 0.0 ms]
   [Clear CT: 0.1 ms]
   [Other: 0.4 ms]
      [Choose CSet: 0.0 ms]
      [Ref Proc: 0.1 ms]
      [Ref Enq: 0.0 ms]
      [Redirty Cards: 0.0 ms]
      [Humongous Register: 0.1 ms]
      [Humongous Reclaim: 0.1 ms]
      [Free CSet: 0.0 ms]
   [Eden: 145.0M(145.0M)->0.0B(4096.0K) Survivors: 17.0M->21.0M Heap: 398.6M(512.0M)->251.5M(512.0M)]
 [Times: user=0.02 sys=0.05, real=0.02 secs] 
0.485: [GC pause (G1 Evacuation Pause) (mixed), 0.0040239 secs]
   [Parallel Time: 3.7 ms, GC Workers: 4]
      [GC Worker Start (ms): Min: 484.7, Avg: 484.8, Max: 484.8, Diff: 0.1]
      [Ext Root Scanning (ms): Min: 0.1, Avg: 0.1, Max: 0.2, Diff: 0.1, Sum: 0.5]
      [Update RS (ms): Min: 0.1, Avg: 0.2, Max: 0.2, Diff: 0.1, Sum: 0.6]
         [Processed Buffers: Min: 2, Avg: 2.8, Max: 3, Diff: 1, Sum: 11]
      [Scan RS (ms): Min: 0.0, Avg: 0.0, Max: 0.0, Diff: 0.0, Sum: 0.1]
      [Code Root Scanning (ms): Min: 0.0, Avg: 0.0, Max: 0.0, Diff: 0.0, Sum: 0.0]
      [Object Copy (ms): Min: 3.1, Avg: 3.2, Max: 3.2, Diff: 0.1, Sum: 12.7]
      [Termination (ms): Min: 0.0, Avg: 0.1, Max: 0.1, Diff: 0.1, Sum: 0.3]
         [Termination Attempts: Min: 1, Avg: 1.0, Max: 1, Diff: 0, Sum: 4]
      [GC Worker Other (ms): Min: 0.0, Avg: 0.0, Max: 0.0, Diff: 0.0, Sum: 0.0]
      [GC Worker Total (ms): Min: 3.5, Avg: 3.6, Max: 3.7, Diff: 0.1, Sum: 14.4]
      [GC Worker End (ms): Min: 488.3, Avg: 488.4, Max: 488.4, Diff: 0.1]
   [Code Root Fixup: 0.0 ms]
   [Code Root Purge: 0.0 ms]
   [Clear CT: 0.1 ms]
   [Other: 0.3 ms]
      [Choose CSet: 0.0 ms]
      [Ref Proc: 0.1 ms]
      [Ref Enq: 0.0 ms]
      [Redirty Cards: 0.0 ms]
      [Humongous Register: 0.0 ms]
      [Humongous Reclaim: 0.0 ms]
      [Free CSet: 0.0 ms]
   [Eden: 4096.0K(4096.0K)->0.0B(132.0M) Survivors: 21.0M->2048.0K Heap: 256.1M(512.0M)->243.3M(512.0M)]
 [Times: user=0.01 sys=0.00, real=0.01 secs] 
0.489: [GC pause (G1 Humongous Allocation) (young) (initial-mark), 0.0007749 secs]
   [Parallel Time: 0.5 ms, GC Workers: 4]
      [GC Worker Start (ms): Min: 489.3, Avg: 489.3, Max: 489.3, Diff: 0.1]
      [Ext Root Scanning (ms): Min: 0.1, Avg: 0.1, Max: 0.2, Diff: 0.1, Sum: 0.6]
      [Update RS (ms): Min: 0.0, Avg: 0.1, Max: 0.1, Diff: 0.0, Sum: 0.3]
         [Processed Buffers: Min: 1, Avg: 1.5, Max: 2, Diff: 1, Sum: 6]
      [Scan RS (ms): Min: 0.0, Avg: 0.0, Max: 0.0, Diff: 0.0, Sum: 0.0]
      [Code Root Scanning (ms): Min: 0.0, Avg: 0.0, Max: 0.0, Diff: 0.0, Sum: 0.0]
      [Object Copy (ms): Min: 0.2, Avg: 0.2, Max: 0.2, Diff: 0.0, Sum: 0.7]
      [Termination (ms): Min: 0.0, Avg: 0.0, Max: 0.0, Diff: 0.0, Sum: 0.1]
         [Termination Attempts: Min: 1, Avg: 1.0, Max: 1, Diff: 0, Sum: 4]
      [GC Worker Other (ms): Min: 0.0, Avg: 0.0, Max: 0.0, Diff: 0.0, Sum: 0.0]
      [GC Worker Total (ms): Min: 0.4, Avg: 0.4, Max: 0.5, Diff: 0.1, Sum: 1.7]
      [GC Worker End (ms): Min: 489.7, Avg: 489.7, Max: 489.7, Diff: 0.0]
   [Code Root Fixup: 0.0 ms]
   [Code Root Purge: 0.0 ms]
   [Clear CT: 0.0 ms]
   [Other: 0.2 ms]
      [Choose CSet: 0.0 ms]
      [Ref Proc: 0.1 ms]
      [Ref Enq: 0.0 ms]
      [Redirty Cards: 0.0 ms]
      [Humongous Register: 0.0 ms]
      [Humongous Reclaim: 0.0 ms]
      [Free CSet: 0.0 ms]
   [Eden: 2048.0K(132.0M)->0.0B(142.0M) Survivors: 2048.0K->3072.0K Heap: 245.2M(512.0M)->243.8M(512.0M)]
 [Times: user=0.01 sys=0.01, real=0.00 secs] 
0.490: [GC concurrent-root-region-scan-start]
0.490: [GC concurrent-root-region-scan-end, 0.0000814 secs]
0.490: [GC concurrent-mark-start]
0.492: [GC concurrent-mark-end, 0.0017126 secs]
0.492: [GC remark 0.492: [Finalize Marking, 0.0001060 secs] 0.492: [GC ref-proc, 0.0000292 secs] 0.492: [Unloading, 0.0005227 secs], 0.0015581 secs]
 [Times: user=0.01 sys=0.00, real=0.00 secs] 
0.494: [GC cleanup 254M->253M(512M), 0.0004897 secs]
 [Times: user=0.00 sys=0.00, real=0.00 secs] 
0.494: [GC concurrent-cleanup-start]
0.494: [GC concurrent-cleanup-end, 0.0000086 secs]
0.527: [GC pause (G1 Evacuation Pause) (young) (to-space exhausted), 0.0046911 secs]
   [Parallel Time: 4.1 ms, GC Workers: 4]
      [GC Worker Start (ms): Min: 526.8, Avg: 526.9, Max: 526.9, Diff: 0.0]
      [Ext Root Scanning (ms): Min: 0.1, Avg: 0.1, Max: 0.2, Diff: 0.0, Sum: 0.5]
      [Update RS (ms): Min: 0.3, Avg: 0.3, Max: 0.3, Diff: 0.0, Sum: 1.2]
         [Processed Buffers: Min: 1, Avg: 3.5, Max: 5, Diff: 4, Sum: 14]
      [Scan RS (ms): Min: 0.0, Avg: 0.0, Max: 0.0, Diff: 0.0, Sum: 0.1]
      [Code Root Scanning (ms): Min: 0.0, Avg: 0.0, Max: 0.0, Diff: 0.0, Sum: 0.0]
      [Object Copy (ms): Min: 2.8, Avg: 3.0, Max: 3.5, Diff: 0.7, Sum: 12.1]
      [Termination (ms): Min: 0.0, Avg: 0.5, Max: 0.7, Diff: 0.7, Sum: 2.1]
         [Termination Attempts: Min: 1, Avg: 1.0, Max: 1, Diff: 0, Sum: 4]
      [GC Worker Other (ms): Min: 0.0, Avg: 0.0, Max: 0.0, Diff: 0.0, Sum: 0.0]
      [GC Worker Total (ms): Min: 4.0, Avg: 4.0, Max: 4.0, Diff: 0.0, Sum: 16.0]
      [GC Worker End (ms): Min: 530.9, Avg: 530.9, Max: 530.9, Diff: 0.0]
   [Code Root Fixup: 0.0 ms]
   [Code Root Purge: 0.0 ms]
   [Clear CT: 0.1 ms]
   [Other: 0.6 ms]
      [Evacuation Failure: 0.2 ms]
      [Choose CSet: 0.0 ms]
      [Ref Proc: 0.1 ms]
      [Ref Enq: 0.0 ms]
      [Redirty Cards: 0.0 ms]
      [Humongous Register: 0.1 ms]
      [Humongous Reclaim: 0.1 ms]
      [Free CSet: 0.0 ms]
   [Eden: 142.0M(142.0M)->0.0B(6144.0K) Survivors: 3072.0K->19.0M Heap: 424.6M(512.0M)->352.7M(512.0M)]
 [Times: user=0.01 sys=0.00, real=0.01 secs] 
0.533: [GC pause (G1 Evacuation Pause) (mixed), 0.0050076 secs]
   [Parallel Time: 4.6 ms, GC Workers: 4]
      [GC Worker Start (ms): Min: 533.0, Avg: 533.1, Max: 533.1, Diff: 0.0]
      [Ext Root Scanning (ms): Min: 0.1, Avg: 0.2, Max: 0.2, Diff: 0.1, Sum: 0.6]
      [Update RS (ms): Min: 0.3, Avg: 0.4, Max: 0.6, Diff: 0.3, Sum: 1.5]
         [Processed Buffers: Min: 1, Avg: 3.8, Max: 5, Diff: 4, Sum: 15]
      [Scan RS (ms): Min: 0.0, Avg: 0.1, Max: 0.2, Diff: 0.2, Sum: 0.3]
      [Code Root Scanning (ms): Min: 0.0, Avg: 0.0, Max: 0.0, Diff: 0.0, Sum: 0.0]
      [Object Copy (ms): Min: 3.7, Avg: 3.8, Max: 3.9, Diff: 0.3, Sum: 15.2]
      [Termination (ms): Min: 0.0, Avg: 0.1, Max: 0.1, Diff: 0.1, Sum: 0.3]
         [Termination Attempts: Min: 1, Avg: 1.0, Max: 1, Diff: 0, Sum: 4]
      [GC Worker Other (ms): Min: 0.0, Avg: 0.0, Max: 0.0, Diff: 0.0, Sum: 0.0]
      [GC Worker Total (ms): Min: 4.5, Avg: 4.5, Max: 4.5, Diff: 0.0, Sum: 18.0]
      [GC Worker End (ms): Min: 537.5, Avg: 537.6, Max: 537.6, Diff: 0.0]
   [Code Root Fixup: 0.0 ms]
   [Code Root Purge: 0.0 ms]
   [Clear CT: 0.1 ms]
   [Other: 0.4 ms]
      [Choose CSet: 0.0 ms]
      [Ref Proc: 0.1 ms]
      [Ref Enq: 0.0 ms]
      [Redirty Cards: 0.1 ms]
      [Humongous Register: 0.1 ms]
      [Humongous Reclaim: 0.0 ms]
      [Free CSet: 0.0 ms]
   [Eden: 6144.0K(6144.0K)->0.0B(68.0M) Survivors: 19.0M->2048.0K Heap: 360.6M(512.0M)->333.1M(512.0M)]
 [Times: user=0.01 sys=0.01, real=0.01 secs] 
0.539: [GC pause (G1 Humongous Allocation) (young) (initial-mark), 0.0009973 secs]
   [Parallel Time: 0.7 ms, GC Workers: 4]
      [GC Worker Start (ms): Min: 539.0, Avg: 539.1, Max: 539.1, Diff: 0.1]
      [Ext Root Scanning (ms): Min: 0.1, Avg: 0.1, Max: 0.2, Diff: 0.1, Sum: 0.6]
      [Update RS (ms): Min: 0.1, Avg: 0.2, Max: 0.4, Diff: 0.3, Sum: 0.9]
         [Processed Buffers: Min: 1, Avg: 1.2, Max: 2, Diff: 1, Sum: 5]
      [Scan RS (ms): Min: 0.0, Avg: 0.0, Max: 0.0, Diff: 0.0, Sum: 0.0]
      [Code Root Scanning (ms): Min: 0.0, Avg: 0.0, Max: 0.0, Diff: 0.0, Sum: 0.0]
      [Object Copy (ms): Min: 0.1, Avg: 0.2, Max: 0.3, Diff: 0.3, Sum: 0.8]
      [Termination (ms): Min: 0.0, Avg: 0.0, Max: 0.1, Diff: 0.1, Sum: 0.1]
         [Termination Attempts: Min: 1, Avg: 1.0, Max: 1, Diff: 0, Sum: 4]
      [GC Worker Other (ms): Min: 0.0, Avg: 0.0, Max: 0.0, Diff: 0.0, Sum: 0.0]
      [GC Worker Total (ms): Min: 0.6, Avg: 0.6, Max: 0.6, Diff: 0.1, Sum: 2.5]
      [GC Worker End (ms): Min: 539.7, Avg: 539.7, Max: 539.7, Diff: 0.0]
   [Code Root Fixup: 0.0 ms]
   [Code Root Purge: 0.0 ms]
   [Clear CT: 0.0 ms]
   [Other: 0.2 ms]
      [Choose CSet: 0.0 ms]
      [Ref Proc: 0.1 ms]
      [Ref Enq: 0.0 ms]
      [Redirty Cards: 0.0 ms]
      [Humongous Register: 0.0 ms]
      [Humongous Reclaim: 0.0 ms]
      [Free CSet: 0.0 ms]
   [Eden: 5120.0K(68.0M)->0.0B(68.0M) Survivors: 2048.0K->4096.0K Heap: 337.5M(512.0M)->334.3M(512.0M)]
 [Times: user=0.01 sys=0.00, real=0.00 secs] 
0.540: [GC concurrent-root-region-scan-start]
0.540: [GC concurrent-root-region-scan-end, 0.0000802 secs]
0.540: [GC concurrent-mark-start]
0.542: [GC concurrent-mark-end, 0.0016476 secs]
0.542: [GC remark 0.542: [Finalize Marking, 0.0001028 secs] 0.542: [GC ref-proc, 0.0000260 secs] 0.542: [Unloading, 0.0004615 secs], 0.0015899 secs]
 [Times: user=0.01 sys=0.00, real=0.00 secs] 
0.544: [GC cleanup 345M->344M(512M), 0.0005159 secs]
 [Times: user=0.00 sys=0.00, real=0.00 secs] 
0.544: [GC concurrent-cleanup-start]
0.544: [GC concurrent-cleanup-end, 0.0000084 secs]
0.557: [GC pause (G1 Evacuation Pause) (young), 0.0037444 secs]
   [Parallel Time: 3.3 ms, GC Workers: 4]
      [GC Worker Start (ms): Min: 556.9, Avg: 557.0, Max: 557.0, Diff: 0.1]
      [Ext Root Scanning (ms): Min: 0.1, Avg: 0.1, Max: 0.2, Diff: 0.1, Sum: 0.6]
      [Update RS (ms): Min: 0.5, Avg: 0.6, Max: 0.6, Diff: 0.0, Sum: 2.3]
         [Processed Buffers: Min: 7, Avg: 7.0, Max: 7, Diff: 0, Sum: 28]
      [Scan RS (ms): Min: 0.0, Avg: 0.0, Max: 0.0, Diff: 0.0, Sum: 0.1]
      [Code Root Scanning (ms): Min: 0.0, Avg: 0.0, Max: 0.0, Diff: 0.0, Sum: 0.0]
      [Object Copy (ms): Min: 2.4, Avg: 2.4, Max: 2.5, Diff: 0.1, Sum: 9.7]
      [Termination (ms): Min: 0.0, Avg: 0.1, Max: 0.1, Diff: 0.1, Sum: 0.3]
         [Termination Attempts: Min: 1, Avg: 1.0, Max: 1, Diff: 0, Sum: 4]
      [GC Worker Other (ms): Min: 0.0, Avg: 0.0, Max: 0.0, Diff: 0.0, Sum: 0.0]
      [GC Worker Total (ms): Min: 3.2, Avg: 3.3, Max: 3.3, Diff: 0.1, Sum: 13.0]
      [GC Worker End (ms): Min: 560.2, Avg: 560.2, Max: 560.3, Diff: 0.0]
   [Code Root Fixup: 0.0 ms]
   [Code Root Purge: 0.0 ms]
   [Clear CT: 0.1 ms]
   [Other: 0.3 ms]
      [Choose CSet: 0.0 ms]
      [Ref Proc: 0.1 ms]
      [Ref Enq: 0.0 ms]
      [Redirty Cards: 0.1 ms]
      [Humongous Register: 0.1 ms]
      [Humongous Reclaim: 0.0 ms]
      [Free CSet: 0.0 ms]
   [Eden: 68.0M(68.0M)->0.0B(16.0M) Survivors: 4096.0K->9216.0K Heap: 416.6M(512.0M)->357.4M(512.0M)]
 [Times: user=0.01 sys=0.00, real=0.01 secs] 
0.565: [GC pause (G1 Evacuation Pause) (mixed), 0.0039975 secs]
   [Parallel Time: 3.5 ms, GC Workers: 4]
      [GC Worker Start (ms): Min: 564.8, Avg: 565.2, Max: 565.8, Diff: 1.0]
      [Ext Root Scanning (ms): Min: 0.0, Avg: 0.1, Max: 0.2, Diff: 0.2, Sum: 0.3]
      [Update RS (ms): Min: 0.0, Avg: 0.5, Max: 0.9, Diff: 0.9, Sum: 1.8]
         [Processed Buffers: Min: 0, Avg: 4.8, Max: 8, Diff: 8, Sum: 19]
      [Scan RS (ms): Min: 0.0, Avg: 0.0, Max: 0.1, Diff: 0.1, Sum: 0.1]
      [Code Root Scanning (ms): Min: 0.0, Avg: 0.0, Max: 0.0, Diff: 0.0, Sum: 0.0]
      [Object Copy (ms): Min: 2.3, Avg: 2.4, Max: 2.5, Diff: 0.2, Sum: 9.6]
      [Termination (ms): Min: 0.0, Avg: 0.1, Max: 0.1, Diff: 0.1, Sum: 0.2]
         [Termination Attempts: Min: 1, Avg: 1.0, Max: 1, Diff: 0, Sum: 4]
      [GC Worker Other (ms): Min: 0.0, Avg: 0.0, Max: 0.0, Diff: 0.0, Sum: 0.0]
      [GC Worker Total (ms): Min: 2.4, Avg: 3.0, Max: 3.4, Diff: 1.0, Sum: 12.1]
      [GC Worker End (ms): Min: 568.2, Avg: 568.3, Max: 568.3, Diff: 0.0]
   [Code Root Fixup: 0.0 ms]
   [Code Root Purge: 0.0 ms]
   [Clear CT: 0.1 ms]
   [Other: 0.4 ms]
      [Choose CSet: 0.0 ms]
      [Ref Proc: 0.1 ms]
      [Ref Enq: 0.0 ms]
      [Redirty Cards: 0.1 ms]
      [Humongous Register: 0.1 ms]
      [Humongous Reclaim: 0.0 ms]
      [Free CSet: 0.0 ms]
   [Eden: 16.0M(16.0M)->0.0B(21.0M) Survivors: 9216.0K->4096.0K Heap: 377.0M(512.0M)->315.8M(512.0M)]
 [Times: user=0.01 sys=0.00, real=0.01 secs] 
0.574: [GC pause (G1 Evacuation Pause) (mixed), 0.0042956 secs]
   [Parallel Time: 3.8 ms, GC Workers: 4]
      [GC Worker Start (ms): Min: 573.8, Avg: 573.9, Max: 573.9, Diff: 0.0]
      [Ext Root Scanning (ms): Min: 0.1, Avg: 0.1, Max: 0.2, Diff: 0.0, Sum: 0.6]
      [Update RS (ms): Min: 0.4, Avg: 0.5, Max: 0.5, Diff: 0.1, Sum: 1.9]
         [Processed Buffers: Min: 2, Avg: 4.5, Max: 6, Diff: 4, Sum: 18]
      [Scan RS (ms): Min: 0.0, Avg: 0.0, Max: 0.1, Diff: 0.1, Sum: 0.2]
      [Code Root Scanning (ms): Min: 0.0, Avg: 0.0, Max: 0.0, Diff: 0.0, Sum: 0.0]
      [Object Copy (ms): Min: 3.0, Avg: 3.0, Max: 3.1, Diff: 0.1, Sum: 12.0]
      [Termination (ms): Min: 0.0, Avg: 0.1, Max: 0.1, Diff: 0.1, Sum: 0.3]
         [Termination Attempts: Min: 1, Avg: 1.0, Max: 1, Diff: 0, Sum: 4]
      [GC Worker Other (ms): Min: 0.0, Avg: 0.0, Max: 0.0, Diff: 0.0, Sum: 0.0]
      [GC Worker Total (ms): Min: 3.7, Avg: 3.8, Max: 3.8, Diff: 0.1, Sum: 15.0]
      [GC Worker End (ms): Min: 577.6, Avg: 577.6, Max: 577.6, Diff: 0.1]
   [Code Root Fixup: 0.0 ms]
   [Code Root Purge: 0.0 ms]
   [Clear CT: 0.1 ms]
   [Other: 0.4 ms]
      [Choose CSet: 0.0 ms]
      [Ref Proc: 0.1 ms]
      [Ref Enq: 0.0 ms]
      [Redirty Cards: 0.1 ms]
      [Humongous Register: 0.1 ms]
      [Humongous Reclaim: 0.0 ms]
      [Free CSet: 0.0 ms]
   [Eden: 21.0M(21.0M)->0.0B(21.0M) Survivors: 4096.0K->4096.0K Heap: 344.5M(512.0M)->290.6M(512.0M)]
 [Times: user=0.01 sys=0.00, real=0.01 secs] 
0.583: [GC pause (G1 Evacuation Pause) (mixed), 0.0042616 secs]
   [Parallel Time: 3.2 ms, GC Workers: 4]
      [GC Worker Start (ms): Min: 583.4, Avg: 583.5, Max: 584.0, Diff: 0.7]
      [Ext Root Scanning (ms): Min: 0.0, Avg: 0.1, Max: 0.2, Diff: 0.2, Sum: 0.5]
      [Update RS (ms): Min: 0.1, Avg: 1.1, Max: 2.9, Diff: 2.8, Sum: 4.3]
         [Processed Buffers: Min: 3, Avg: 5.8, Max: 9, Diff: 6, Sum: 23]
      [Scan RS (ms): Min: 0.0, Avg: 0.0, Max: 0.0, Diff: 0.0, Sum: 0.1]
      [Code Root Scanning (ms): Min: 0.0, Avg: 0.0, Max: 0.0, Diff: 0.0, Sum: 0.0]
      [Object Copy (ms): Min: 0.0, Avg: 1.4, Max: 2.3, Diff: 2.3, Sum: 5.5]
      [Termination (ms): Min: 0.0, Avg: 0.4, Max: 0.7, Diff: 0.7, Sum: 1.5]
         [Termination Attempts: Min: 1, Avg: 1.0, Max: 1, Diff: 0, Sum: 4]
      [GC Worker Other (ms): Min: 0.0, Avg: 0.0, Max: 0.0, Diff: 0.0, Sum: 0.0]
      [GC Worker Total (ms): Min: 2.5, Avg: 3.0, Max: 3.2, Diff: 0.6, Sum: 12.0]
      [GC Worker End (ms): Min: 586.5, Avg: 586.5, Max: 586.5, Diff: 0.0]
   [Code Root Fixup: 0.0 ms]
   [Code Root Purge: 0.0 ms]
   [Clear CT: 0.1 ms]
   [Other: 1.0 ms]
      [Choose CSet: 0.0 ms]
      [Ref Proc: 0.7 ms]
      [Ref Enq: 0.0 ms]
      [Redirty Cards: 0.0 ms]
      [Humongous Register: 0.1 ms]
      [Humongous Reclaim: 0.0 ms]
      [Free CSet: 0.0 ms]
   [Eden: 21.0M(21.0M)->0.0B(95.0M) Survivors: 4096.0K->4096.0K Heap: 319.1M(512.0M)->294.0M(512.0M)]
 [Times: user=0.01 sys=0.00, real=0.01 secs] 
0.588: [GC pause (G1 Humongous Allocation) (young) (initial-mark), 0.0024946 secs]
   [Parallel Time: 1.5 ms, GC Workers: 4]
      [GC Worker Start (ms): Min: 588.3, Avg: 588.4, Max: 588.5, Diff: 0.2]
      [Ext Root Scanning (ms): Min: 0.0, Avg: 0.2, Max: 0.2, Diff: 0.2, Sum: 0.6]
      [Update RS (ms): Min: 0.0, Avg: 0.2, Max: 0.5, Diff: 0.5, Sum: 0.9]
         [Processed Buffers: Min: 1, Avg: 1.0, Max: 1, Diff: 0, Sum: 4]
      [Scan RS (ms): Min: 0.0, Avg: 0.0, Max: 0.0, Diff: 0.0, Sum: 0.0]
      [Code Root Scanning (ms): Min: 0.0, Avg: 0.0, Max: 0.0, Diff: 0.0, Sum: 0.0]
      [Object Copy (ms): Min: 0.0, Avg: 0.4, Max: 1.1, Diff: 1.1, Sum: 1.7]
      [Termination (ms): Min: 0.0, Avg: 0.5, Max: 0.7, Diff: 0.7, Sum: 2.1]
         [Termination Attempts: Min: 1, Avg: 1.0, Max: 1, Diff: 0, Sum: 4]
      [GC Worker Other (ms): Min: 0.0, Avg: 0.0, Max: 0.0, Diff: 0.0, Sum: 0.0]
      [GC Worker Total (ms): Min: 1.2, Avg: 1.3, Max: 1.4, Diff: 0.2, Sum: 5.3]
      [GC Worker End (ms): Min: 589.7, Avg: 589.7, Max: 589.7, Diff: 0.0]
   [Code Root Fixup: 0.0 ms]
   [Code Root Purge: 0.0 ms]
   [Clear CT: 0.0 ms]
   [Other: 1.0 ms]
      [Choose CSet: 0.0 ms]
      [Ref Proc: 0.7 ms]
      [Ref Enq: 0.0 ms]
      [Redirty Cards: 0.1 ms]
      [Humongous Register: 0.1 ms]
      [Humongous Reclaim: 0.0 ms]
      [Free CSet: 0.0 ms]
   [Eden: 3072.0K(95.0M)->0.0B(97.0M) Survivors: 4096.0K->4096.0K Heap: 296.2M(512.0M)->293.8M(512.0M)]
 [Times: user=0.01 sys=0.00, real=0.00 secs] 
0.591: [GC concurrent-root-region-scan-start]
0.591: [GC concurrent-root-region-scan-end, 0.0001091 secs]
0.591: [GC concurrent-mark-start]
0.593: [GC concurrent-mark-end, 0.0024222 secs]
0.593: [GC remark 0.594: [Finalize Marking, 0.0000979 secs] 0.594: [GC ref-proc, 0.0000257 secs] 0.594: [Unloading, 0.0006673 secs], 0.0018818 secs]
 [Times: user=0.01 sys=0.00, real=0.00 secs] 
0.596: [GC cleanup 304M->304M(512M), 0.0007634 secs]
 [Times: user=0.00 sys=0.00, real=0.00 secs] 
0.618: [GC pause (G1 Evacuation Pause) (young), 0.0070717 secs]
   [Parallel Time: 6.3 ms, GC Workers: 4]
      [GC Worker Start (ms): Min: 618.4, Avg: 618.5, Max: 618.5, Diff: 0.1]
      [Ext Root Scanning (ms): Min: 0.1, Avg: 0.1, Max: 0.2, Diff: 0.1, Sum: 0.6]
      [Update RS (ms): Min: 0.4, Avg: 0.4, Max: 0.4, Diff: 0.1, Sum: 1.7]
         [Processed Buffers: Min: 2, Avg: 5.0, Max: 6, Diff: 4, Sum: 20]
      [Scan RS (ms): Min: 0.0, Avg: 0.0, Max: 0.0, Diff: 0.0, Sum: 0.1]
      [Code Root Scanning (ms): Min: 0.0, Avg: 0.0, Max: 0.0, Diff: 0.0, Sum: 0.0]
      [Object Copy (ms): Min: 3.4, Avg: 3.8, Max: 5.1, Diff: 1.8, Sum: 15.3]
      [Termination (ms): Min: 0.0, Avg: 1.6, Max: 2.2, Diff: 2.2, Sum: 6.6]
         [Termination Attempts: Min: 1, Avg: 1.0, Max: 1, Diff: 0, Sum: 4]
      [GC Worker Other (ms): Min: 0.0, Avg: 0.0, Max: 0.0, Diff: 0.0, Sum: 0.0]
      [GC Worker Total (ms): Min: 5.7, Avg: 6.1, Max: 6.2, Diff: 0.5, Sum: 24.2]
      [GC Worker End (ms): Min: 624.2, Avg: 624.5, Max: 624.7, Diff: 0.5]
   [Code Root Fixup: 0.0 ms]
   [Code Root Purge: 0.0 ms]
   [Clear CT: 0.0 ms]
   [Other: 0.8 ms]
      [Choose CSet: 0.0 ms]
      [Ref Proc: 0.5 ms]
      [Ref Enq: 0.0 ms]
      [Redirty Cards: 0.1 ms]
      [Humongous Register: 0.1 ms]
      [Humongous Reclaim: 0.0 ms]
      [Free CSet: 0.0 ms]
   [Eden: 97.0M(97.0M)->0.0B(12.0M) Survivors: 4096.0K->13.0M Heap: 417.0M(512.0M)->333.2M(512.0M)]
 [Times: user=0.02 sys=0.00, real=0.00 secs] 
0.628: [GC pause (G1 Evacuation Pause) (mixed), 0.0061109 secs]
   [Parallel Time: 5.7 ms, GC Workers: 4]
      [GC Worker Start (ms): Min: 628.0, Avg: 628.0, Max: 628.0, Diff: 0.0]
      [Ext Root Scanning (ms): Min: 0.1, Avg: 0.1, Max: 0.2, Diff: 0.0, Sum: 0.5]
      [Update RS (ms): Min: 0.4, Avg: 0.4, Max: 0.5, Diff: 0.1, Sum: 1.8]
         [Processed Buffers: Min: 3, Avg: 5.2, Max: 6, Diff: 3, Sum: 21]
      [Scan RS (ms): Min: 0.0, Avg: 0.1, Max: 0.1, Diff: 0.0, Sum: 0.2]
      [Code Root Scanning (ms): Min: 0.0, Avg: 0.0, Max: 0.0, Diff: 0.0, Sum: 0.0]
      [Object Copy (ms): Min: 4.3, Avg: 4.5, Max: 5.0, Diff: 0.7, Sum: 18.0]
      [Termination (ms): Min: 0.0, Avg: 0.5, Max: 0.7, Diff: 0.7, Sum: 2.0]
         [Termination Attempts: Min: 1, Avg: 1.0, Max: 1, Diff: 0, Sum: 4]
      [GC Worker Other (ms): Min: 0.0, Avg: 0.0, Max: 0.0, Diff: 0.0, Sum: 0.0]
      [GC Worker Total (ms): Min: 5.6, Avg: 5.7, Max: 5.7, Diff: 0.1, Sum: 22.7]
      [GC Worker End (ms): Min: 633.6, Avg: 633.7, Max: 633.7, Diff: 0.0]
   [Code Root Fixup: 0.0 ms]
   [Code Root Purge: 0.0 ms]
   [Clear CT: 0.1 ms]
   [Other: 0.3 ms]
      [Choose CSet: 0.0 ms]
      [Ref Proc: 0.1 ms]
      [Ref Enq: 0.0 ms]
      [Redirty Cards: 0.0 ms]
      [Humongous Register: 0.1 ms]
      [Humongous Reclaim: 0.0 ms]
      [Free CSet: 0.0 ms]
   [Eden: 12.0M(12.0M)->0.0B(22.0M) Survivors: 13.0M->3072.0K Heap: 348.4M(512.0M)->311.3M(512.0M)]
 [Times: user=0.02 sys=0.00, real=0.00 secs] 
0.639: [GC pause (G1 Evacuation Pause) (mixed), 0.0016699 secs]
   [Parallel Time: 1.3 ms, GC Workers: 4]
      [GC Worker Start (ms): Min: 639.1, Avg: 639.2, Max: 639.2, Diff: 0.1]
      [Ext Root Scanning (ms): Min: 0.1, Avg: 0.1, Max: 0.2, Diff: 0.1, Sum: 0.6]
      [Update RS (ms): Min: 0.5, Avg: 0.6, Max: 0.6, Diff: 0.0, Sum: 2.2]
         [Processed Buffers: Min: 5, Avg: 6.8, Max: 8, Diff: 3, Sum: 27]
      [Scan RS (ms): Min: 0.0, Avg: 0.0, Max: 0.0, Diff: 0.0, Sum: 0.0]
      [Code Root Scanning (ms): Min: 0.0, Avg: 0.0, Max: 0.0, Diff: 0.0, Sum: 0.0]
      [Object Copy (ms): Min: 0.5, Avg: 0.5, Max: 0.5, Diff: 0.0, Sum: 2.1]
      [Termination (ms): Min: 0.0, Avg: 0.0, Max: 0.1, Diff: 0.1, Sum: 0.1]
         [Termination Attempts: Min: 1, Avg: 1.0, Max: 1, Diff: 0, Sum: 4]
      [GC Worker Other (ms): Min: 0.0, Avg: 0.0, Max: 0.0, Diff: 0.0, Sum: 0.0]
      [GC Worker Total (ms): Min: 1.2, Avg: 1.3, Max: 1.3, Diff: 0.1, Sum: 5.1]
      [GC Worker End (ms): Min: 640.4, Avg: 640.4, Max: 640.5, Diff: 0.0]
   [Code Root Fixup: 0.0 ms]
   [Code Root Purge: 0.0 ms]
   [Clear CT: 0.0 ms]
   [Other: 0.3 ms]
      [Choose CSet: 0.0 ms]
      [Ref Proc: 0.1 ms]
      [Ref Enq: 0.0 ms]
      [Redirty Cards: 0.0 ms]
      [Humongous Register: 0.1 ms]
      [Humongous Reclaim: 0.0 ms]
      [Free CSet: 0.0 ms]
   [Eden: 22.0M(22.0M)->0.0B(74.0M) Survivors: 3072.0K->4096.0K Heap: 340.0M(512.0M)->314.9M(512.0M)]
 [Times: user=0.00 sys=0.00, real=0.00 secs] 
0.641: [GC pause (G1 Humongous Allocation) (young) (initial-mark), 0.0008367 secs]
   [Parallel Time: 0.5 ms, GC Workers: 4]
      [GC Worker Start (ms): Min: 641.0, Avg: 641.1, Max: 641.1, Diff: 0.1]
      [Ext Root Scanning (ms): Min: 0.1, Avg: 0.1, Max: 0.2, Diff: 0.1, Sum: 0.5]
      [Update RS (ms): Min: 0.0, Avg: 0.1, Max: 0.1, Diff: 0.1, Sum: 0.3]
         [Processed Buffers: Min: 1, Avg: 1.2, Max: 2, Diff: 1, Sum: 5]
      [Scan RS (ms): Min: 0.0, Avg: 0.0, Max: 0.0, Diff: 0.0, Sum: 0.0]
      [Code Root Scanning (ms): Min: 0.0, Avg: 0.0, Max: 0.0, Diff: 0.0, Sum: 0.0]
      [Object Copy (ms): Min: 0.2, Avg: 0.2, Max: 0.2, Diff: 0.1, Sum: 0.8]
      [Termination (ms): Min: 0.0, Avg: 0.0, Max: 0.0, Diff: 0.0, Sum: 0.0]
         [Termination Attempts: Min: 1, Avg: 1.0, Max: 1, Diff: 0, Sum: 4]
      [GC Worker Other (ms): Min: 0.0, Avg: 0.0, Max: 0.0, Diff: 0.0, Sum: 0.0]
      [GC Worker Total (ms): Min: 0.4, Avg: 0.4, Max: 0.5, Diff: 0.1, Sum: 1.7]
      [GC Worker End (ms): Min: 641.5, Avg: 641.5, Max: 641.5, Diff: 0.0]
   [Code Root Fixup: 0.0 ms]
   [Code Root Purge: 0.0 ms]
   [Clear CT: 0.1 ms]
   [Other: 0.3 ms]
      [Choose CSet: 0.0 ms]
      [Ref Proc: 0.1 ms]
      [Ref Enq: 0.0 ms]
      [Redirty Cards: 0.1 ms]
      [Humongous Register: 0.0 ms]
      [Humongous Reclaim: 0.0 ms]
      [Free CSet: 0.0 ms]
   [Eden: 1024.0K(74.0M)->0.0B(70.0M) Survivors: 4096.0K->5120.0K Heap: 315.5M(512.0M)->315.0M(512.0M)]
 [Times: user=0.01 sys=0.00, real=0.00 secs] 
0.642: [GC concurrent-root-region-scan-start]
0.642: [GC concurrent-root-region-scan-end, 0.0001224 secs]
0.642: [GC concurrent-mark-start]
0.644: [GC concurrent-mark-end, 0.0016191 secs]
0.644: [GC remark 0.644: [Finalize Marking, 0.0001237 secs] 0.644: [GC ref-proc, 0.0000261 secs] 0.644: [Unloading, 0.0004787 secs], 0.0017284 secs]
 [Times: user=0.00 sys=0.00, real=0.00 secs] 
0.646: [GC cleanup 322M->322M(512M), 0.0004916 secs]
 [Times: user=0.01 sys=0.00, real=0.00 secs] 
0.659: [GC pause (G1 Evacuation Pause) (young), 0.0033484 secs]
   [Parallel Time: 2.9 ms, GC Workers: 4]
      [GC Worker Start (ms): Min: 659.3, Avg: 659.3, Max: 659.3, Diff: 0.0]
      [Ext Root Scanning (ms): Min: 0.1, Avg: 0.1, Max: 0.2, Diff: 0.0, Sum: 0.6]
      [Update RS (ms): Min: 0.6, Avg: 0.7, Max: 0.7, Diff: 0.0, Sum: 2.6]
         [Processed Buffers: Min: 6, Avg: 8.2, Max: 9, Diff: 3, Sum: 33]
      [Scan RS (ms): Min: 0.0, Avg: 0.0, Max: 0.0, Diff: 0.0, Sum: 0.0]
      [Code Root Scanning (ms): Min: 0.0, Avg: 0.0, Max: 0.0, Diff: 0.0, Sum: 0.0]
      [Object Copy (ms): Min: 2.0, Avg: 2.0, Max: 2.1, Diff: 0.0, Sum: 8.2]
      [Termination (ms): Min: 0.0, Avg: 0.0, Max: 0.0, Diff: 0.0, Sum: 0.0]
         [Termination Attempts: Min: 1, Avg: 1.0, Max: 1, Diff: 0, Sum: 4]
      [GC Worker Other (ms): Min: 0.0, Avg: 0.0, Max: 0.0, Diff: 0.0, Sum: 0.1]
      [GC Worker Total (ms): Min: 2.9, Avg: 2.9, Max: 2.9, Diff: 0.0, Sum: 11.5]
      [GC Worker End (ms): Min: 662.2, Avg: 662.2, Max: 662.2, Diff: 0.0]
   [Code Root Fixup: 0.0 ms]
   [Code Root Purge: 0.0 ms]
   [Clear CT: 0.1 ms]
   [Other: 0.3 ms]
      [Choose CSet: 0.0 ms]
      [Ref Proc: 0.1 ms]
      [Ref Enq: 0.0 ms]
      [Redirty Cards: 0.1 ms]
      [Humongous Register: 0.1 ms]
      [Humongous Reclaim: 0.0 ms]
      [Free CSet: 0.0 ms]
   [Eden: 70.0M(70.0M)->0.0B(15.0M) Survivors: 5120.0K->10.0M Heap: 400.5M(512.0M)->329.5M(512.0M)]
 [Times: user=0.02 sys=0.00, real=0.00 secs] 
0.665: [GC pause (G1 Evacuation Pause) (mixed), 0.0070992 secs]
   [Parallel Time: 6.6 ms, GC Workers: 4]
      [GC Worker Start (ms): Min: 665.2, Avg: 665.3, Max: 665.3, Diff: 0.0]
      [Ext Root Scanning (ms): Min: 0.1, Avg: 0.1, Max: 0.2, Diff: 0.0, Sum: 0.6]
      [Update RS (ms): Min: 1.1, Avg: 2.0, Max: 3.2, Diff: 2.2, Sum: 8.1]
         [Processed Buffers: Min: 1, Avg: 5.5, Max: 11, Diff: 10, Sum: 22]
      [Scan RS (ms): Min: 0.0, Avg: 0.1, Max: 0.1, Diff: 0.1, Sum: 0.2]
      [Code Root Scanning (ms): Min: 0.0, Avg: 0.0, Max: 0.0, Diff: 0.0, Sum: 0.0]
      [Object Copy (ms): Min: 3.1, Avg: 4.3, Max: 5.2, Diff: 2.1, Sum: 17.2]
      [Termination (ms): Min: 0.0, Avg: 0.0, Max: 0.1, Diff: 0.1, Sum: 0.1]
         [Termination Attempts: Min: 1, Avg: 1.0, Max: 1, Diff: 0, Sum: 4]
      [GC Worker Other (ms): Min: 0.0, Avg: 0.0, Max: 0.0, Diff: 0.0, Sum: 0.0]
      [GC Worker Total (ms): Min: 6.5, Avg: 6.5, Max: 6.6, Diff: 0.0, Sum: 26.2]
      [GC Worker End (ms): Min: 671.8, Avg: 671.8, Max: 671.8, Diff: 0.0]
   [Code Root Fixup: 0.0 ms]
   [Code Root Purge: 0.0 ms]
   [Clear CT: 0.1 ms]
   [Other: 0.4 ms]
      [Choose CSet: 0.0 ms]
      [Ref Proc: 0.1 ms]
      [Ref Enq: 0.0 ms]
      [Redirty Cards: 0.0 ms]
      [Humongous Register: 0.1 ms]
      [Humongous Reclaim: 0.0 ms]
      [Free CSet: 0.0 ms]
   [Eden: 15.0M(15.0M)->0.0B(78.0M) Survivors: 10.0M->4096.0K Heap: 346.6M(512.0M)->309.1M(512.0M)]
 [Times: user=0.01 sys=0.00, real=0.01 secs] 
0.673: [GC pause (G1 Humongous Allocation) (young) (initial-mark), 0.0008770 secs]
   [Parallel Time: 0.6 ms, GC Workers: 4]
      [GC Worker Start (ms): Min: 673.4, Avg: 673.4, Max: 673.4, Diff: 0.1]
      [Ext Root Scanning (ms): Min: 0.1, Avg: 0.1, Max: 0.2, Diff: 0.1, Sum: 0.6]
      [Update RS (ms): Min: 0.0, Avg: 0.1, Max: 0.2, Diff: 0.1, Sum: 0.5]
         [Processed Buffers: Min: 1, Avg: 1.5, Max: 3, Diff: 2, Sum: 6]
      [Scan RS (ms): Min: 0.0, Avg: 0.0, Max: 0.0, Diff: 0.0, Sum: 0.0]
      [Code Root Scanning (ms): Min: 0.0, Avg: 0.0, Max: 0.0, Diff: 0.0, Sum: 0.0]
      [Object Copy (ms): Min: 0.1, Avg: 0.2, Max: 0.3, Diff: 0.1, Sum: 0.8]
      [Termination (ms): Min: 0.0, Avg: 0.0, Max: 0.0, Diff: 0.0, Sum: 0.1]
         [Termination Attempts: Min: 1, Avg: 1.0, Max: 1, Diff: 0, Sum: 4]
      [GC Worker Other (ms): Min: 0.0, Avg: 0.0, Max: 0.0, Diff: 0.0, Sum: 0.0]
      [GC Worker Total (ms): Min: 0.5, Avg: 0.5, Max: 0.5, Diff: 0.0, Sum: 2.0]
      [GC Worker End (ms): Min: 673.9, Avg: 673.9, Max: 673.9, Diff: 0.0]
   [Code Root Fixup: 0.0 ms]
   [Code Root Purge: 0.0 ms]
   [Clear CT: 0.1 ms]
   [Other: 0.3 ms]
      [Choose CSet: 0.0 ms]
      [Ref Proc: 0.1 ms]
      [Ref Enq: 0.0 ms]
      [Redirty Cards: 0.0 ms]
      [Humongous Register: 0.1 ms]
      [Humongous Reclaim: 0.0 ms]
      [Free CSet: 0.0 ms]
   [Eden: 4096.0K(78.0M)->0.0B(78.0M) Survivors: 4096.0K->5120.0K Heap: 312.5M(512.0M)->309.7M(512.0M)]
 [Times: user=0.01 sys=0.00, real=0.00 secs] 
0.674: [GC concurrent-root-region-scan-start]
0.674: [GC concurrent-root-region-scan-end, 0.0000840 secs]
0.674: [GC concurrent-mark-start]
0.676: [GC concurrent-mark-end, 0.0014046 secs]
0.676: [GC remark 0.676: [Finalize Marking, 0.0001248 secs] 0.676: [GC ref-proc, 0.0000259 secs] 0.676: [Unloading, 0.0004563 secs], 0.0018942 secs]
 [Times: user=0.01 sys=0.01, real=0.01 secs] 
0.678: [GC cleanup 317M->317M(512M), 0.0005015 secs]
 [Times: user=0.00 sys=0.00, real=0.00 secs] 
0.694: [GC pause (G1 Evacuation Pause) (young), 0.0045747 secs]
   [Parallel Time: 4.0 ms, GC Workers: 4]
      [GC Worker Start (ms): Min: 693.9, Avg: 693.9, Max: 693.9, Diff: 0.1]
      [Ext Root Scanning (ms): Min: 0.1, Avg: 0.1, Max: 0.2, Diff: 0.1, Sum: 0.6]
      [Update RS (ms): Min: 0.7, Avg: 0.7, Max: 0.9, Diff: 0.2, Sum: 3.0]
         [Processed Buffers: Min: 4, Avg: 7.8, Max: 11, Diff: 7, Sum: 31]
      [Scan RS (ms): Min: 0.0, Avg: 0.0, Max: 0.0, Diff: 0.0, Sum: 0.0]
      [Code Root Scanning (ms): Min: 0.0, Avg: 0.0, Max: 0.0, Diff: 0.0, Sum: 0.0]
      [Object Copy (ms): Min: 2.4, Avg: 2.7, Max: 3.0, Diff: 0.6, Sum: 10.8]
      [Termination (ms): Min: 0.0, Avg: 0.3, Max: 0.4, Diff: 0.4, Sum: 1.3]
         [Termination Attempts: Min: 1, Avg: 1.0, Max: 1, Diff: 0, Sum: 4]
      [GC Worker Other (ms): Min: 0.0, Avg: 0.0, Max: 0.0, Diff: 0.0, Sum: 0.0]
      [GC Worker Total (ms): Min: 3.8, Avg: 3.9, Max: 4.0, Diff: 0.2, Sum: 15.8]
      [GC Worker End (ms): Min: 697.8, Avg: 697.9, Max: 697.9, Diff: 0.1]
   [Code Root Fixup: 0.0 ms]
   [Code Root Purge: 0.0 ms]
   [Clear CT: 0.1 ms]
   [Other: 0.4 ms]
      [Choose CSet: 0.0 ms]
      [Ref Proc: 0.1 ms]
      [Ref Enq: 0.0 ms]
      [Redirty Cards: 0.1 ms]
      [Humongous Register: 0.1 ms]
      [Humongous Reclaim: 0.0 ms]
      [Free CSet: 0.0 ms]
   [Eden: 78.0M(78.0M)->0.0B(14.0M) Survivors: 5120.0K->11.0M Heap: 411.8M(512.0M)->341.7M(512.0M)]
 [Times: user=0.01 sys=0.00, real=0.01 secs] 
0.701: [GC pause (G1 Evacuation Pause) (mixed), 0.0040554 secs]
   [Parallel Time: 3.7 ms, GC Workers: 4]
      [GC Worker Start (ms): Min: 701.2, Avg: 701.2, Max: 701.2, Diff: 0.0]
      [Ext Root Scanning (ms): Min: 0.1, Avg: 0.1, Max: 0.2, Diff: 0.0, Sum: 0.5]
      [Update RS (ms): Min: 0.4, Avg: 0.4, Max: 0.4, Diff: 0.0, Sum: 1.7]
         [Processed Buffers: Min: 5, Avg: 6.0, Max: 7, Diff: 2, Sum: 24]
      [Scan RS (ms): Min: 0.0, Avg: 0.0, Max: 0.1, Diff: 0.0, Sum: 0.2]
      [Code Root Scanning (ms): Min: 0.0, Avg: 0.0, Max: 0.0, Diff: 0.0, Sum: 0.0]
      [Object Copy (ms): Min: 3.0, Avg: 3.0, Max: 3.0, Diff: 0.0, Sum: 12.0]
      [Termination (ms): Min: 0.0, Avg: 0.0, Max: 0.0, Diff: 0.0, Sum: 0.0]
         [Termination Attempts: Min: 1, Avg: 1.0, Max: 1, Diff: 0, Sum: 4]
      [GC Worker Other (ms): Min: 0.0, Avg: 0.0, Max: 0.0, Diff: 0.0, Sum: 0.0]
      [GC Worker Total (ms): Min: 3.6, Avg: 3.6, Max: 3.7, Diff: 0.0, Sum: 14.5]
      [GC Worker End (ms): Min: 704.8, Avg: 704.8, Max: 704.8, Diff: 0.0]
   [Code Root Fixup: 0.0 ms]
   [Code Root Purge: 0.0 ms]
   [Clear CT: 0.0 ms]
   [Other: 0.3 ms]
      [Choose CSet: 0.0 ms]
      [Ref Proc: 0.1 ms]
      [Ref Enq: 0.0 ms]
      [Redirty Cards: 0.0 ms]
      [Humongous Register: 0.1 ms]
      [Humongous Reclaim: 0.0 ms]
      [Free CSet: 0.0 ms]
   [Eden: 14.0M(14.0M)->0.0B(60.0M) Survivors: 11.0M->4096.0K Heap: 358.0M(512.0M)->328.5M(512.0M)]
 [Times: user=0.01 sys=0.00, real=0.00 secs] 
0.705: [GC pause (G1 Humongous Allocation) (young) (initial-mark), 0.0010743 secs]
   [Parallel Time: 0.7 ms, GC Workers: 4]
      [GC Worker Start (ms): Min: 705.4, Avg: 705.4, Max: 705.5, Diff: 0.1]
      [Ext Root Scanning (ms): Min: 0.1, Avg: 0.1, Max: 0.2, Diff: 0.1, Sum: 0.6]
      [Update RS (ms): Min: 0.1, Avg: 0.1, Max: 0.2, Diff: 0.1, Sum: 0.4]
         [Processed Buffers: Min: 1, Avg: 1.2, Max: 2, Diff: 1, Sum: 5]
      [Scan RS (ms): Min: 0.0, Avg: 0.0, Max: 0.0, Diff: 0.0, Sum: 0.0]
      [Code Root Scanning (ms): Min: 0.0, Avg: 0.0, Max: 0.0, Diff: 0.0, Sum: 0.0]
      [Object Copy (ms): Min: 0.1, Avg: 0.2, Max: 0.3, Diff: 0.1, Sum: 0.9]
      [Termination (ms): Min: 0.0, Avg: 0.0, Max: 0.1, Diff: 0.1, Sum: 0.1]
         [Termination Attempts: Min: 1, Avg: 1.0, Max: 1, Diff: 0, Sum: 4]
      [GC Worker Other (ms): Min: 0.0, Avg: 0.0, Max: 0.0, Diff: 0.0, Sum: 0.0]
      [GC Worker Total (ms): Min: 0.5, Avg: 0.5, Max: 0.5, Diff: 0.0, Sum: 2.0]
      [GC Worker End (ms): Min: 705.9, Avg: 706.0, Max: 706.0, Diff: 0.0]
   [Code Root Fixup: 0.0 ms]
   [Code Root Purge: 0.0 ms]
   [Clear CT: 0.0 ms]
   [Other: 0.4 ms]
      [Choose CSet: 0.0 ms]
      [Ref Proc: 0.2 ms]
      [Ref Enq: 0.0 ms]
      [Redirty Cards: 0.1 ms]
      [Humongous Register: 0.1 ms]
      [Humongous Reclaim: 0.0 ms]
      [Free CSet: 0.0 ms]
   [Eden: 1024.0K(60.0M)->0.0B(58.0M) Survivors: 4096.0K->5120.0K Heap: 328.9M(512.0M)->329.4M(512.0M)]
 [Times: user=0.00 sys=0.00, real=0.00 secs] 
0.706: [GC concurrent-root-region-scan-start]
0.707: [GC concurrent-root-region-scan-end, 0.0001067 secs]
0.707: [GC concurrent-mark-start]
0.708: [GC concurrent-mark-end, 0.0014614 secs]
0.708: [GC remark 0.708: [Finalize Marking, 0.0000934 secs] 0.708: [GC ref-proc, 0.0000285 secs] 0.708: [Unloading, 0.0004632 secs], 0.0017720 secs]
 [Times: user=0.00 sys=0.00, real=0.00 secs] 
0.710: [GC cleanup 342M->342M(512M), 0.0004587 secs]
 [Times: user=0.00 sys=0.00, real=0.00 secs] 
0.720: [GC pause (G1 Evacuation Pause) (young), 0.0031267 secs]
   [Parallel Time: 2.8 ms, GC Workers: 4]
      [GC Worker Start (ms): Min: 720.2, Avg: 720.2, Max: 720.2, Diff: 0.0]
      [Ext Root Scanning (ms): Min: 0.1, Avg: 0.1, Max: 0.2, Diff: 0.0, Sum: 0.6]
      [Update RS (ms): Min: 0.7, Avg: 0.7, Max: 0.7, Diff: 0.1, Sum: 2.7]
         [Processed Buffers: Min: 6, Avg: 8.8, Max: 11, Diff: 5, Sum: 35]
      [Scan RS (ms): Min: 0.0, Avg: 0.0, Max: 0.0, Diff: 0.0, Sum: 0.0]
      [Code Root Scanning (ms): Min: 0.0, Avg: 0.0, Max: 0.0, Diff: 0.0, Sum: 0.0]
      [Object Copy (ms): Min: 1.8, Avg: 1.8, Max: 1.9, Diff: 0.1, Sum: 7.3]
      [Termination (ms): Min: 0.0, Avg: 0.0, Max: 0.1, Diff: 0.1, Sum: 0.1]
         [Termination Attempts: Min: 1, Avg: 1.0, Max: 1, Diff: 0, Sum: 4]
      [GC Worker Other (ms): Min: 0.0, Avg: 0.0, Max: 0.0, Diff: 0.0, Sum: 0.0]
      [GC Worker Total (ms): Min: 2.7, Avg: 2.7, Max: 2.7, Diff: 0.0, Sum: 10.8]
      [GC Worker End (ms): Min: 722.9, Avg: 722.9, Max: 722.9, Diff: 0.0]
   [Code Root Fixup: 0.0 ms]
   [Code Root Purge: 0.0 ms]
   [Clear CT: 0.1 ms]
   [Other: 0.3 ms]
      [Choose CSet: 0.0 ms]
      [Ref Proc: 0.1 ms]
      [Ref Enq: 0.0 ms]
      [Redirty Cards: 0.1 ms]
      [Humongous Register: 0.1 ms]
      [Humongous Reclaim: 0.0 ms]
      [Free CSet: 0.0 ms]
   [Eden: 58.0M(58.0M)->0.0B(17.0M) Survivors: 5120.0K->8192.0K Heap: 404.2M(512.0M)->347.6M(512.0M)]
 [Times: user=0.01 sys=0.00, real=0.00 secs] 
0.726: [GC pause (G1 Evacuation Pause) (mixed), 0.0061686 secs]
   [Parallel Time: 5.1 ms, GC Workers: 4]
      [GC Worker Start (ms): Min: 726.3, Avg: 726.4, Max: 726.4, Diff: 0.0]
      [Ext Root Scanning (ms): Min: 0.1, Avg: 0.1, Max: 0.2, Diff: 0.0, Sum: 0.5]
      [Update RS (ms): Min: 0.1, Avg: 0.1, Max: 0.2, Diff: 0.0, Sum: 0.6]
         [Processed Buffers: Min: 2, Avg: 2.5, Max: 4, Diff: 2, Sum: 10]
      [Scan RS (ms): Min: 0.0, Avg: 0.0, Max: 0.0, Diff: 0.0, Sum: 0.2]
      [Code Root Scanning (ms): Min: 0.0, Avg: 0.0, Max: 0.0, Diff: 0.0, Sum: 0.0]
      [Object Copy (ms): Min: 3.9, Avg: 4.1, Max: 4.6, Diff: 0.7, Sum: 16.4]
      [Termination (ms): Min: 0.0, Avg: 0.5, Max: 0.7, Diff: 0.7, Sum: 2.2]
         [Termination Attempts: Min: 1, Avg: 1.0, Max: 1, Diff: 0, Sum: 4]
      [GC Worker Other (ms): Min: 0.0, Avg: 0.0, Max: 0.0, Diff: 0.0, Sum: 0.0]
      [GC Worker Total (ms): Min: 4.9, Avg: 5.0, Max: 5.0, Diff: 0.1, Sum: 19.9]
      [GC Worker End (ms): Min: 731.3, Avg: 731.3, Max: 731.4, Diff: 0.0]
   [Code Root Fixup: 0.0 ms]
   [Code Root Purge: 0.0 ms]
   [Clear CT: 0.1 ms]
   [Other: 1.0 ms]
      [Choose CSet: 0.0 ms]
      [Ref Proc: 0.8 ms]
      [Ref Enq: 0.0 ms]
      [Redirty Cards: 0.0 ms]
      [Humongous Register: 0.1 ms]
      [Humongous Reclaim: 0.0 ms]
      [Free CSet: 0.0 ms]
   [Eden: 17.0M(17.0M)->0.0B(57.0M) Survivors: 8192.0K->4096.0K Heap: 365.1M(512.0M)->331.1M(512.0M)]
 [Times: user=0.02 sys=0.00, real=0.01 secs] 
0.733: [GC pause (G1 Humongous Allocation) (young) (initial-mark), 0.0014228 secs]
   [Parallel Time: 1.0 ms, GC Workers: 4]
      [GC Worker Start (ms): Min: 732.8, Avg: 732.8, Max: 732.8, Diff: 0.0]
      [Ext Root Scanning (ms): Min: 0.1, Avg: 0.1, Max: 0.2, Diff: 0.0, Sum: 0.6]
      [Update RS (ms): Min: 0.1, Avg: 0.1, Max: 0.1, Diff: 0.0, Sum: 0.4]
         [Processed Buffers: Min: 1, Avg: 1.2, Max: 2, Diff: 1, Sum: 5]
      [Scan RS (ms): Min: 0.0, Avg: 0.0, Max: 0.0, Diff: 0.0, Sum: 0.0]
      [Code Root Scanning (ms): Min: 0.0, Avg: 0.0, Max: 0.0, Diff: 0.0, Sum: 0.0]
      [Object Copy (ms): Min: 0.2, Avg: 0.3, Max: 0.6, Diff: 0.4, Sum: 1.3]
      [Termination (ms): Min: 0.0, Avg: 0.3, Max: 0.5, Diff: 0.5, Sum: 1.3]
         [Termination Attempts: Min: 1, Avg: 1.0, Max: 1, Diff: 0, Sum: 4]
      [GC Worker Other (ms): Min: 0.0, Avg: 0.0, Max: 0.0, Diff: 0.0, Sum: 0.0]
      [GC Worker Total (ms): Min: 0.8, Avg: 0.9, Max: 0.9, Diff: 0.1, Sum: 3.6]
      [GC Worker End (ms): Min: 733.6, Avg: 733.7, Max: 733.7, Diff: 0.1]
   [Code Root Fixup: 0.0 ms]
   [Code Root Purge: 0.0 ms]
   [Clear CT: 0.1 ms]
   [Other: 0.3 ms]
      [Choose CSet: 0.0 ms]
      [Ref Proc: 0.1 ms]
      [Ref Enq: 0.0 ms]
      [Redirty Cards: 0.1 ms]
      [Humongous Register: 0.1 ms]
      [Humongous Reclaim: 0.0 ms]
      [Free CSet: 0.0 ms]
   [Eden: 1024.0K(57.0M)->0.0B(56.0M) Survivors: 4096.0K->5120.0K Heap: 331.9M(512.0M)->331.2M(512.0M)]
 [Times: user=0.00 sys=0.00, real=0.00 secs] 
0.734: [GC concurrent-root-region-scan-start]
0.734: [GC concurrent-root-region-scan-end, 0.0000696 secs]
0.734: [GC concurrent-mark-start]
0.736: [GC concurrent-mark-end, 0.0015425 secs]
0.736: [GC remark 0.736: [Finalize Marking, 0.0001503 secs] 0.736: [GC ref-proc, 0.0000464 secs] 0.736: [Unloading, 0.0004906 secs], 0.0018780 secs]
 [Times: user=0.00 sys=0.00, real=0.01 secs] 
0.738: [GC cleanup 342M->342M(512M), 0.0004897 secs]
 [Times: user=0.00 sys=0.00, real=0.00 secs] 
0.748: [GC pause (G1 Evacuation Pause) (young), 0.0032675 secs]
   [Parallel Time: 2.9 ms, GC Workers: 4]
      [GC Worker Start (ms): Min: 748.1, Avg: 748.1, Max: 748.1, Diff: 0.0]
      [Ext Root Scanning (ms): Min: 0.1, Avg: 0.1, Max: 0.2, Diff: 0.0, Sum: 0.5]
      [Update RS (ms): Min: 0.8, Avg: 0.8, Max: 0.9, Diff: 0.0, Sum: 3.4]
         [Processed Buffers: Min: 8, Avg: 10.2, Max: 11, Diff: 3, Sum: 41]
      [Scan RS (ms): Min: 0.0, Avg: 0.0, Max: 0.0, Diff: 0.0, Sum: 0.0]
      [Code Root Scanning (ms): Min: 0.0, Avg: 0.0, Max: 0.0, Diff: 0.0, Sum: 0.0]
      [Object Copy (ms): Min: 1.8, Avg: 1.8, Max: 1.9, Diff: 0.0, Sum: 7.4]
      [Termination (ms): Min: 0.0, Avg: 0.0, Max: 0.0, Diff: 0.0, Sum: 0.1]
         [Termination Attempts: Min: 1, Avg: 1.0, Max: 1, Diff: 0, Sum: 4]
      [GC Worker Other (ms): Min: 0.0, Avg: 0.0, Max: 0.0, Diff: 0.0, Sum: 0.0]
      [GC Worker Total (ms): Min: 2.8, Avg: 2.9, Max: 2.9, Diff: 0.0, Sum: 11.5]
      [GC Worker End (ms): Min: 751.0, Avg: 751.0, Max: 751.0, Diff: 0.0]
   [Code Root Fixup: 0.0 ms]
   [Code Root Purge: 0.0 ms]
   [Clear CT: 0.1 ms]
   [Other: 0.3 ms]
      [Choose CSet: 0.0 ms]
      [Ref Proc: 0.1 ms]
      [Ref Enq: 0.0 ms]
      [Redirty Cards: 0.0 ms]
      [Humongous Register: 0.1 ms]
      [Humongous Reclaim: 0.0 ms]
      [Free CSet: 0.0 ms]
   [Eden: 56.0M(56.0M)->0.0B(17.0M) Survivors: 5120.0K->8192.0K Heap: 401.9M(512.0M)->349.1M(512.0M)]
 [Times: user=0.01 sys=0.00, real=0.00 secs] 
0.755: [GC pause (G1 Evacuation Pause) (mixed), 0.0057825 secs]
   [Parallel Time: 4.9 ms, GC Workers: 4]
      [GC Worker Start (ms): Min: 755.3, Avg: 755.3, Max: 755.4, Diff: 0.1]
      [Ext Root Scanning (ms): Min: 0.1, Avg: 0.1, Max: 0.2, Diff: 0.1, Sum: 0.6]
      [Update RS (ms): Min: 0.8, Avg: 0.8, Max: 0.8, Diff: 0.0, Sum: 3.2]
         [Processed Buffers: Min: 9, Avg: 10.2, Max: 11, Diff: 2, Sum: 41]
      [Scan RS (ms): Min: 0.0, Avg: 0.0, Max: 0.0, Diff: 0.0, Sum: 0.2]
      [Code Root Scanning (ms): Min: 0.0, Avg: 0.0, Max: 0.0, Diff: 0.0, Sum: 0.0]
      [Object Copy (ms): Min: 3.8, Avg: 3.8, Max: 3.8, Diff: 0.1, Sum: 15.2]
      [Termination (ms): Min: 0.0, Avg: 0.0, Max: 0.1, Diff: 0.1, Sum: 0.2]
         [Termination Attempts: Min: 1, Avg: 1.0, Max: 1, Diff: 0, Sum: 4]
      [GC Worker Other (ms): Min: 0.0, Avg: 0.0, Max: 0.0, Diff: 0.0, Sum: 0.1]
      [GC Worker Total (ms): Min: 4.8, Avg: 4.8, Max: 4.9, Diff: 0.1, Sum: 19.4]
      [GC Worker End (ms): Min: 760.2, Avg: 760.2, Max: 760.2, Diff: 0.0]
   [Code Root Fixup: 0.0 ms]
   [Code Root Purge: 0.0 ms]
   [Clear CT: 0.1 ms]
   [Other: 0.8 ms]
      [Choose CSet: 0.0 ms]
      [Ref Proc: 0.5 ms]
      [Ref Enq: 0.0 ms]
      [Redirty Cards: 0.0 ms]
      [Humongous Register: 0.1 ms]
      [Humongous Reclaim: 0.0 ms]
      [Free CSet: 0.0 ms]
   [Eden: 17.0M(17.0M)->0.0B(51.0M) Survivors: 8192.0K->4096.0K Heap: 372.2M(512.0M)->337.9M(512.0M)]
 [Times: user=0.02 sys=0.01, real=0.01 secs] 
0.762: [GC pause (G1 Humongous Allocation) (young) (initial-mark), 0.0009468 secs]
   [Parallel Time: 0.6 ms, GC Workers: 4]
      [GC Worker Start (ms): Min: 761.6, Avg: 761.6, Max: 761.7, Diff: 0.1]
      [Ext Root Scanning (ms): Min: 0.1, Avg: 0.1, Max: 0.2, Diff: 0.1, Sum: 0.6]
      [Update RS (ms): Min: 0.1, Avg: 0.1, Max: 0.1, Diff: 0.0, Sum: 0.4]
         [Processed Buffers: Min: 1, Avg: 1.2, Max: 2, Diff: 1, Sum: 5]
      [Scan RS (ms): Min: 0.0, Avg: 0.0, Max: 0.0, Diff: 0.0, Sum: 0.0]
      [Code Root Scanning (ms): Min: 0.0, Avg: 0.0, Max: 0.0, Diff: 0.0, Sum: 0.0]
      [Object Copy (ms): Min: 0.3, Avg: 0.3, Max: 0.3, Diff: 0.0, Sum: 1.1]
      [Termination (ms): Min: 0.0, Avg: 0.0, Max: 0.0, Diff: 0.0, Sum: 0.1]
         [Termination Attempts: Min: 1, Avg: 1.0, Max: 1, Diff: 0, Sum: 4]
      [GC Worker Other (ms): Min: 0.0, Avg: 0.0, Max: 0.0, Diff: 0.0, Sum: 0.0]
      [GC Worker Total (ms): Min: 0.5, Avg: 0.6, Max: 0.6, Diff: 0.1, Sum: 2.2]
      [GC Worker End (ms): Min: 762.2, Avg: 762.2, Max: 762.2, Diff: 0.0]
   [Code Root Fixup: 0.0 ms]
   [Code Root Purge: 0.0 ms]
   [Clear CT: 0.0 ms]
   [Other: 0.3 ms]
      [Choose CSet: 0.0 ms]
      [Ref Proc: 0.1 ms]
      [Ref Enq: 0.0 ms]
      [Redirty Cards: 0.1 ms]
      [Humongous Register: 0.1 ms]
      [Humongous Reclaim: 0.0 ms]
      [Free CSet: 0.0 ms]
   [Eden: 2048.0K(51.0M)->0.0B(53.0M) Survivors: 4096.0K->1024.0K Heap: 339.8M(512.0M)->337.6M(512.0M)]
 [Times: user=0.00 sys=0.00, real=0.00 secs] 
0.763: [GC concurrent-root-region-scan-start]
0.763: [GC concurrent-root-region-scan-end, 0.0001102 secs]
0.763: [GC concurrent-mark-start]
0.764: [GC concurrent-mark-end, 0.0015106 secs]
0.764: [GC remark 0.764: [Finalize Marking, 0.0000891 secs] 0.764: [GC ref-proc, 0.0000245 secs] 0.764: [Unloading, 0.0004623 secs], 0.0018062 secs]
 [Times: user=0.00 sys=0.00, real=0.00 secs] 
0.766: [GC cleanup 350M->350M(512M), 0.0005361 secs]
 [Times: user=0.00 sys=0.00, real=0.00 secs] 
0.776: [GC pause (G1 Evacuation Pause) (young), 0.0027564 secs]
   [Parallel Time: 2.4 ms, GC Workers: 4]
      [GC Worker Start (ms): Min: 776.1, Avg: 776.1, Max: 776.1, Diff: 0.0]
      [Ext Root Scanning (ms): Min: 0.1, Avg: 0.1, Max: 0.2, Diff: 0.0, Sum: 0.5]
      [Update RS (ms): Min: 1.0, Avg: 1.0, Max: 1.1, Diff: 0.1, Sum: 4.1]
         [Processed Buffers: Min: 10, Avg: 12.5, Max: 14, Diff: 4, Sum: 50]
      [Scan RS (ms): Min: 0.0, Avg: 0.0, Max: 0.0, Diff: 0.0, Sum: 0.0]
      [Code Root Scanning (ms): Min: 0.0, Avg: 0.0, Max: 0.0, Diff: 0.0, Sum: 0.0]
      [Object Copy (ms): Min: 1.1, Avg: 1.2, Max: 1.2, Diff: 0.0, Sum: 4.6]
      [Termination (ms): Min: 0.0, Avg: 0.0, Max: 0.0, Diff: 0.0, Sum: 0.1]
         [Termination Attempts: Min: 1, Avg: 1.0, Max: 1, Diff: 0, Sum: 4]
      [GC Worker Other (ms): Min: 0.0, Avg: 0.0, Max: 0.0, Diff: 0.0, Sum: 0.0]
      [GC Worker Total (ms): Min: 2.3, Avg: 2.3, Max: 2.4, Diff: 0.0, Sum: 9.4]
      [GC Worker End (ms): Min: 778.4, Avg: 778.4, Max: 778.4, Diff: 0.0]
   [Code Root Fixup: 0.0 ms]
   [Code Root Purge: 0.0 ms]
   [Clear CT: 0.1 ms]
   [Other: 0.3 ms]
      [Choose CSet: 0.0 ms]
      [Ref Proc: 0.1 ms]
      [Ref Enq: 0.0 ms]
      [Redirty Cards: 0.0 ms]
      [Humongous Register: 0.1 ms]
      [Humongous Reclaim: 0.0 ms]
      [Free CSet: 0.0 ms]
   [Eden: 53.0M(53.0M)->0.0B(18.0M) Survivors: 1024.0K->7168.0K Heap: 402.1M(512.0M)->352.6M(512.0M)]
 [Times: user=0.01 sys=0.00, real=0.01 secs] 
0.782: [GC pause (G1 Evacuation Pause) (mixed), 0.0046985 secs]
   [Parallel Time: 4.3 ms, GC Workers: 4]
      [GC Worker Start (ms): Min: 782.5, Avg: 782.6, Max: 782.6, Diff: 0.0]
      [Ext Root Scanning (ms): Min: 0.1, Avg: 0.1, Max: 0.2, Diff: 0.0, Sum: 0.5]
      [Update RS (ms): Min: 0.5, Avg: 0.6, Max: 0.6, Diff: 0.0, Sum: 2.2]
         [Processed Buffers: Min: 7, Avg: 7.8, Max: 8, Diff: 1, Sum: 31]
      [Scan RS (ms): Min: 0.0, Avg: 0.0, Max: 0.1, Diff: 0.0, Sum: 0.2]
      [Code Root Scanning (ms): Min: 0.0, Avg: 0.0, Max: 0.0, Diff: 0.0, Sum: 0.0]
      [Object Copy (ms): Min: 3.5, Avg: 3.5, Max: 3.5, Diff: 0.0, Sum: 14.0]
      [Termination (ms): Min: 0.0, Avg: 0.0, Max: 0.1, Diff: 0.1, Sum: 0.1]
         [Termination Attempts: Min: 1, Avg: 1.0, Max: 1, Diff: 0, Sum: 4]
      [GC Worker Other (ms): Min: 0.0, Avg: 0.0, Max: 0.0, Diff: 0.0, Sum: 0.0]
      [GC Worker Total (ms): Min: 4.2, Avg: 4.3, Max: 4.3, Diff: 0.0, Sum: 17.1]
      [GC Worker End (ms): Min: 786.8, Avg: 786.8, Max: 786.8, Diff: 0.0]
   [Code Root Fixup: 0.0 ms]
   [Code Root Purge: 0.0 ms]
   [Clear CT: 0.1 ms]
   [Other: 0.3 ms]
      [Choose CSet: 0.0 ms]
      [Ref Proc: 0.1 ms]
      [Ref Enq: 0.0 ms]
      [Redirty Cards: 0.0 ms]
      [Humongous Register: 0.1 ms]
      [Humongous Reclaim: 0.0 ms]
      [Free CSet: 0.0 ms]
   [Eden: 18.0M(18.0M)->0.0B(52.0M) Survivors: 7168.0K->4096.0K Heap: 373.8M(512.0M)->339.1M(512.0M)]
 [Times: user=0.02 sys=0.00, real=0.00 secs] 
0.787: [GC pause (G1 Humongous Allocation) (young) (initial-mark), 0.0008014 secs]
   [Parallel Time: 0.5 ms, GC Workers: 4]
      [GC Worker Start (ms): Min: 787.5, Avg: 787.5, Max: 787.6, Diff: 0.0]
      [Ext Root Scanning (ms): Min: 0.1, Avg: 0.1, Max: 0.2, Diff: 0.0, Sum: 0.6]
      [Update RS (ms): Min: 0.1, Avg: 0.1, Max: 0.1, Diff: 0.1, Sum: 0.4]
         [Processed Buffers: Min: 1, Avg: 1.2, Max: 2, Diff: 1, Sum: 5]
      [Scan RS (ms): Min: 0.0, Avg: 0.0, Max: 0.0, Diff: 0.0, Sum: 0.0]
      [Code Root Scanning (ms): Min: 0.0, Avg: 0.0, Max: 0.0, Diff: 0.0, Sum: 0.0]
      [Object Copy (ms): Min: 0.2, Avg: 0.2, Max: 0.2, Diff: 0.1, Sum: 0.8]
      [Termination (ms): Min: 0.0, Avg: 0.0, Max: 0.0, Diff: 0.0, Sum: 0.0]
         [Termination Attempts: Min: 1, Avg: 1.0, Max: 1, Diff: 0, Sum: 4]
      [GC Worker Other (ms): Min: 0.0, Avg: 0.0, Max: 0.0, Diff: 0.0, Sum: 0.0]
      [GC Worker Total (ms): Min: 0.4, Avg: 0.5, Max: 0.5, Diff: 0.0, Sum: 1.9]
      [GC Worker End (ms): Min: 788.0, Avg: 788.0, Max: 788.0, Diff: 0.0]
   [Code Root Fixup: 0.0 ms]
   [Code Root Purge: 0.0 ms]
   [Clear CT: 0.0 ms]
   [Other: 0.2 ms]
      [Choose CSet: 0.0 ms]
      [Ref Proc: 0.1 ms]
      [Ref Enq: 0.0 ms]
      [Redirty Cards: 0.0 ms]
      [Humongous Register: 0.1 ms]
      [Humongous Reclaim: 0.0 ms]
      [Free CSet: 0.0 ms]
   [Eden: 1024.0K(52.0M)->0.0B(53.0M) Survivors: 4096.0K->4096.0K Heap: 339.8M(512.0M)->339.1M(512.0M)]
 [Times: user=0.00 sys=0.00, real=0.00 secs] 
0.788: [GC concurrent-root-region-scan-start]
0.788: [GC concurrent-root-region-scan-end, 0.0000860 secs]
0.788: [GC concurrent-mark-start]
0.790: [GC concurrent-mark-end, 0.0015341 secs]
0.790: [GC remark 0.790: [Finalize Marking, 0.0000946 secs] 0.790: [GC ref-proc, 0.0000257 secs] 0.790: [Unloading, 0.0004712 secs], 0.0018565 secs]
 [Times: user=0.01 sys=0.00, real=0.00 secs] 
0.792: [GC cleanup 350M->350M(512M), 0.0004412 secs]
 [Times: user=0.00 sys=0.00, real=0.00 secs] 
0.802: [GC pause (G1 Evacuation Pause) (young), 0.0038302 secs]
   [Parallel Time: 3.5 ms, GC Workers: 4]
      [GC Worker Start (ms): Min: 802.4, Avg: 802.4, Max: 802.5, Diff: 0.1]
      [Ext Root Scanning (ms): Min: 0.1, Avg: 0.1, Max: 0.2, Diff: 0.1, Sum: 0.5]
      [Update RS (ms): Min: 1.1, Avg: 1.2, Max: 1.2, Diff: 0.0, Sum: 4.7]
         [Processed Buffers: Min: 12, Avg: 14.5, Max: 16, Diff: 4, Sum: 58]
      [Scan RS (ms): Min: 0.0, Avg: 0.0, Max: 0.0, Diff: 0.0, Sum: 0.0]
      [Code Root Scanning (ms): Min: 0.0, Avg: 0.0, Max: 0.0, Diff: 0.0, Sum: 0.0]
      [Object Copy (ms): Min: 1.9, Avg: 2.0, Max: 2.0, Diff: 0.1, Sum: 7.8]
      [Termination (ms): Min: 0.0, Avg: 0.1, Max: 0.1, Diff: 0.1, Sum: 0.3]
         [Termination Attempts: Min: 1, Avg: 1.0, Max: 1, Diff: 0, Sum: 4]
      [GC Worker Other (ms): Min: 0.0, Avg: 0.0, Max: 0.0, Diff: 0.0, Sum: 0.0]
      [GC Worker Total (ms): Min: 3.3, Avg: 3.4, Max: 3.4, Diff: 0.1, Sum: 13.4]
      [GC Worker End (ms): Min: 805.8, Avg: 805.8, Max: 805.8, Diff: 0.0]
   [Code Root Fixup: 0.0 ms]
   [Code Root Purge: 0.0 ms]
   [Clear CT: 0.1 ms]
   [Other: 0.3 ms]
      [Choose CSet: 0.0 ms]
      [Ref Proc: 0.1 ms]
      [Ref Enq: 0.0 ms]
      [Redirty Cards: 0.0 ms]
      [Humongous Register: 0.1 ms]
      [Humongous Reclaim: 0.0 ms]
      [Free CSet: 0.0 ms]
   [Eden: 53.0M(53.0M)->0.0B(17.0M) Survivors: 4096.0K->8192.0K Heap: 404.9M(512.0M)->356.4M(512.0M)]
 [Times: user=0.01 sys=0.00, real=0.00 secs] 
0.810: [GC pause (G1 Evacuation Pause) (mixed), 0.0052176 secs]
   [Parallel Time: 4.9 ms, GC Workers: 4]
      [GC Worker Start (ms): Min: 810.2, Avg: 810.3, Max: 810.3, Diff: 0.1]
      [Ext Root Scanning (ms): Min: 0.1, Avg: 0.1, Max: 0.2, Diff: 0.1, Sum: 0.6]
      [Update RS (ms): Min: 0.6, Avg: 0.9, Max: 2.0, Diff: 1.4, Sum: 3.8]
         [Processed Buffers: Min: 5, Avg: 7.5, Max: 9, Diff: 4, Sum: 30]
      [Scan RS (ms): Min: 0.0, Avg: 0.0, Max: 0.1, Diff: 0.1, Sum: 0.2]
      [Code Root Scanning (ms): Min: 0.0, Avg: 0.0, Max: 0.0, Diff: 0.0, Sum: 0.0]
      [Object Copy (ms): Min: 2.0, Avg: 3.1, Max: 3.8, Diff: 1.8, Sum: 12.6]
      [Termination (ms): Min: 0.0, Avg: 0.5, Max: 0.7, Diff: 0.7, Sum: 1.9]
         [Termination Attempts: Min: 1, Avg: 1.0, Max: 1, Diff: 0, Sum: 4]
      [GC Worker Other (ms): Min: 0.0, Avg: 0.0, Max: 0.0, Diff: 0.0, Sum: 0.0]
      [GC Worker Total (ms): Min: 4.6, Avg: 4.8, Max: 4.8, Diff: 0.2, Sum: 19.1]
      [GC Worker End (ms): Min: 814.9, Avg: 815.0, Max: 815.1, Diff: 0.2]
   [Code Root Fixup: 0.0 ms]
   [Code Root Purge: 0.0 ms]
   [Clear CT: 0.1 ms]
   [Other: 0.3 ms]
      [Choose CSet: 0.0 ms]
      [Ref Proc: 0.1 ms]
      [Ref Enq: 0.0 ms]
      [Redirty Cards: 0.0 ms]
      [Humongous Register: 0.1 ms]
      [Humongous Reclaim: 0.0 ms]
      [Free CSet: 0.0 ms]
   [Eden: 17.0M(17.0M)->0.0B(51.0M) Survivors: 8192.0K->4096.0K Heap: 376.5M(512.0M)->342.0M(512.0M)]
 [Times: user=0.01 sys=0.00, real=0.00 secs] 
0.816: [GC pause (G1 Humongous Allocation) (young) (initial-mark), 0.0010430 secs]
   [Parallel Time: 0.7 ms, GC Workers: 4]
      [GC Worker Start (ms): Min: 816.1, Avg: 816.1, Max: 816.1, Diff: 0.0]
      [Ext Root Scanning (ms): Min: 0.1, Avg: 0.1, Max: 0.2, Diff: 0.0, Sum: 0.6]
      [Update RS (ms): Min: 0.1, Avg: 0.1, Max: 0.2, Diff: 0.2, Sum: 0.5]
         [Processed Buffers: Min: 1, Avg: 1.2, Max: 2, Diff: 1, Sum: 5]
      [Scan RS (ms): Min: 0.0, Avg: 0.0, Max: 0.0, Diff: 0.0, Sum: 0.0]
      [Code Root Scanning (ms): Min: 0.0, Avg: 0.0, Max: 0.0, Diff: 0.0, Sum: 0.0]
      [Object Copy (ms): Min: 0.1, Avg: 0.2, Max: 0.3, Diff: 0.2, Sum: 0.8]
      [Termination (ms): Min: 0.0, Avg: 0.1, Max: 0.2, Diff: 0.2, Sum: 0.4]
         [Termination Attempts: Min: 1, Avg: 1.0, Max: 1, Diff: 0, Sum: 4]
      [GC Worker Other (ms): Min: 0.0, Avg: 0.0, Max: 0.0, Diff: 0.0, Sum: 0.0]
      [GC Worker Total (ms): Min: 0.6, Avg: 0.6, Max: 0.6, Diff: 0.1, Sum: 2.4]
      [GC Worker End (ms): Min: 816.6, Avg: 816.7, Max: 816.7, Diff: 0.1]
   [Code Root Fixup: 0.0 ms]
   [Code Root Purge: 0.0 ms]
   [Clear CT: 0.1 ms]
   [Other: 0.3 ms]
      [Choose CSet: 0.0 ms]
      [Ref Proc: 0.1 ms]
      [Ref Enq: 0.0 ms]
      [Redirty Cards: 0.0 ms]
      [Humongous Register: 0.1 ms]
      [Humongous Reclaim: 0.0 ms]
      [Free CSet: 0.0 ms]
   [Eden: 3072.0K(51.0M)->0.0B(49.0M) Survivors: 4096.0K->1024.0K Heap: 344.1M(512.0M)->342.7M(512.0M)]
 [Times: user=0.01 sys=0.00, real=0.00 secs] 
0.817: [GC concurrent-root-region-scan-start]
0.817: [GC concurrent-root-region-scan-end, 0.0000878 secs]
0.817: [GC concurrent-mark-start]
0.819: [GC concurrent-mark-end, 0.0016085 secs]
0.819: [GC remark 0.819: [Finalize Marking, 0.0001194 secs] 0.819: [GC ref-proc, 0.0000249 secs] 0.819: [Unloading, 0.0004627 secs], 0.0018573 secs]
 [Times: user=0.01 sys=0.00, real=0.00 secs] 
0.821: [GC cleanup 353M->353M(512M), 0.0005089 secs]
 [Times: user=0.00 sys=0.01, real=0.00 secs] 
0.829: [GC pause (G1 Evacuation Pause) (young), 0.0033542 secs]
   [Parallel Time: 2.9 ms, GC Workers: 4]
      [GC Worker Start (ms): Min: 829.3, Avg: 829.3, Max: 829.3, Diff: 0.0]
      [Ext Root Scanning (ms): Min: 0.1, Avg: 0.5, Max: 1.4, Diff: 1.2, Sum: 2.0]
      [Update RS (ms): Min: 0.2, Avg: 1.0, Max: 1.4, Diff: 1.2, Sum: 4.0]
         [Processed Buffers: Min: 2, Avg: 13.8, Max: 21, Diff: 19, Sum: 55]
      [Scan RS (ms): Min: 0.0, Avg: 0.0, Max: 0.0, Diff: 0.0, Sum: 0.0]
      [Code Root Scanning (ms): Min: 0.0, Avg: 0.0, Max: 0.0, Diff: 0.0, Sum: 0.0]
      [Object Copy (ms): Min: 1.3, Avg: 1.4, Max: 1.4, Diff: 0.1, Sum: 5.4]
      [Termination (ms): Min: 0.0, Avg: 0.0, Max: 0.0, Diff: 0.0, Sum: 0.0]
         [Termination Attempts: Min: 1, Avg: 1.0, Max: 1, Diff: 0, Sum: 4]
      [GC Worker Other (ms): Min: 0.0, Avg: 0.0, Max: 0.0, Diff: 0.0, Sum: 0.0]
      [GC Worker Total (ms): Min: 2.8, Avg: 2.9, Max: 2.9, Diff: 0.0, Sum: 11.4]
      [GC Worker End (ms): Min: 832.2, Avg: 832.2, Max: 832.2, Diff: 0.0]
   [Code Root Fixup: 0.0 ms]
   [Code Root Purge: 0.0 ms]
   [Clear CT: 0.1 ms]
   [Other: 0.4 ms]
      [Choose CSet: 0.0 ms]
      [Ref Proc: 0.2 ms]
      [Ref Enq: 0.0 ms]
      [Redirty Cards: 0.0 ms]
      [Humongous Register: 0.1 ms]
      [Humongous Reclaim: 0.0 ms]
      [Free CSet: 0.0 ms]
   [Eden: 49.0M(49.0M)->0.0B(18.0M) Survivors: 1024.0K->7168.0K Heap: 404.4M(512.0M)->358.7M(512.0M)]
 [Times: user=0.01 sys=0.00, real=0.00 secs] 
0.836: [GC pause (G1 Evacuation Pause) (mixed), 0.0057684 secs]
   [Parallel Time: 5.3 ms, GC Workers: 4]
      [GC Worker Start (ms): Min: 836.2, Avg: 836.2, Max: 836.2, Diff: 0.1]
      [Ext Root Scanning (ms): Min: 0.1, Avg: 0.1, Max: 0.2, Diff: 0.1, Sum: 0.5]
      [Update RS (ms): Min: 0.7, Avg: 0.7, Max: 0.8, Diff: 0.1, Sum: 3.0]
         [Processed Buffers: Min: 10, Avg: 10.2, Max: 11, Diff: 1, Sum: 41]
      [Scan RS (ms): Min: 0.0, Avg: 0.1, Max: 0.1, Diff: 0.0, Sum: 0.2]
      [Code Root Scanning (ms): Min: 0.0, Avg: 0.0, Max: 0.0, Diff: 0.0, Sum: 0.0]
      [Object Copy (ms): Min: 4.3, Avg: 4.3, Max: 4.3, Diff: 0.0, Sum: 17.2]
      [Termination (ms): Min: 0.0, Avg: 0.0, Max: 0.1, Diff: 0.1, Sum: 0.1]
         [Termination Attempts: Min: 1, Avg: 1.0, Max: 1, Diff: 0, Sum: 4]
      [GC Worker Other (ms): Min: 0.0, Avg: 0.0, Max: 0.0, Diff: 0.0, Sum: 0.0]
      [GC Worker Total (ms): Min: 5.2, Avg: 5.3, Max: 5.3, Diff: 0.1, Sum: 21.1]
      [GC Worker End (ms): Min: 841.5, Avg: 841.5, Max: 841.5, Diff: 0.0]
   [Code Root Fixup: 0.0 ms]
   [Code Root Purge: 0.0 ms]
   [Clear CT: 0.0 ms]
   [Other: 0.4 ms]
      [Choose CSet: 0.0 ms]
      [Ref Proc: 0.1 ms]
      [Ref Enq: 0.0 ms]
      [Redirty Cards: 0.1 ms]
      [Humongous Register: 0.1 ms]
      [Humongous Reclaim: 0.0 ms]
      [Free CSet: 0.1 ms]
   [Eden: 18.0M(18.0M)->0.0B(47.0M) Survivors: 7168.0K->4096.0K Heap: 381.1M(512.0M)->344.3M(512.0M)]
 [Times: user=0.02 sys=0.00, real=0.01 secs] 
0.842: [GC pause (G1 Humongous Allocation) (young) (initial-mark), 0.0009231 secs]
   [Parallel Time: 0.6 ms, GC Workers: 4]
      [GC Worker Start (ms): Min: 842.2, Avg: 842.2, Max: 842.2, Diff: 0.1]
      [Ext Root Scanning (ms): Min: 0.1, Avg: 0.1, Max: 0.2, Diff: 0.1, Sum: 0.6]
      [Update RS (ms): Min: 0.1, Avg: 0.1, Max: 0.2, Diff: 0.1, Sum: 0.4]
         [Processed Buffers: Min: 1, Avg: 1.2, Max: 2, Diff: 1, Sum: 5]
      [Scan RS (ms): Min: 0.0, Avg: 0.0, Max: 0.0, Diff: 0.0, Sum: 0.0]
      [Code Root Scanning (ms): Min: 0.0, Avg: 0.0, Max: 0.0, Diff: 0.0, Sum: 0.0]
      [Object Copy (ms): Min: 0.1, Avg: 0.2, Max: 0.2, Diff: 0.1, Sum: 0.7]
      [Termination (ms): Min: 0.0, Avg: 0.0, Max: 0.1, Diff: 0.1, Sum: 0.2]
         [Termination Attempts: Min: 1, Avg: 1.0, Max: 1, Diff: 0, Sum: 4]
      [GC Worker Other (ms): Min: 0.0, Avg: 0.0, Max: 0.0, Diff: 0.0, Sum: 0.0]
      [GC Worker Total (ms): Min: 0.4, Avg: 0.5, Max: 0.5, Diff: 0.1, Sum: 1.9]
      [GC Worker End (ms): Min: 842.7, Avg: 842.7, Max: 842.7, Diff: 0.1]
   [Code Root Fixup: 0.0 ms]
   [Code Root Purge: 0.0 ms]
   [Clear CT: 0.1 ms]
   [Other: 0.3 ms]
      [Choose CSet: 0.0 ms]
      [Ref Proc: 0.1 ms]
      [Ref Enq: 0.0 ms]
      [Redirty Cards: 0.0 ms]
      [Humongous Register: 0.1 ms]
      [Humongous Reclaim: 0.0 ms]
      [Free CSet: 0.0 ms]
   [Eden: 1024.0K(47.0M)->0.0B(50.0M) Survivors: 4096.0K->4096.0K Heap: 345.1M(512.0M)->343.7M(512.0M)]
 [Times: user=0.00 sys=0.00, real=0.00 secs] 
0.843: [GC concurrent-root-region-scan-start]
0.843: [GC concurrent-root-region-scan-end, 0.0000781 secs]
0.843: [GC concurrent-mark-start]
0.845: [GC concurrent-mark-end, 0.0015596 secs]
0.845: [GC remark 0.845: [Finalize Marking, 0.0001037 secs] 0.845: [GC ref-proc, 0.0000291 secs] 0.845: [Unloading, 0.0004523 secs], 0.0018246 secs]
 [Times: user=0.00 sys=0.00, real=0.00 secs] 
0.847: [GC cleanup 354M->354M(512M), 0.0004744 secs]
 [Times: user=0.00 sys=0.00, real=0.01 secs] 
0.855: [GC pause (G1 Evacuation Pause) (young), 0.0030619 secs]
   [Parallel Time: 2.7 ms, GC Workers: 4]
      [GC Worker Start (ms): Min: 855.1, Avg: 855.1, Max: 855.1, Diff: 0.1]
      [Ext Root Scanning (ms): Min: 0.1, Avg: 0.1, Max: 0.2, Diff: 0.1, Sum: 0.6]
      [Update RS (ms): Min: 1.1, Avg: 1.1, Max: 1.1, Diff: 0.1, Sum: 4.4]
         [Processed Buffers: Min: 14, Avg: 14.5, Max: 16, Diff: 2, Sum: 58]
      [Scan RS (ms): Min: 0.0, Avg: 0.0, Max: 0.0, Diff: 0.0, Sum: 0.0]
      [Code Root Scanning (ms): Min: 0.0, Avg: 0.0, Max: 0.0, Diff: 0.0, Sum: 0.0]
      [Object Copy (ms): Min: 1.4, Avg: 1.4, Max: 1.4, Diff: 0.0, Sum: 5.5]
      [Termination (ms): Min: 0.0, Avg: 0.0, Max: 0.0, Diff: 0.0, Sum: 0.1]
         [Termination Attempts: Min: 1, Avg: 1.0, Max: 1, Diff: 0, Sum: 4]
      [GC Worker Other (ms): Min: 0.0, Avg: 0.0, Max: 0.0, Diff: 0.0, Sum: 0.0]
      [GC Worker Total (ms): Min: 2.6, Avg: 2.7, Max: 2.7, Diff: 0.1, Sum: 10.6]
      [GC Worker End (ms): Min: 857.7, Avg: 857.7, Max: 857.8, Diff: 0.0]
   [Code Root Fixup: 0.0 ms]
   [Code Root Purge: 0.0 ms]
   [Clear CT: 0.1 ms]
   [Other: 0.3 ms]
      [Choose CSet: 0.0 ms]
      [Ref Proc: 0.1 ms]
      [Ref Enq: 0.0 ms]
      [Redirty Cards: 0.1 ms]
      [Humongous Register: 0.1 ms]
      [Humongous Reclaim: 0.0 ms]
      [Free CSet: 0.0 ms]
   [Eden: 50.0M(50.0M)->0.0B(18.0M) Survivors: 4096.0K->7168.0K Heap: 400.3M(512.0M)->358.4M(512.0M)]
 [Times: user=0.01 sys=0.00, real=0.01 secs] 
0.862: [GC pause (G1 Evacuation Pause) (mixed), 0.0060996 secs]
   [Parallel Time: 5.7 ms, GC Workers: 4]
      [GC Worker Start (ms): Min: 862.2, Avg: 862.3, Max: 862.3, Diff: 0.0]
      [Ext Root Scanning (ms): Min: 0.1, Avg: 0.1, Max: 0.2, Diff: 0.0, Sum: 0.5]
      [Update RS (ms): Min: 1.7, Avg: 1.8, Max: 1.9, Diff: 0.2, Sum: 7.1]
         [Processed Buffers: Min: 5, Avg: 17.2, Max: 24, Diff: 19, Sum: 69]
      [Scan RS (ms): Min: 0.0, Avg: 0.1, Max: 0.1, Diff: 0.1, Sum: 0.2]
      [Code Root Scanning (ms): Min: 0.0, Avg: 0.0, Max: 0.0, Diff: 0.0, Sum: 0.0]
      [Object Copy (ms): Min: 3.5, Avg: 3.6, Max: 3.7, Diff: 0.1, Sum: 14.5]
      [Termination (ms): Min: 0.0, Avg: 0.0, Max: 0.1, Diff: 0.1, Sum: 0.1]
         [Termination Attempts: Min: 1, Avg: 1.0, Max: 1, Diff: 0, Sum: 4]
      [GC Worker Other (ms): Min: 0.0, Avg: 0.0, Max: 0.0, Diff: 0.0, Sum: 0.1]
      [GC Worker Total (ms): Min: 5.6, Avg: 5.6, Max: 5.7, Diff: 0.1, Sum: 22.6]
      [GC Worker End (ms): Min: 867.9, Avg: 867.9, Max: 867.9, Diff: 0.0]
   [Code Root Fixup: 0.0 ms]
   [Code Root Purge: 0.0 ms]
   [Clear CT: 0.1 ms]
   [Other: 0.3 ms]
      [Choose CSet: 0.0 ms]
      [Ref Proc: 0.1 ms]
      [Ref Enq: 0.0 ms]
      [Redirty Cards: 0.0 ms]
      [Humongous Register: 0.1 ms]
      [Humongous Reclaim: 0.0 ms]
      [Free CSet: 0.0 ms]
   [Eden: 18.0M(18.0M)->0.0B(44.0M) Survivors: 7168.0K->4096.0K Heap: 385.1M(512.0M)->349.2M(512.0M)]
 [Times: user=0.02 sys=0.00, real=0.01 secs] 
0.869: [GC pause (G1 Humongous Allocation) (young) (initial-mark), 0.0008723 secs]
   [Parallel Time: 0.6 ms, GC Workers: 4]
      [GC Worker Start (ms): Min: 868.7, Avg: 868.7, Max: 868.7, Diff: 0.0]
      [Ext Root Scanning (ms): Min: 0.1, Avg: 0.1, Max: 0.2, Diff: 0.0, Sum: 0.6]
      [Update RS (ms): Min: 0.1, Avg: 0.1, Max: 0.2, Diff: 0.1, Sum: 0.5]
         [Processed Buffers: Min: 1, Avg: 1.2, Max: 2, Diff: 1, Sum: 5]
      [Scan RS (ms): Min: 0.0, Avg: 0.0, Max: 0.0, Diff: 0.0, Sum: 0.0]
      [Code Root Scanning (ms): Min: 0.0, Avg: 0.0, Max: 0.0, Diff: 0.0, Sum: 0.0]
      [Object Copy (ms): Min: 0.1, Avg: 0.2, Max: 0.3, Diff: 0.1, Sum: 0.8]
      [Termination (ms): Min: 0.0, Avg: 0.0, Max: 0.1, Diff: 0.1, Sum: 0.1]
         [Termination Attempts: Min: 1, Avg: 1.0, Max: 1, Diff: 0, Sum: 4]
      [GC Worker Other (ms): Min: 0.0, Avg: 0.0, Max: 0.0, Diff: 0.0, Sum: 0.0]
      [GC Worker Total (ms): Min: 0.5, Avg: 0.5, Max: 0.5, Diff: 0.0, Sum: 2.0]
      [GC Worker End (ms): Min: 869.2, Avg: 869.2, Max: 869.2, Diff: 0.0]
   [Code Root Fixup: 0.0 ms]
   [Code Root Purge: 0.0 ms]
   [Clear CT: 0.0 ms]
   [Other: 0.3 ms]
      [Choose CSet: 0.0 ms]
      [Ref Proc: 0.1 ms]
      [Ref Enq: 0.0 ms]
      [Redirty Cards: 0.0 ms]
      [Humongous Register: 0.1 ms]
      [Humongous Reclaim: 0.0 ms]
      [Free CSet: 0.0 ms]
   [Eden: 1024.0K(44.0M)->0.0B(43.0M) Survivors: 4096.0K->1024.0K Heap: 350.2M(512.0M)->349.0M(512.0M)]
 [Times: user=0.00 sys=0.00, real=0.00 secs] 
0.870: [GC concurrent-root-region-scan-start]
0.870: [GC concurrent-root-region-scan-end, 0.0001127 secs]
0.870: [GC concurrent-mark-start]
0.871: [GC concurrent-mark-end, 0.0015789 secs]
0.871: [GC remark 0.871: [Finalize Marking, 0.0001056 secs] 0.872: [GC ref-proc, 0.0000254 secs] 0.872: [Unloading, 0.0004890 secs], 0.0019660 secs]
 [Times: user=0.01 sys=0.00, real=0.00 secs] 
0.873: [GC cleanup 360M->360M(512M), 0.0005888 secs]
 [Times: user=0.00 sys=0.00, real=0.00 secs] 
0.880: [GC pause (G1 Evacuation Pause) (young), 0.0028091 secs]
   [Parallel Time: 2.5 ms, GC Workers: 4]
      [GC Worker Start (ms): Min: 880.6, Avg: 880.6, Max: 880.6, Diff: 0.1]
      [Ext Root Scanning (ms): Min: 0.1, Avg: 0.1, Max: 0.2, Diff: 0.1, Sum: 0.6]
      [Update RS (ms): Min: 1.1, Avg: 1.2, Max: 1.2, Diff: 0.0, Sum: 4.6]
         [Processed Buffers: Min: 12, Avg: 14.5, Max: 16, Diff: 4, Sum: 58]
      [Scan RS (ms): Min: 0.0, Avg: 0.0, Max: 0.0, Diff: 0.0, Sum: 0.0]
      [Code Root Scanning (ms): Min: 0.0, Avg: 0.0, Max: 0.0, Diff: 0.0, Sum: 0.0]
      [Object Copy (ms): Min: 1.0, Avg: 1.1, Max: 1.1, Diff: 0.0, Sum: 4.2]
      [Termination (ms): Min: 0.0, Avg: 0.0, Max: 0.1, Diff: 0.1, Sum: 0.1]
         [Termination Attempts: Min: 1, Avg: 1.0, Max: 1, Diff: 0, Sum: 4]
      [GC Worker Other (ms): Min: 0.0, Avg: 0.0, Max: 0.0, Diff: 0.0, Sum: 0.0]
      [GC Worker Total (ms): Min: 2.4, Avg: 2.4, Max: 2.4, Diff: 0.1, Sum: 9.6]
      [GC Worker End (ms): Min: 883.0, Avg: 883.0, Max: 883.0, Diff: 0.0]
   [Code Root Fixup: 0.0 ms]
   [Code Root Purge: 0.0 ms]
   [Clear CT: 0.0 ms]
   [Other: 0.3 ms]
      [Choose CSet: 0.0 ms]
      [Ref Proc: 0.1 ms]
      [Ref Enq: 0.0 ms]
      [Redirty Cards: 0.0 ms]
      [Humongous Register: 0.1 ms]
      [Humongous Reclaim: 0.0 ms]
      [Free CSet: 0.0 ms]
   [Eden: 43.0M(43.0M)->0.0B(19.0M) Survivors: 1024.0K->6144.0K Heap: 401.5M(512.0M)->364.6M(512.0M)]
 [Times: user=0.01 sys=0.00, real=0.00 secs] 
0.887: [GC pause (G1 Evacuation Pause) (mixed), 0.0067310 secs]
   [Parallel Time: 6.2 ms, GC Workers: 4]
      [GC Worker Start (ms): Min: 887.2, Avg: 887.2, Max: 887.2, Diff: 0.0]
      [Ext Root Scanning (ms): Min: 0.1, Avg: 0.1, Max: 0.2, Diff: 0.0, Sum: 0.5]
      [Update RS (ms): Min: 1.2, Avg: 1.2, Max: 1.2, Diff: 0.0, Sum: 4.6]
         [Processed Buffers: Min: 15, Avg: 15.2, Max: 16, Diff: 1, Sum: 61]
      [Scan RS (ms): Min: 0.0, Avg: 0.0, Max: 0.1, Diff: 0.0, Sum: 0.2]
      [Code Root Scanning (ms): Min: 0.0, Avg: 0.0, Max: 0.0, Diff: 0.0, Sum: 0.0]
      [Object Copy (ms): Min: 4.2, Avg: 4.3, Max: 4.8, Diff: 0.7, Sum: 17.3]
      [Termination (ms): Min: 0.0, Avg: 0.5, Max: 0.7, Diff: 0.7, Sum: 2.0]
         [Termination Attempts: Min: 1, Avg: 1.0, Max: 1, Diff: 0, Sum: 4]
      [GC Worker Other (ms): Min: 0.0, Avg: 0.0, Max: 0.0, Diff: 0.0, Sum: 0.0]
      [GC Worker Total (ms): Min: 6.1, Avg: 6.2, Max: 6.2, Diff: 0.1, Sum: 24.7]
      [GC Worker End (ms): Min: 893.4, Avg: 893.4, Max: 893.4, Diff: 0.0]
   [Code Root Fixup: 0.0 ms]
   [Code Root Purge: 0.0 ms]
   [Clear CT: 0.0 ms]
   [Other: 0.4 ms]
      [Choose CSet: 0.0 ms]
      [Ref Proc: 0.1 ms]
      [Ref Enq: 0.0 ms]
      [Redirty Cards: 0.1 ms]
      [Humongous Register: 0.1 ms]
      [Humongous Reclaim: 0.0 ms]
      [Free CSet: 0.0 ms]
   [Eden: 19.0M(19.0M)->0.0B(40.0M) Survivors: 6144.0K->4096.0K Heap: 390.6M(512.0M)->351.2M(512.0M)]
 [Times: user=0.02 sys=0.00, real=0.01 secs] 
0.895: [GC pause (G1 Humongous Allocation) (young) (initial-mark), 0.0011377 secs]
   [Parallel Time: 0.8 ms, GC Workers: 4]
      [GC Worker Start (ms): Min: 894.8, Avg: 894.8, Max: 894.8, Diff: 0.1]
      [Ext Root Scanning (ms): Min: 0.1, Avg: 0.1, Max: 0.2, Diff: 0.1, Sum: 0.6]
      [Update RS (ms): Min: 0.1, Avg: 0.1, Max: 0.1, Diff: 0.1, Sum: 0.5]
         [Processed Buffers: Min: 1, Avg: 1.2, Max: 2, Diff: 1, Sum: 5]
      [Scan RS (ms): Min: 0.0, Avg: 0.0, Max: 0.0, Diff: 0.0, Sum: 0.0]
      [Code Root Scanning (ms): Min: 0.0, Avg: 0.0, Max: 0.0, Diff: 0.0, Sum: 0.0]
      [Object Copy (ms): Min: 0.4, Avg: 0.4, Max: 0.5, Diff: 0.1, Sum: 1.7]
      [Termination (ms): Min: 0.0, Avg: 0.0, Max: 0.1, Diff: 0.1, Sum: 0.1]
         [Termination Attempts: Min: 1, Avg: 1.0, Max: 1, Diff: 0, Sum: 4]
      [GC Worker Other (ms): Min: 0.0, Avg: 0.0, Max: 0.0, Diff: 0.0, Sum: 0.0]
      [GC Worker Total (ms): Min: 0.7, Avg: 0.7, Max: 0.8, Diff: 0.1, Sum: 2.9]
      [GC Worker End (ms): Min: 895.5, Avg: 895.5, Max: 895.5, Diff: 0.0]
   [Code Root Fixup: 0.0 ms]
   [Code Root Purge: 0.0 ms]
   [Clear CT: 0.0 ms]
   [Other: 0.3 ms]
      [Choose CSet: 0.0 ms]
      [Ref Proc: 0.1 ms]
      [Ref Enq: 0.0 ms]
      [Redirty Cards: 0.1 ms]
      [Humongous Register: 0.1 ms]
      [Humongous Reclaim: 0.0 ms]
      [Free CSet: 0.0 ms]
   [Eden: 6144.0K(40.0M)->0.0B(35.0M) Survivors: 4096.0K->4096.0K Heap: 356.7M(512.0M)->352.4M(512.0M)]
 [Times: user=0.01 sys=0.00, real=0.00 secs] 
0.896: [GC concurrent-root-region-scan-start]
0.896: [GC concurrent-root-region-scan-end, 0.0001260 secs]
0.896: [GC concurrent-mark-start]
0.898: [GC concurrent-mark-end, 0.0015971 secs]
0.898: [GC remark 0.898: [Finalize Marking, 0.0001591 secs] 0.898: [GC ref-proc, 0.0000268 secs] 0.898: [Unloading, 0.0004840 secs], 0.0019581 secs]
 [Times: user=0.01 sys=0.00, real=0.00 secs] 
0.900: [GC cleanup 364M->364M(512M), 0.0005022 secs]
 [Times: user=0.00 sys=0.00, real=0.00 secs] 
0.906: [GC pause (G1 Evacuation Pause) (young), 0.0035629 secs]
   [Parallel Time: 3.2 ms, GC Workers: 4]
      [GC Worker Start (ms): Min: 906.4, Avg: 906.4, Max: 906.4, Diff: 0.1]
      [Ext Root Scanning (ms): Min: 0.1, Avg: 0.1, Max: 0.2, Diff: 0.1, Sum: 0.5]
      [Update RS (ms): Min: 1.8, Avg: 1.8, Max: 1.8, Diff: 0.0, Sum: 7.1]
         [Processed Buffers: Min: 20, Avg: 22.5, Max: 24, Diff: 4, Sum: 90]
      [Scan RS (ms): Min: 0.0, Avg: 0.0, Max: 0.0, Diff: 0.0, Sum: 0.0]
      [Code Root Scanning (ms): Min: 0.0, Avg: 0.0, Max: 0.0, Diff: 0.0, Sum: 0.0]
      [Object Copy (ms): Min: 1.1, Avg: 1.1, Max: 1.2, Diff: 0.1, Sum: 4.5]
      [Termination (ms): Min: 0.0, Avg: 0.0, Max: 0.1, Diff: 0.1, Sum: 0.2]
         [Termination Attempts: Min: 1, Avg: 1.0, Max: 1, Diff: 0, Sum: 4]
      [GC Worker Other (ms): Min: 0.0, Avg: 0.0, Max: 0.0, Diff: 0.0, Sum: 0.0]
      [GC Worker Total (ms): Min: 3.1, Avg: 3.1, Max: 3.2, Diff: 0.1, Sum: 12.5]
      [GC Worker End (ms): Min: 909.5, Avg: 909.5, Max: 909.5, Diff: 0.0]
   [Code Root Fixup: 0.0 ms]
   [Code Root Purge: 0.0 ms]
   [Clear CT: 0.1 ms]
   [Other: 0.3 ms]
      [Choose CSet: 0.0 ms]
      [Ref Proc: 0.1 ms]
      [Ref Enq: 0.0 ms]
      [Redirty Cards: 0.1 ms]
      [Humongous Register: 0.1 ms]
      [Humongous Reclaim: 0.0 ms]
      [Free CSet: 0.0 ms]
   [Eden: 35.0M(35.0M)->0.0B(20.0M) Survivors: 4096.0K->5120.0K Heap: 399.4M(512.0M)->367.3M(512.0M)]
 [Times: user=0.02 sys=0.00, real=0.01 secs] 
0.914: [GC pause (G1 Evacuation Pause) (mixed), 0.0053829 secs]
   [Parallel Time: 5.0 ms, GC Workers: 4]
      [GC Worker Start (ms): Min: 914.0, Avg: 914.0, Max: 914.0, Diff: 0.1]
      [Ext Root Scanning (ms): Min: 0.1, Avg: 0.1, Max: 0.2, Diff: 0.1, Sum: 0.5]
      [Update RS (ms): Min: 0.9, Avg: 0.9, Max: 1.0, Diff: 0.0, Sum: 3.7]
         [Processed Buffers: Min: 12, Avg: 12.5, Max: 14, Diff: 2, Sum: 50]
      [Scan RS (ms): Min: 0.0, Avg: 0.0, Max: 0.1, Diff: 0.0, Sum: 0.2]
      [Code Root Scanning (ms): Min: 0.0, Avg: 0.0, Max: 0.0, Diff: 0.0, Sum: 0.0]
      [Object Copy (ms): Min: 3.7, Avg: 3.7, Max: 3.8, Diff: 0.1, Sum: 15.0]
      [Termination (ms): Min: 0.0, Avg: 0.0, Max: 0.1, Diff: 0.1, Sum: 0.2]
         [Termination Attempts: Min: 1, Avg: 1.0, Max: 1, Diff: 0, Sum: 4]
      [GC Worker Other (ms): Min: 0.0, Avg: 0.0, Max: 0.0, Diff: 0.0, Sum: 0.0]
      [GC Worker Total (ms): Min: 4.9, Avg: 4.9, Max: 5.0, Diff: 0.1, Sum: 19.7]
      [GC Worker End (ms): Min: 918.9, Avg: 918.9, Max: 918.9, Diff: 0.0]
   [Code Root Fixup: 0.0 ms]
   [Code Root Purge: 0.0 ms]
   [Clear CT: 0.0 ms]
   [Other: 0.3 ms]
      [Choose CSet: 0.0 ms]
      [Ref Proc: 0.1 ms]
      [Ref Enq: 0.0 ms]
      [Redirty Cards: 0.0 ms]
      [Humongous Register: 0.1 ms]
      [Humongous Reclaim: 0.0 ms]
      [Free CSet: 0.0 ms]
   [Eden: 20.0M(20.0M)->0.0B(31.0M) Survivors: 5120.0K->4096.0K Heap: 392.8M(512.0M)->358.8M(512.0M)]
 [Times: user=0.02 sys=0.01, real=0.01 secs] 
0.919: [GC pause (G1 Humongous Allocation) (young) (initial-mark), 0.0010345 secs]
   [Parallel Time: 0.7 ms, GC Workers: 4]
      [GC Worker Start (ms): Min: 919.6, Avg: 919.6, Max: 919.6, Diff: 0.0]
      [Ext Root Scanning (ms): Min: 0.1, Avg: 0.1, Max: 0.2, Diff: 0.0, Sum: 0.6]
      [Update RS (ms): Min: 0.1, Avg: 0.1, Max: 0.2, Diff: 0.1, Sum: 0.5]
         [Processed Buffers: Min: 1, Avg: 1.2, Max: 2, Diff: 1, Sum: 5]
      [Scan RS (ms): Min: 0.0, Avg: 0.0, Max: 0.0, Diff: 0.0, Sum: 0.0]
      [Code Root Scanning (ms): Min: 0.0, Avg: 0.0, Max: 0.0, Diff: 0.0, Sum: 0.0]
      [Object Copy (ms): Min: 0.1, Avg: 0.2, Max: 0.3, Diff: 0.2, Sum: 0.9]
      [Termination (ms): Min: 0.0, Avg: 0.1, Max: 0.1, Diff: 0.1, Sum: 0.3]
         [Termination Attempts: Min: 1, Avg: 1.0, Max: 1, Diff: 0, Sum: 4]
      [GC Worker Other (ms): Min: 0.0, Avg: 0.0, Max: 0.0, Diff: 0.0, Sum: 0.0]
      [GC Worker Total (ms): Min: 0.6, Avg: 0.6, Max: 0.6, Diff: 0.0, Sum: 2.4]
      [GC Worker End (ms): Min: 920.2, Avg: 920.2, Max: 920.2, Diff: 0.0]
   [Code Root Fixup: 0.0 ms]
   [Code Root Purge: 0.0 ms]
   [Clear CT: 0.0 ms]
   [Other: 0.3 ms]
      [Choose CSet: 0.0 ms]
      [Ref Proc: 0.1 ms]
      [Ref Enq: 0.0 ms]
      [Redirty Cards: 0.1 ms]
      [Humongous Register: 0.1 ms]
      [Humongous Reclaim: 0.0 ms]
      [Free CSet: 0.0 ms]
   [Eden: 1024.0K(31.0M)->0.0B(33.0M) Survivors: 4096.0K->1024.0K Heap: 358.9M(512.0M)->358.8M(512.0M)]
 [Times: user=0.00 sys=0.00, real=0.00 secs] 
0.921: [GC concurrent-root-region-scan-start]
0.921: [GC concurrent-root-region-scan-end, 0.0000185 secs]
0.921: [GC concurrent-mark-start]
0.923: [GC concurrent-mark-end, 0.0027288 secs]
0.923: [GC remark 0.923: [Finalize Marking, 0.0000744 secs] 0.924: [GC ref-proc, 0.0000258 secs] 0.924: [Unloading, 0.0004631 secs], 0.0018536 secs]
 [Times: user=0.00 sys=0.00, real=0.00 secs] 
0.925: [GC cleanup 375M->375M(512M), 0.0004724 secs]
 [Times: user=0.00 sys=0.00, real=0.00 secs] 
0.931: [GC pause (G1 Evacuation Pause) (young), 0.0033461 secs]
   [Parallel Time: 3.0 ms, GC Workers: 4]
      [GC Worker Start (ms): Min: 930.7, Avg: 930.7, Max: 930.7, Diff: 0.0]
      [Ext Root Scanning (ms): Min: 0.1, Avg: 0.1, Max: 0.2, Diff: 0.0, Sum: 0.5]
      [Update RS (ms): Min: 2.0, Avg: 2.1, Max: 2.2, Diff: 0.2, Sum: 8.3]
         [Processed Buffers: Min: 19, Avg: 25.0, Max: 27, Diff: 8, Sum: 100]
      [Scan RS (ms): Min: 0.0, Avg: 0.0, Max: 0.0, Diff: 0.0, Sum: 0.0]
      [Code Root Scanning (ms): Min: 0.0, Avg: 0.0, Max: 0.0, Diff: 0.0, Sum: 0.0]
      [Object Copy (ms): Min: 0.6, Avg: 0.7, Max: 0.7, Diff: 0.1, Sum: 2.6]
      [Termination (ms): Min: 0.0, Avg: 0.0, Max: 0.0, Diff: 0.0, Sum: 0.1]
         [Termination Attempts: Min: 1, Avg: 1.0, Max: 1, Diff: 0, Sum: 4]
      [GC Worker Other (ms): Min: 0.0, Avg: 0.0, Max: 0.0, Diff: 0.0, Sum: 0.0]
      [GC Worker Total (ms): Min: 2.9, Avg: 2.9, Max: 2.9, Diff: 0.0, Sum: 11.7]
      [GC Worker End (ms): Min: 933.6, Avg: 933.6, Max: 933.6, Diff: 0.0]
   [Code Root Fixup: 0.0 ms]
   [Code Root Purge: 0.0 ms]
   [Clear CT: 0.0 ms]
   [Other: 0.3 ms]
      [Choose CSet: 0.0 ms]
      [Ref Proc: 0.1 ms]
      [Ref Enq: 0.0 ms]
      [Redirty Cards: 0.0 ms]
      [Humongous Register: 0.1 ms]
      [Humongous Reclaim: 0.0 ms]
      [Free CSet: 0.0 ms]
   [Eden: 33.0M(33.0M)->0.0B(20.0M) Survivors: 1024.0K->5120.0K Heap: 403.7M(512.0M)->371.3M(512.0M)]
 [Times: user=0.01 sys=0.00, real=0.00 secs] 
0.939: [GC pause (G1 Evacuation Pause) (mixed), 0.0053845 secs]
   [Parallel Time: 4.9 ms, GC Workers: 4]
      [GC Worker Start (ms): Min: 938.7, Avg: 938.8, Max: 938.8, Diff: 0.0]
      [Ext Root Scanning (ms): Min: 0.1, Avg: 0.1, Max: 0.1, Diff: 0.0, Sum: 0.5]
      [Update RS (ms): Min: 1.0, Avg: 1.0, Max: 1.0, Diff: 0.0, Sum: 4.1]
         [Processed Buffers: Min: 13, Avg: 13.8, Max: 14, Diff: 1, Sum: 55]
      [Scan RS (ms): Min: 0.0, Avg: 0.1, Max: 0.1, Diff: 0.1, Sum: 0.2]
      [Code Root Scanning (ms): Min: 0.0, Avg: 0.0, Max: 0.0, Diff: 0.0, Sum: 0.0]
      [Object Copy (ms): Min: 3.6, Avg: 3.6, Max: 3.7, Diff: 0.0, Sum: 14.6]
      [Termination (ms): Min: 0.0, Avg: 0.0, Max: 0.0, Diff: 0.0, Sum: 0.1]
         [Termination Attempts: Min: 1, Avg: 1.0, Max: 1, Diff: 0, Sum: 4]
      [GC Worker Other (ms): Min: 0.0, Avg: 0.0, Max: 0.0, Diff: 0.0, Sum: 0.0]
      [GC Worker Total (ms): Min: 4.9, Avg: 4.9, Max: 4.9, Diff: 0.0, Sum: 19.5]
      [GC Worker End (ms): Min: 943.6, Avg: 943.6, Max: 943.6, Diff: 0.0]
   [Code Root Fixup: 0.0 ms]
   [Code Root Purge: 0.0 ms]
   [Clear CT: 0.1 ms]
   [Other: 0.4 ms]
      [Choose CSet: 0.0 ms]
      [Ref Proc: 0.1 ms]
      [Ref Enq: 0.0 ms]
      [Redirty Cards: 0.0 ms]
      [Humongous Register: 0.1 ms]
      [Humongous Reclaim: 0.0 ms]
      [Free CSet: 0.1 ms]
   [Eden: 20.0M(20.0M)->0.0B(34.0M) Survivors: 5120.0K->4096.0K Heap: 397.5M(512.0M)->357.9M(512.0M)]
 [Times: user=0.02 sys=0.00, real=0.00 secs] 
0.945: [GC pause (G1 Humongous Allocation) (young) (initial-mark), 0.0010033 secs]
   [Parallel Time: 0.7 ms, GC Workers: 4]
      [GC Worker Start (ms): Min: 945.0, Avg: 945.1, Max: 945.1, Diff: 0.1]
      [Ext Root Scanning (ms): Min: 0.1, Avg: 0.1, Max: 0.2, Diff: 0.1, Sum: 0.6]
      [Update RS (ms): Min: 0.1, Avg: 0.1, Max: 0.2, Diff: 0.1, Sum: 0.5]
         [Processed Buffers: Min: 1, Avg: 1.2, Max: 2, Diff: 1, Sum: 5]
      [Scan RS (ms): Min: 0.0, Avg: 0.0, Max: 0.0, Diff: 0.0, Sum: 0.0]
      [Code Root Scanning (ms): Min: 0.0, Avg: 0.0, Max: 0.0, Diff: 0.0, Sum: 0.0]
      [Object Copy (ms): Min: 0.2, Avg: 0.3, Max: 0.3, Diff: 0.1, Sum: 1.1]
      [Termination (ms): Min: 0.0, Avg: 0.0, Max: 0.0, Diff: 0.0, Sum: 0.1]
         [Termination Attempts: Min: 1, Avg: 1.0, Max: 1, Diff: 0, Sum: 4]
      [GC Worker Other (ms): Min: 0.0, Avg: 0.0, Max: 0.0, Diff: 0.0, Sum: 0.0]
      [GC Worker Total (ms): Min: 0.6, Avg: 0.6, Max: 0.6, Diff: 0.1, Sum: 2.3]
      [GC Worker End (ms): Min: 945.7, Avg: 945.7, Max: 945.7, Diff: 0.0]
   [Code Root Fixup: 0.0 ms]
   [Code Root Purge: 0.0 ms]
   [Clear CT: 0.0 ms]
   [Other: 0.3 ms]
      [Choose CSet: 0.0 ms]
      [Ref Proc: 0.1 ms]
      [Ref Enq: 0.0 ms]
      [Redirty Cards: 0.1 ms]
      [Humongous Register: 0.1 ms]
      [Humongous Reclaim: 0.0 ms]
      [Free CSet: 0.0 ms]
   [Eden: 4096.0K(34.0M)->0.0B(36.0M) Survivors: 4096.0K->0.0B Heap: 361.0M(512.0M)->357.7M(512.0M)]
 [Times: user=0.01 sys=0.00, real=0.00 secs] 
0.946: [GC concurrent-root-region-scan-start]
0.946: [GC concurrent-root-region-scan-end, 0.0000043 secs]
0.946: [GC concurrent-mark-start]
0.948: [GC concurrent-mark-end, 0.0015729 secs]
0.948: [GC remark 0.948: [Finalize Marking, 0.0000878 secs] 0.948: [GC ref-proc, 0.0000246 secs] 0.948: [Unloading, 0.0004903 secs], 0.0019177 secs]
 [Times: user=0.01 sys=0.00, real=0.00 secs] 
0.950: [GC cleanup 366M->366M(512M), 0.0006378 secs]
 [Times: user=0.00 sys=0.00, real=0.00 secs] 
0.958: [GC pause (G1 Evacuation Pause) (young), 0.0030858 secs]
   [Parallel Time: 2.8 ms, GC Workers: 4]
      [GC Worker Start (ms): Min: 958.3, Avg: 958.3, Max: 958.3, Diff: 0.0]
      [Ext Root Scanning (ms): Min: 0.1, Avg: 0.1, Max: 0.1, Diff: 0.0, Sum: 0.6]
      [Update RS (ms): Min: 1.6, Avg: 1.7, Max: 1.7, Diff: 0.1, Sum: 6.6]
         [Processed Buffers: Min: 19, Avg: 20.8, Max: 22, Diff: 3, Sum: 83]
      [Scan RS (ms): Min: 0.0, Avg: 0.0, Max: 0.0, Diff: 0.0, Sum: 0.0]
      [Code Root Scanning (ms): Min: 0.0, Avg: 0.0, Max: 0.0, Diff: 0.0, Sum: 0.0]
      [Object Copy (ms): Min: 0.8, Avg: 0.9, Max: 0.9, Diff: 0.0, Sum: 3.4]
      [Termination (ms): Min: 0.0, Avg: 0.0, Max: 0.1, Diff: 0.1, Sum: 0.1]
         [Termination Attempts: Min: 1, Avg: 1.0, Max: 1, Diff: 0, Sum: 4]
      [GC Worker Other (ms): Min: 0.0, Avg: 0.0, Max: 0.0, Diff: 0.0, Sum: 0.0]
      [GC Worker Total (ms): Min: 2.7, Avg: 2.7, Max: 2.7, Diff: 0.1, Sum: 10.8]
      [GC Worker End (ms): Min: 960.9, Avg: 961.0, Max: 961.0, Diff: 0.0]
   [Code Root Fixup: 0.0 ms]
   [Code Root Purge: 0.0 ms]
   [Clear CT: 0.1 ms]
   [Other: 0.3 ms]
      [Choose CSet: 0.0 ms]
      [Ref Proc: 0.1 ms]
      [Ref Enq: 0.0 ms]
      [Redirty Cards: 0.0 ms]
      [Humongous Register: 0.1 ms]
      [Humongous Reclaim: 0.0 ms]
      [Free CSet: 0.0 ms]
   [Eden: 36.0M(36.0M)->0.0B(20.0M) Survivors: 0.0B->5120.0K Heap: 409.9M(512.0M)->372.7M(512.0M)]
 [Times: user=0.01 sys=0.00, real=0.00 secs] 
0.966: [GC pause (G1 Evacuation Pause) (mixed), 0.0047917 secs]
   [Parallel Time: 4.3 ms, GC Workers: 4]
      [GC Worker Start (ms): Min: 966.1, Avg: 966.2, Max: 966.2, Diff: 0.1]
      [Ext Root Scanning (ms): Min: 0.1, Avg: 0.1, Max: 0.2, Diff: 0.1, Sum: 0.5]
      [Update RS (ms): Min: 0.7, Avg: 0.8, Max: 0.8, Diff: 0.0, Sum: 3.0]
         [Processed Buffers: Min: 10, Avg: 10.2, Max: 11, Diff: 1, Sum: 41]
      [Scan RS (ms): Min: 0.0, Avg: 0.1, Max: 0.1, Diff: 0.1, Sum: 0.3]
      [Code Root Scanning (ms): Min: 0.0, Avg: 0.0, Max: 0.0, Diff: 0.0, Sum: 0.0]
      [Object Copy (ms): Min: 2.8, Avg: 2.9, Max: 3.0, Diff: 0.2, Sum: 11.5]
      [Termination (ms): Min: 0.0, Avg: 0.3, Max: 0.5, Diff: 0.4, Sum: 1.3]
         [Termination Attempts: Min: 1, Avg: 1.0, Max: 1, Diff: 0, Sum: 4]
      [GC Worker Other (ms): Min: 0.0, Avg: 0.0, Max: 0.0, Diff: 0.0, Sum: 0.0]
      [GC Worker Total (ms): Min: 4.1, Avg: 4.2, Max: 4.2, Diff: 0.2, Sum: 16.7]
      [GC Worker End (ms): Min: 970.3, Avg: 970.4, Max: 970.4, Diff: 0.2]
   [Code Root Fixup: 0.0 ms]
   [Code Root Purge: 0.0 ms]
   [Clear CT: 0.1 ms]
   [Other: 0.4 ms]
      [Choose CSet: 0.0 ms]
      [Ref Proc: 0.1 ms]
      [Ref Enq: 0.0 ms]
      [Redirty Cards: 0.1 ms]
      [Humongous Register: 0.1 ms]
      [Humongous Reclaim: 0.0 ms]
      [Free CSet: 0.0 ms]
   [Eden: 20.0M(20.0M)->0.0B(23.0M) Survivors: 5120.0K->4096.0K Heap: 397.1M(512.0M)->369.9M(512.0M)]
 [Times: user=0.02 sys=0.00, real=0.01 secs] 
0.972: [GC pause (G1 Humongous Allocation) (young) (initial-mark), 0.0016560 secs]
   [Parallel Time: 0.6 ms, GC Workers: 4]
      [GC Worker Start (ms): Min: 971.8, Avg: 971.8, Max: 971.9, Diff: 0.1]
      [Ext Root Scanning (ms): Min: 0.1, Avg: 0.2, Max: 0.2, Diff: 0.1, Sum: 0.6]
      [Update RS (ms): Min: 0.1, Avg: 0.1, Max: 0.2, Diff: 0.1, Sum: 0.5]
         [Processed Buffers: Min: 1, Avg: 1.2, Max: 2, Diff: 1, Sum: 5]
      [Scan RS (ms): Min: 0.0, Avg: 0.0, Max: 0.0, Diff: 0.0, Sum: 0.0]
      [Code Root Scanning (ms): Min: 0.0, Avg: 0.0, Max: 0.0, Diff: 0.0, Sum: 0.0]
      [Object Copy (ms): Min: 0.2, Avg: 0.2, Max: 0.3, Diff: 0.1, Sum: 1.0]
      [Termination (ms): Min: 0.0, Avg: 0.0, Max: 0.0, Diff: 0.0, Sum: 0.0]
         [Termination Attempts: Min: 1, Avg: 1.0, Max: 1, Diff: 0, Sum: 4]
      [GC Worker Other (ms): Min: 0.0, Avg: 0.0, Max: 0.0, Diff: 0.0, Sum: 0.0]
      [GC Worker Total (ms): Min: 0.5, Avg: 0.5, Max: 0.6, Diff: 0.1, Sum: 2.2]
      [GC Worker End (ms): Min: 972.4, Avg: 972.4, Max: 972.4, Diff: 0.0]
   [Code Root Fixup: 0.0 ms]
   [Code Root Purge: 0.0 ms]
   [Clear CT: 0.1 ms]
   [Other: 0.9 ms]
      [Choose CSet: 0.0 ms]
      [Ref Proc: 0.7 ms]
      [Ref Enq: 0.0 ms]
      [Redirty Cards: 0.0 ms]
      [Humongous Register: 0.1 ms]
      [Humongous Reclaim: 0.0 ms]
      [Free CSet: 0.0 ms]
   [Eden: 4096.0K(23.0M)->0.0B(24.0M) Survivors: 4096.0K->1024.0K Heap: 373.7M(512.0M)->369.8M(512.0M)]
 [Times: user=0.01 sys=0.00, real=0.00 secs] 
0.973: [GC concurrent-root-region-scan-start]
0.974: [GC concurrent-root-region-scan-end, 0.0001243 secs]
0.974: [GC concurrent-mark-start]
0.975: [GC concurrent-mark-end, 0.0016342 secs]
0.975: [GC remark 0.975: [Finalize Marking, 0.0001097 secs] 0.975: [GC ref-proc, 0.0000245 secs] 0.975: [Unloading, 0.0004968 secs], 0.0019826 secs]
 [Times: user=0.01 sys=0.00, real=0.01 secs] 
0.977: [GC cleanup 381M->381M(512M), 0.0007178 secs]
 [Times: user=0.00 sys=0.00, real=0.00 secs] 
0.981: [GC pause (G1 Evacuation Pause) (young), 0.0033420 secs]
   [Parallel Time: 2.4 ms, GC Workers: 4]
      [GC Worker Start (ms): Min: 981.6, Avg: 981.7, Max: 982.0, Diff: 0.4]
      [Ext Root Scanning (ms): Min: 0.0, Avg: 0.1, Max: 0.2, Diff: 0.2, Sum: 0.5]
      [Update RS (ms): Min: 1.0, Avg: 1.2, Max: 1.3, Diff: 0.3, Sum: 4.7]
         [Processed Buffers: Min: 13, Avg: 15.8, Max: 17, Diff: 4, Sum: 63]
      [Scan RS (ms): Min: 0.0, Avg: 0.0, Max: 0.0, Diff: 0.0, Sum: 0.0]
      [Code Root Scanning (ms): Min: 0.0, Avg: 0.0, Max: 0.0, Diff: 0.0, Sum: 0.0]
      [Object Copy (ms): Min: 0.7, Avg: 0.7, Max: 0.8, Diff: 0.1, Sum: 3.0]
      [Termination (ms): Min: 0.0, Avg: 0.1, Max: 0.1, Diff: 0.1, Sum: 0.4]
         [Termination Attempts: Min: 1, Avg: 1.0, Max: 1, Diff: 0, Sum: 4]
      [GC Worker Other (ms): Min: 0.0, Avg: 0.0, Max: 0.0, Diff: 0.0, Sum: 0.0]
      [GC Worker Total (ms): Min: 1.8, Avg: 2.1, Max: 2.3, Diff: 0.4, Sum: 8.5]
      [GC Worker End (ms): Min: 983.8, Avg: 983.8, Max: 983.8, Diff: 0.0]
   [Code Root Fixup: 0.0 ms]
   [Code Root Purge: 0.0 ms]
   [Clear CT: 0.0 ms]
   [Other: 0.9 ms]
      [Choose CSet: 0.0 ms]
      [Ref Proc: 0.7 ms]
      [Ref Enq: 0.0 ms]
      [Redirty Cards: 0.0 ms]
      [Humongous Register: 0.1 ms]
      [Humongous Reclaim: 0.0 ms]
      [Free CSet: 0.0 ms]
   [Eden: 24.0M(24.0M)->0.0B(21.0M) Survivors: 1024.0K->4096.0K Heap: 400.9M(512.0M)->380.0M(512.0M)]
 [Times: user=0.01 sys=0.00, real=0.00 secs] 
0.989: [GC pause (G1 Evacuation Pause) (mixed), 0.0042443 secs]
   [Parallel Time: 3.9 ms, GC Workers: 4]
      [GC Worker Start (ms): Min: 989.2, Avg: 989.2, Max: 989.2, Diff: 0.1]
      [Ext Root Scanning (ms): Min: 0.1, Avg: 0.1, Max: 0.2, Diff: 0.0, Sum: 0.6]
      [Update RS (ms): Min: 0.7, Avg: 0.7, Max: 0.7, Diff: 0.0, Sum: 2.7]
         [Processed Buffers: Min: 8, Avg: 9.2, Max: 10, Diff: 2, Sum: 37]
      [Scan RS (ms): Min: 0.0, Avg: 0.1, Max: 0.1, Diff: 0.1, Sum: 0.2]
      [Code Root Scanning (ms): Min: 0.0, Avg: 0.0, Max: 0.0, Diff: 0.0, Sum: 0.0]
      [Object Copy (ms): Min: 2.9, Avg: 2.9, Max: 2.9, Diff: 0.0, Sum: 11.5]
      [Termination (ms): Min: 0.0, Avg: 0.0, Max: 0.0, Diff: 0.0, Sum: 0.0]
         [Termination Attempts: Min: 1, Avg: 1.0, Max: 1, Diff: 0, Sum: 4]
      [GC Worker Other (ms): Min: 0.0, Avg: 0.0, Max: 0.1, Diff: 0.0, Sum: 0.1]
      [GC Worker Total (ms): Min: 3.7, Avg: 3.8, Max: 3.8, Diff: 0.1, Sum: 15.1]
      [GC Worker End (ms): Min: 993.0, Avg: 993.0, Max: 993.0, Diff: 0.0]
   [Code Root Fixup: 0.0 ms]
   [Code Root Purge: 0.0 ms]
   [Clear CT: 0.0 ms]
   [Other: 0.3 ms]
      [Choose CSet: 0.0 ms]
      [Ref Proc: 0.1 ms]
      [Ref Enq: 0.0 ms]
      [Redirty Cards: 0.1 ms]
      [Humongous Register: 0.1 ms]
      [Humongous Reclaim: 0.0 ms]
      [Free CSet: 0.0 ms]
   [Eden: 21.0M(21.0M)->0.0B(27.0M) Survivors: 4096.0K->4096.0K Heap: 404.9M(512.0M)->365.7M(512.0M)]
 [Times: user=0.01 sys=0.01, real=0.00 secs] 
0.994: [GC pause (G1 Humongous Allocation) (young) (initial-mark), 0.0009242 secs]
   [Parallel Time: 0.6 ms, GC Workers: 4]
      [GC Worker Start (ms): Min: 993.8, Avg: 993.8, Max: 993.8, Diff: 0.1]
      [Ext Root Scanning (ms): Min: 0.1, Avg: 0.2, Max: 0.2, Diff: 0.1, Sum: 0.6]
      [Update RS (ms): Min: 0.1, Avg: 0.1, Max: 0.2, Diff: 0.1, Sum: 0.5]
         [Processed Buffers: Min: 1, Avg: 1.2, Max: 2, Diff: 1, Sum: 5]
      [Scan RS (ms): Min: 0.0, Avg: 0.0, Max: 0.0, Diff: 0.0, Sum: 0.0]
      [Code Root Scanning (ms): Min: 0.0, Avg: 0.0, Max: 0.0, Diff: 0.0, Sum: 0.0]
      [Object Copy (ms): Min: 0.1, Avg: 0.2, Max: 0.3, Diff: 0.2, Sum: 0.9]
      [Termination (ms): Min: 0.0, Avg: 0.0, Max: 0.1, Diff: 0.1, Sum: 0.1]
         [Termination Attempts: Min: 1, Avg: 1.0, Max: 1, Diff: 0, Sum: 4]
      [GC Worker Other (ms): Min: 0.0, Avg: 0.0, Max: 0.0, Diff: 0.0, Sum: 0.0]
      [GC Worker Total (ms): Min: 0.5, Avg: 0.5, Max: 0.6, Diff: 0.1, Sum: 2.2]
      [GC Worker End (ms): Min: 994.3, Avg: 994.3, Max: 994.3, Diff: 0.0]
   [Code Root Fixup: 0.0 ms]
   [Code Root Purge: 0.0 ms]
   [Clear CT: 0.1 ms]
   [Other: 0.3 ms]
      [Choose CSet: 0.0 ms]
      [Ref Proc: 0.1 ms]
      [Ref Enq: 0.0 ms]
      [Redirty Cards: 0.0 ms]
      [Humongous Register: 0.1 ms]
      [Humongous Reclaim: 0.0 ms]
      [Free CSet: 0.0 ms]
   [Eden: 2048.0K(27.0M)->0.0B(26.0M) Survivors: 4096.0K->1024.0K Heap: 367.1M(512.0M)->366.1M(512.0M)]
 [Times: user=0.00 sys=0.00, real=0.00 secs] 
0.995: [GC concurrent-root-region-scan-start]
0.995: [GC concurrent-root-region-scan-end, 0.0000650 secs]
0.995: [GC concurrent-mark-start]
0.997: [GC concurrent-mark-end, 0.0017310 secs]
0.997: [GC remark 0.997: [Finalize Marking, 0.0001236 secs] 0.997: [GC ref-proc, 0.0000258 secs] 0.997: [Unloading, 0.0005146 secs], 0.0020510 secs]
 [Times: user=0.01 sys=0.00, real=0.01 secs] 
0.999: [GC cleanup 379M->379M(512M), 0.0005532 secs]
 [Times: user=0.00 sys=0.00, real=0.00 secs] 
1.003: [GC pause (G1 Evacuation Pause) (young), 0.0030010 secs]
   [Parallel Time: 2.6 ms, GC Workers: 4]
      [GC Worker Start (ms): Min: 1002.7, Avg: 1002.7, Max: 1002.7, Diff: 0.0]
      [Ext Root Scanning (ms): Min: 0.1, Avg: 0.1, Max: 0.2, Diff: 0.0, Sum: 0.5]
      [Update RS (ms): Min: 1.2, Avg: 1.3, Max: 1.4, Diff: 0.2, Sum: 5.4]
         [Processed Buffers: Min: 15, Avg: 16.5, Max: 18, Diff: 3, Sum: 66]
      [Scan RS (ms): Min: 0.0, Avg: 0.0, Max: 0.0, Diff: 0.0, Sum: 0.0]
      [Code Root Scanning (ms): Min: 0.0, Avg: 0.0, Max: 0.0, Diff: 0.0, Sum: 0.0]
      [Object Copy (ms): Min: 0.8, Avg: 0.8, Max: 0.9, Diff: 0.1, Sum: 3.4]
      [Termination (ms): Min: 0.0, Avg: 0.2, Max: 0.2, Diff: 0.2, Sum: 0.7]
         [Termination Attempts: Min: 1, Avg: 1.0, Max: 1, Diff: 0, Sum: 4]
      [GC Worker Other (ms): Min: 0.0, Avg: 0.0, Max: 0.0, Diff: 0.0, Sum: 0.0]
      [GC Worker Total (ms): Min: 2.4, Avg: 2.5, Max: 2.5, Diff: 0.1, Sum: 10.0]
      [GC Worker End (ms): Min: 1005.1, Avg: 1005.2, Max: 1005.2, Diff: 0.1]
   [Code Root Fixup: 0.0 ms]
   [Code Root Purge: 0.0 ms]
   [Clear CT: 0.1 ms]
   [Other: 0.3 ms]
      [Choose CSet: 0.0 ms]
      [Ref Proc: 0.1 ms]
      [Ref Enq: 0.0 ms]
      [Redirty Cards: 0.0 ms]
      [Humongous Register: 0.1 ms]
      [Humongous Reclaim: 0.0 ms]
      [Free CSet: 0.0 ms]
   [Eden: 26.0M(26.0M)->0.0B(21.0M) Survivors: 1024.0K->4096.0K Heap: 399.7M(512.0M)->373.1M(512.0M)]
 [Times: user=0.01 sys=0.00, real=0.00 secs] 
1.010: [GC pause (G1 Evacuation Pause) (mixed), 0.0051408 secs]
   [Parallel Time: 4.7 ms, GC Workers: 4]
      [GC Worker Start (ms): Min: 1010.3, Avg: 1010.3, Max: 1010.3, Diff: 0.1]
      [Ext Root Scanning (ms): Min: 0.1, Avg: 0.1, Max: 0.2, Diff: 0.1, Sum: 0.6]
      [Update RS (ms): Min: 1.5, Avg: 1.6, Max: 1.6, Diff: 0.1, Sum: 6.2]
         [Processed Buffers: Min: 9, Avg: 18.2, Max: 24, Diff: 15, Sum: 73]
      [Scan RS (ms): Min: 0.0, Avg: 0.0, Max: 0.1, Diff: 0.1, Sum: 0.2]
      [Code Root Scanning (ms): Min: 0.0, Avg: 0.0, Max: 0.0, Diff: 0.0, Sum: 0.0]
      [Object Copy (ms): Min: 2.8, Avg: 2.9, Max: 2.9, Diff: 0.1, Sum: 11.5]
      [Termination (ms): Min: 0.0, Avg: 0.0, Max: 0.1, Diff: 0.1, Sum: 0.2]
         [Termination Attempts: Min: 1, Avg: 1.0, Max: 1, Diff: 0, Sum: 4]
      [GC Worker Other (ms): Min: 0.0, Avg: 0.0, Max: 0.0, Diff: 0.0, Sum: 0.0]
      [GC Worker Total (ms): Min: 4.6, Avg: 4.7, Max: 4.7, Diff: 0.1, Sum: 18.7]
      [GC Worker End (ms): Min: 1015.0, Avg: 1015.0, Max: 1015.0, Diff: 0.0]
   [Code Root Fixup: 0.0 ms]
   [Code Root Purge: 0.0 ms]
   [Clear CT: 0.1 ms]
   [Other: 0.3 ms]
      [Choose CSet: 0.0 ms]
      [Ref Proc: 0.1 ms]
      [Ref Enq: 0.0 ms]
      [Redirty Cards: 0.0 ms]
      [Humongous Register: 0.1 ms]
      [Humongous Reclaim: 0.0 ms]
      [Free CSet: 0.0 ms]
   [Eden: 21.0M(21.0M)->0.0B(28.0M) Survivors: 4096.0K->4096.0K Heap: 402.5M(512.0M)->365.9M(512.0M)]
 [Times: user=0.01 sys=0.00, real=0.00 secs] 
1.016: [GC pause (G1 Humongous Allocation) (young) (initial-mark), 0.0010081 secs]
   [Parallel Time: 0.7 ms, GC Workers: 4]
      [GC Worker Start (ms): Min: 1016.5, Avg: 1016.6, Max: 1016.6, Diff: 0.1]
      [Ext Root Scanning (ms): Min: 0.1, Avg: 0.2, Max: 0.2, Diff: 0.1, Sum: 0.6]
      [Update RS (ms): Min: 0.1, Avg: 0.1, Max: 0.1, Diff: 0.1, Sum: 0.4]
         [Processed Buffers: Min: 1, Avg: 1.2, Max: 2, Diff: 1, Sum: 5]
      [Scan RS (ms): Min: 0.0, Avg: 0.0, Max: 0.0, Diff: 0.0, Sum: 0.0]
      [Code Root Scanning (ms): Min: 0.0, Avg: 0.0, Max: 0.0, Diff: 0.0, Sum: 0.0]
      [Object Copy (ms): Min: 0.3, Avg: 0.3, Max: 0.3, Diff: 0.1, Sum: 1.3]
      [Termination (ms): Min: 0.0, Avg: 0.0, Max: 0.0, Diff: 0.0, Sum: 0.1]
         [Termination Attempts: Min: 1, Avg: 1.0, Max: 1, Diff: 0, Sum: 4]
      [GC Worker Other (ms): Min: 0.0, Avg: 0.0, Max: 0.0, Diff: 0.0, Sum: 0.0]
      [GC Worker Total (ms): Min: 0.6, Avg: 0.6, Max: 0.7, Diff: 0.1, Sum: 2.4]
      [GC Worker End (ms): Min: 1017.2, Avg: 1017.2, Max: 1017.2, Diff: 0.0]
   [Code Root Fixup: 0.0 ms]
   [Code Root Purge: 0.0 ms]
   [Clear CT: 0.0 ms]
   [Other: 0.3 ms]
      [Choose CSet: 0.0 ms]
      [Ref Proc: 0.1 ms]
      [Ref Enq: 0.0 ms]
      [Redirty Cards: 0.0 ms]
      [Humongous Register: 0.1 ms]
      [Humongous Reclaim: 0.0 ms]
      [Free CSet: 0.0 ms]
   [Eden: 6144.0K(28.0M)->0.0B(27.0M) Survivors: 4096.0K->2048.0K Heap: 371.1M(512.0M)->366.6M(512.0M)]
 [Times: user=0.00 sys=0.00, real=0.01 secs] 
1.018: [GC concurrent-root-region-scan-start]
1.018: [GC concurrent-root-region-scan-end, 0.0000827 secs]
1.018: [GC concurrent-mark-start]
1.019: [GC concurrent-mark-end, 0.0016325 secs]
1.019: [GC remark 1.019: [Finalize Marking, 0.0001187 secs] 1.020: [GC ref-proc, 0.0000527 secs] 1.020: [Unloading, 0.0004854 secs], 0.0019833 secs]
 [Times: user=0.01 sys=0.00, real=0.00 secs] 
1.022: [GC cleanup 377M->377M(512M), 0.0007682 secs]
 [Times: user=0.00 sys=0.00, real=0.00 secs] 
1.026: [GC pause (G1 Evacuation Pause) (young), 0.0026339 secs]
   [Parallel Time: 2.2 ms, GC Workers: 4]
      [GC Worker Start (ms): Min: 1026.1, Avg: 1026.1, Max: 1026.2, Diff: 0.0]
      [Ext Root Scanning (ms): Min: 0.1, Avg: 0.1, Max: 0.2, Diff: 0.0, Sum: 0.6]
      [Update RS (ms): Min: 1.2, Avg: 1.2, Max: 1.2, Diff: 0.1, Sum: 4.8]
         [Processed Buffers: Min: 15, Avg: 15.5, Max: 16, Diff: 1, Sum: 62]
      [Scan RS (ms): Min: 0.0, Avg: 0.0, Max: 0.0, Diff: 0.0, Sum: 0.0]
      [Code Root Scanning (ms): Min: 0.0, Avg: 0.0, Max: 0.0, Diff: 0.0, Sum: 0.0]
      [Object Copy (ms): Min: 0.7, Avg: 0.7, Max: 0.7, Diff: 0.1, Sum: 2.8]
      [Termination (ms): Min: 0.0, Avg: 0.0, Max: 0.0, Diff: 0.0, Sum: 0.1]
         [Termination Attempts: Min: 1, Avg: 1.0, Max: 1, Diff: 0, Sum: 4]
      [GC Worker Other (ms): Min: 0.0, Avg: 0.0, Max: 0.0, Diff: 0.0, Sum: 0.1]
      [GC Worker Total (ms): Min: 2.1, Avg: 2.1, Max: 2.1, Diff: 0.1, Sum: 8.3]
      [GC Worker End (ms): Min: 1028.2, Avg: 1028.2, Max: 1028.2, Diff: 0.0]
   [Code Root Fixup: 0.0 ms]
   [Code Root Purge: 0.0 ms]
   [Clear CT: 0.1 ms]
   [Other: 0.4 ms]
      [Choose CSet: 0.0 ms]
      [Ref Proc: 0.1 ms]
      [Ref Enq: 0.0 ms]
      [Redirty Cards: 0.1 ms]
      [Humongous Register: 0.1 ms]
      [Humongous Reclaim: 0.0 ms]
      [Free CSet: 0.0 ms]
   [Eden: 27.0M(27.0M)->0.0B(21.0M) Survivors: 2048.0K->4096.0K Heap: 400.8M(512.0M)->377.7M(512.0M)]
 [Times: user=0.01 sys=0.00, real=0.01 secs] 
1.033: [GC pause (G1 Evacuation Pause) (mixed), 0.0051091 secs]
   [Parallel Time: 4.7 ms, GC Workers: 4]
      [GC Worker Start (ms): Min: 1033.3, Avg: 1033.3, Max: 1033.3, Diff: 0.0]
      [Ext Root Scanning (ms): Min: 0.1, Avg: 0.2, Max: 0.2, Diff: 0.1, Sum: 0.7]
      [Update RS (ms): Min: 0.7, Avg: 0.7, Max: 0.8, Diff: 0.1, Sum: 2.9]
         [Processed Buffers: Min: 9, Avg: 10.5, Max: 12, Diff: 3, Sum: 42]
      [Scan RS (ms): Min: 0.1, Avg: 0.1, Max: 0.1, Diff: 0.1, Sum: 0.4]
      [Code Root Scanning (ms): Min: 0.0, Avg: 0.0, Max: 0.0, Diff: 0.0, Sum: 0.0]
      [Object Copy (ms): Min: 3.0, Avg: 3.1, Max: 3.4, Diff: 0.5, Sum: 12.5]
      [Termination (ms): Min: 0.0, Avg: 0.5, Max: 0.7, Diff: 0.7, Sum: 1.9]
         [Termination Attempts: Min: 1, Avg: 1.2, Max: 2, Diff: 1, Sum: 5]
      [GC Worker Other (ms): Min: 0.0, Avg: 0.0, Max: 0.0, Diff: 0.0, Sum: 0.1]
      [GC Worker Total (ms): Min: 4.5, Avg: 4.6, Max: 4.7, Diff: 0.2, Sum: 18.5]
      [GC Worker End (ms): Min: 1037.8, Avg: 1037.9, Max: 1038.0, Diff: 0.2]
   [Code Root Fixup: 0.0 ms]
   [Code Root Purge: 0.0 ms]
   [Clear CT: 0.0 ms]
   [Other: 0.3 ms]
      [Choose CSet: 0.0 ms]
      [Ref Proc: 0.1 ms]
      [Ref Enq: 0.0 ms]
      [Redirty Cards: 0.1 ms]
      [Humongous Register: 0.1 ms]
      [Humongous Reclaim: 0.0 ms]
      [Free CSet: 0.0 ms]
   [Eden: 21.0M(21.0M)->0.0B(26.0M) Survivors: 4096.0K->4096.0K Heap: 403.3M(512.0M)->369.3M(512.0M)]
 [Times: user=0.01 sys=0.00, real=0.01 secs] 
1.040: [GC pause (G1 Humongous Allocation) (young) (initial-mark), 0.0011768 secs]
   [Parallel Time: 0.8 ms, GC Workers: 4]
      [GC Worker Start (ms): Min: 1039.8, Avg: 1039.8, Max: 1039.9, Diff: 0.1]
      [Ext Root Scanning (ms): Min: 0.1, Avg: 0.2, Max: 0.2, Diff: 0.1, Sum: 0.6]
      [Update RS (ms): Min: 0.2, Avg: 0.3, Max: 0.5, Diff: 0.3, Sum: 1.1]
         [Processed Buffers: Min: 1, Avg: 1.2, Max: 2, Diff: 1, Sum: 5]
      [Scan RS (ms): Min: 0.0, Avg: 0.0, Max: 0.0, Diff: 0.0, Sum: 0.0]
      [Code Root Scanning (ms): Min: 0.0, Avg: 0.0, Max: 0.0, Diff: 0.0, Sum: 0.0]
      [Object Copy (ms): Min: 0.0, Avg: 0.3, Max: 0.4, Diff: 0.3, Sum: 1.0]
      [Termination (ms): Min: 0.0, Avg: 0.1, Max: 0.1, Diff: 0.1, Sum: 0.3]
         [Termination Attempts: Min: 1, Avg: 1.0, Max: 1, Diff: 0, Sum: 4]
      [GC Worker Other (ms): Min: 0.0, Avg: 0.0, Max: 0.0, Diff: 0.0, Sum: 0.1]
      [GC Worker Total (ms): Min: 0.7, Avg: 0.8, Max: 0.8, Diff: 0.1, Sum: 3.1]
      [GC Worker End (ms): Min: 1040.6, Avg: 1040.6, Max: 1040.6, Diff: 0.1]
   [Code Root Fixup: 0.0 ms]
   [Code Root Purge: 0.0 ms]
   [Clear CT: 0.1 ms]
   [Other: 0.3 ms]
      [Choose CSet: 0.0 ms]
      [Ref Proc: 0.1 ms]
      [Ref Enq: 0.0 ms]
      [Redirty Cards: 0.1 ms]
      [Humongous Register: 0.0 ms]
      [Humongous Reclaim: 0.0 ms]
      [Free CSet: 0.0 ms]
   [Eden: 9216.0K(26.0M)->0.0B(28.0M) Survivors: 4096.0K->1024.0K Heap: 377.6M(512.0M)->369.1M(512.0M)]
 [Times: user=0.00 sys=0.00, real=0.00 secs] 
1.041: [GC concurrent-root-region-scan-start]
1.041: [GC concurrent-root-region-scan-end, 0.0000814 secs]
1.041: [GC concurrent-mark-start]
1.043: [GC concurrent-mark-end, 0.0016187 secs]
1.043: [GC remark 1.043: [Finalize Marking, 0.0001379 secs] 1.043: [GC ref-proc, 0.0000436 secs] 1.043: [Unloading, 0.0005050 secs], 0.0020462 secs]
 [Times: user=0.01 sys=0.00, real=0.00 secs] 
1.045: [GC cleanup 380M->380M(512M), 0.0005265 secs]
 [Times: user=0.00 sys=0.00, real=0.00 secs] 
1.050: [GC pause (G1 Evacuation Pause) (young), 0.0037471 secs]
   [Parallel Time: 3.4 ms, GC Workers: 4]
      [GC Worker Start (ms): Min: 1050.3, Avg: 1050.3, Max: 1050.3, Diff: 0.1]
      [Ext Root Scanning (ms): Min: 0.1, Avg: 0.1, Max: 0.2, Diff: 0.1, Sum: 0.6]
      [Update RS (ms): Min: 1.7, Avg: 1.7, Max: 1.8, Diff: 0.1, Sum: 7.0]
         [Processed Buffers: Min: 17, Avg: 21.8, Max: 25, Diff: 8, Sum: 87]
      [Scan RS (ms): Min: 0.0, Avg: 0.0, Max: 0.0, Diff: 0.0, Sum: 0.0]
      [Code Root Scanning (ms): Min: 0.0, Avg: 0.0, Max: 0.0, Diff: 0.0, Sum: 0.0]
      [Object Copy (ms): Min: 0.7, Avg: 0.9, Max: 1.4, Diff: 0.7, Sum: 3.5]
      [Termination (ms): Min: 0.0, Avg: 0.5, Max: 0.7, Diff: 0.7, Sum: 2.0]
         [Termination Attempts: Min: 1, Avg: 1.0, Max: 1, Diff: 0, Sum: 4]
      [GC Worker Other (ms): Min: 0.0, Avg: 0.0, Max: 0.0, Diff: 0.0, Sum: 0.0]
      [GC Worker Total (ms): Min: 3.2, Avg: 3.3, Max: 3.3, Diff: 0.1, Sum: 13.1]
      [GC Worker End (ms): Min: 1053.6, Avg: 1053.6, Max: 1053.6, Diff: 0.1]
   [Code Root Fixup: 0.0 ms]
   [Code Root Purge: 0.0 ms]
   [Clear CT: 0.1 ms]
   [Other: 0.3 ms]
      [Choose CSet: 0.0 ms]
      [Ref Proc: 0.1 ms]
      [Ref Enq: 0.0 ms]
      [Redirty Cards: 0.0 ms]
      [Humongous Register: 0.1 ms]
      [Humongous Reclaim: 0.0 ms]
      [Free CSet: 0.0 ms]
   [Eden: 28.0M(28.0M)->0.0B(21.0M) Survivors: 1024.0K->4096.0K Heap: 407.3M(512.0M)->380.9M(512.0M)]
 [Times: user=0.01 sys=0.00, real=0.00 secs] 
1.058: [GC pause (G1 Evacuation Pause) (mixed), 0.0054927 secs]
   [Parallel Time: 4.3 ms, GC Workers: 4]
      [GC Worker Start (ms): Min: 1058.3, Avg: 1058.3, Max: 1058.3, Diff: 0.1]
      [Ext Root Scanning (ms): Min: 0.1, Avg: 0.1, Max: 0.2, Diff: 0.1, Sum: 0.6]
      [Update RS (ms): Min: 0.8, Avg: 0.8, Max: 0.9, Diff: 0.0, Sum: 3.4]
         [Processed Buffers: Min: 10, Avg: 11.2, Max: 12, Diff: 2, Sum: 45]
      [Scan RS (ms): Min: 0.0, Avg: 0.1, Max: 0.1, Diff: 0.1, Sum: 0.2]
      [Code Root Scanning (ms): Min: 0.0, Avg: 0.0, Max: 0.0, Diff: 0.0, Sum: 0.0]
      [Object Copy (ms): Min: 3.0, Avg: 3.1, Max: 3.1, Diff: 0.1, Sum: 12.3]
      [Termination (ms): Min: 0.0, Avg: 0.1, Max: 0.1, Diff: 0.1, Sum: 0.2]
         [Termination Attempts: Min: 1, Avg: 1.0, Max: 1, Diff: 0, Sum: 4]
      [GC Worker Other (ms): Min: 0.0, Avg: 0.0, Max: 0.0, Diff: 0.0, Sum: 0.0]
      [GC Worker Total (ms): Min: 4.2, Avg: 4.2, Max: 4.2, Diff: 0.1, Sum: 16.8]
      [GC Worker End (ms): Min: 1062.5, Avg: 1062.5, Max: 1062.5, Diff: 0.0]
   [Code Root Fixup: 0.0 ms]
   [Code Root Purge: 0.0 ms]
   [Clear CT: 0.1 ms]
   [Other: 1.1 ms]
      [Choose CSet: 0.0 ms]
      [Ref Proc: 0.9 ms]
      [Ref Enq: 0.0 ms]
      [Redirty Cards: 0.1 ms]
      [Humongous Register: 0.1 ms]
      [Humongous Reclaim: 0.0 ms]
      [Free CSet: 0.0 ms]
   [Eden: 21.0M(21.0M)->0.0B(23.0M) Survivors: 4096.0K->4096.0K Heap: 406.9M(512.0M)->373.2M(512.0M)]
 [Times: user=0.02 sys=0.00, real=0.00 secs] 
1.064: [GC pause (G1 Humongous Allocation) (young) (initial-mark), 0.0010419 secs]
   [Parallel Time: 0.6 ms, GC Workers: 4]
      [GC Worker Start (ms): Min: 1064.3, Avg: 1064.3, Max: 1064.4, Diff: 0.1]
      [Ext Root Scanning (ms): Min: 0.1, Avg: 0.2, Max: 0.2, Diff: 0.1, Sum: 0.6]
      [Update RS (ms): Min: 0.1, Avg: 0.1, Max: 0.2, Diff: 0.1, Sum: 0.5]
         [Processed Buffers: Min: 1, Avg: 1.2, Max: 2, Diff: 1, Sum: 5]
      [Scan RS (ms): Min: 0.0, Avg: 0.0, Max: 0.0, Diff: 0.0, Sum: 0.0]
      [Code Root Scanning (ms): Min: 0.0, Avg: 0.0, Max: 0.0, Diff: 0.0, Sum: 0.0]
      [Object Copy (ms): Min: 0.2, Avg: 0.2, Max: 0.2, Diff: 0.0, Sum: 0.8]
      [Termination (ms): Min: 0.0, Avg: 0.0, Max: 0.1, Diff: 0.1, Sum: 0.1]
         [Termination Attempts: Min: 1, Avg: 1.0, Max: 1, Diff: 0, Sum: 4]
      [GC Worker Other (ms): Min: 0.0, Avg: 0.0, Max: 0.0, Diff: 0.0, Sum: 0.0]
      [GC Worker Total (ms): Min: 0.5, Avg: 0.5, Max: 0.6, Diff: 0.1, Sum: 2.2]
      [GC Worker End (ms): Min: 1064.9, Avg: 1064.9, Max: 1064.9, Diff: 0.0]
   [Code Root Fixup: 0.0 ms]
   [Code Root Purge: 0.0 ms]
   [Clear CT: 0.0 ms]
   [Other: 0.4 ms]
      [Choose CSet: 0.0 ms]
      [Ref Proc: 0.1 ms]
      [Ref Enq: 0.0 ms]
      [Redirty Cards: 0.1 ms]
      [Humongous Register: 0.1 ms]
      [Humongous Reclaim: 0.0 ms]
      [Free CSet: 0.0 ms]
   [Eden: 2048.0K(23.0M)->0.0B(24.0M) Survivors: 4096.0K->1024.0K Heap: 374.9M(512.0M)->373.5M(512.0M)]
 [Times: user=0.00 sys=0.01, real=0.00 secs] 
1.065: [GC concurrent-root-region-scan-start]
1.066: [GC concurrent-root-region-scan-end, 0.0001438 secs]
1.066: [GC concurrent-mark-start]
1.067: [GC concurrent-mark-end, 0.0016641 secs]
1.067: [GC remark 1.067: [Finalize Marking, 0.0001290 secs] 1.067: [GC ref-proc, 0.0000243 secs] 1.068: [Unloading, 0.0005004 secs], 0.0020433 secs]
 [Times: user=0.01 sys=0.00, real=0.00 secs] 
1.069: [GC cleanup 384M->384M(512M), 0.0005151 secs]
 [Times: user=0.00 sys=0.00, real=0.00 secs] 
1.073: [GC pause (G1 Evacuation Pause) (young), 0.0023212 secs]
   [Parallel Time: 2.0 ms, GC Workers: 4]
      [GC Worker Start (ms): Min: 1073.4, Avg: 1073.4, Max: 1073.4, Diff: 0.1]
      [Ext Root Scanning (ms): Min: 0.1, Avg: 0.1, Max: 0.2, Diff: 0.1, Sum: 0.6]
      [Update RS (ms): Min: 1.2, Avg: 1.3, Max: 1.3, Diff: 0.0, Sum: 5.0]
         [Processed Buffers: Min: 16, Avg: 16.8, Max: 18, Diff: 2, Sum: 67]
      [Scan RS (ms): Min: 0.0, Avg: 0.0, Max: 0.0, Diff: 0.0, Sum: 0.0]
      [Code Root Scanning (ms): Min: 0.0, Avg: 0.0, Max: 0.0, Diff: 0.0, Sum: 0.0]
      [Object Copy (ms): Min: 0.4, Avg: 0.4, Max: 0.5, Diff: 0.1, Sum: 1.7]
      [Termination (ms): Min: 0.0, Avg: 0.0, Max: 0.1, Diff: 0.1, Sum: 0.1]
         [Termination Attempts: Min: 1, Avg: 1.0, Max: 1, Diff: 0, Sum: 4]
      [GC Worker Other (ms): Min: 0.0, Avg: 0.0, Max: 0.0, Diff: 0.0, Sum: 0.0]
      [GC Worker Total (ms): Min: 1.9, Avg: 1.9, Max: 1.9, Diff: 0.1, Sum: 7.5]
      [GC Worker End (ms): Min: 1075.3, Avg: 1075.3, Max: 1075.3, Diff: 0.0]
   [Code Root Fixup: 0.0 ms]
   [Code Root Purge: 0.0 ms]
   [Clear CT: 0.1 ms]
   [Other: 0.3 ms]
      [Choose CSet: 0.0 ms]
      [Ref Proc: 0.1 ms]
      [Ref Enq: 0.0 ms]
      [Redirty Cards: 0.0 ms]
      [Humongous Register: 0.1 ms]
      [Humongous Reclaim: 0.0 ms]
      [Free CSet: 0.0 ms]
   [Eden: 24.0M(24.0M)->0.0B(21.0M) Survivors: 1024.0K->4096.0K Heap: 405.1M(512.0M)->381.8M(512.0M)]
 [Times: user=0.00 sys=0.00, real=0.00 secs] 
1.079: [GC pause (G1 Evacuation Pause) (mixed), 0.0042806 secs]
   [Parallel Time: 3.9 ms, GC Workers: 4]
      [GC Worker Start (ms): Min: 1079.5, Avg: 1079.6, Max: 1079.6, Diff: 0.0]
      [Ext Root Scanning (ms): Min: 0.1, Avg: 0.1, Max: 0.1, Diff: 0.0, Sum: 0.5]
      [Update RS (ms): Min: 0.6, Avg: 0.6, Max: 0.7, Diff: 0.0, Sum: 2.6]
         [Processed Buffers: Min: 8, Avg: 8.8, Max: 9, Diff: 1, Sum: 35]
      [Scan RS (ms): Min: 0.0, Avg: 0.1, Max: 0.1, Diff: 0.0, Sum: 0.2]
      [Code Root Scanning (ms): Min: 0.0, Avg: 0.0, Max: 0.0, Diff: 0.0, Sum: 0.0]
      [Object Copy (ms): Min: 3.0, Avg: 3.0, Max: 3.0, Diff: 0.0, Sum: 11.9]
      [Termination (ms): Min: 0.0, Avg: 0.0, Max: 0.1, Diff: 0.1, Sum: 0.1]
         [Termination Attempts: Min: 1, Avg: 1.0, Max: 1, Diff: 0, Sum: 4]
      [GC Worker Other (ms): Min: 0.0, Avg: 0.0, Max: 0.0, Diff: 0.0, Sum: 0.0]
      [GC Worker Total (ms): Min: 3.8, Avg: 3.8, Max: 3.9, Diff: 0.1, Sum: 15.4]
      [GC Worker End (ms): Min: 1083.4, Avg: 1083.4, Max: 1083.4, Diff: 0.0]
   [Code Root Fixup: 0.0 ms]
   [Code Root Purge: 0.0 ms]
   [Clear CT: 0.0 ms]
   [Other: 0.3 ms]
      [Choose CSet: 0.0 ms]
      [Ref Proc: 0.1 ms]
      [Ref Enq: 0.0 ms]
      [Redirty Cards: 0.0 ms]
      [Humongous Register: 0.1 ms]
      [Humongous Reclaim: 0.0 ms]
      [Free CSet: 0.1 ms]
   [Eden: 21.0M(21.0M)->0.0B(24.0M) Survivors: 4096.0K->4096.0K Heap: 406.5M(512.0M)->370.1M(512.0M)]
 [Times: user=0.01 sys=0.00, real=0.00 secs] 
1.084: [GC pause (G1 Humongous Allocation) (young) (initial-mark), 0.0008731 secs]
   [Parallel Time: 0.6 ms, GC Workers: 4]
      [GC Worker Start (ms): Min: 1084.1, Avg: 1084.1, Max: 1084.1, Diff: 0.0]
      [Ext Root Scanning (ms): Min: 0.1, Avg: 0.1, Max: 0.2, Diff: 0.0, Sum: 0.5]
      [Update RS (ms): Min: 0.1, Avg: 0.1, Max: 0.2, Diff: 0.1, Sum: 0.6]
         [Processed Buffers: Min: 1, Avg: 1.2, Max: 2, Diff: 1, Sum: 5]
      [Scan RS (ms): Min: 0.0, Avg: 0.0, Max: 0.0, Diff: 0.0, Sum: 0.0]
      [Code Root Scanning (ms): Min: 0.0, Avg: 0.0, Max: 0.0, Diff: 0.0, Sum: 0.0]
      [Object Copy (ms): Min: 0.1, Avg: 0.2, Max: 0.3, Diff: 0.1, Sum: 0.9]
      [Termination (ms): Min: 0.0, Avg: 0.0, Max: 0.0, Diff: 0.0, Sum: 0.0]
         [Termination Attempts: Min: 1, Avg: 1.0, Max: 1, Diff: 0, Sum: 4]
      [GC Worker Other (ms): Min: 0.0, Avg: 0.0, Max: 0.0, Diff: 0.0, Sum: 0.0]
      [GC Worker Total (ms): Min: 0.5, Avg: 0.5, Max: 0.5, Diff: 0.0, Sum: 2.1]
      [GC Worker End (ms): Min: 1084.6, Avg: 1084.6, Max: 1084.6, Diff: 0.0]
   [Code Root Fixup: 0.0 ms]
   [Code Root Purge: 0.0 ms]
   [Clear CT: 0.0 ms]
   [Other: 0.3 ms]
      [Choose CSet: 0.0 ms]
      [Ref Proc: 0.1 ms]
      [Ref Enq: 0.0 ms]
      [Redirty Cards: 0.0 ms]
      [Humongous Register: 0.1 ms]
      [Humongous Reclaim: 0.0 ms]
      [Free CSet: 0.0 ms]
   [Eden: 1024.0K(24.0M)->0.0B(24.0M) Survivors: 4096.0K->1024.0K Heap: 370.8M(512.0M)->370.3M(512.0M)]
 [Times: user=0.01 sys=0.00, real=0.00 secs] 
1.085: [GC concurrent-root-region-scan-start]
1.085: [GC concurrent-root-region-scan-end, 0.0000819 secs]
1.085: [GC concurrent-mark-start]
1.087: [GC concurrent-mark-end, 0.0016096 secs]
1.087: [GC remark 1.087: [Finalize Marking, 0.0001015 secs] 1.087: [GC ref-proc, 0.0000264 secs] 1.087: [Unloading, 0.0004867 secs], 0.0019971 secs]
 [Times: user=0.01 sys=0.00, real=0.01 secs] 
1.089: [GC cleanup 381M->381M(512M), 0.0004842 secs]
 [Times: user=0.00 sys=0.00, real=0.00 secs] 
Heap
 garbage-first heap   total 524288K, used 400772K [0x00000007a0000000, 0x00000007a0101000, 0x00000007c0000000)
  region size 1024K, 19 young (19456K), 1 survivors (1024K)
 Metaspace       used 2695K, capacity 4486K, committed 4864K, reserved 1056768K
  class space    used 295K, capacity 386K, committed 512K, reserved 1048576K
